[0.092s] Invoking command in '/home/ibrahim/BinPicking/build/moveit_config': CMAKE_PREFIX_PATH=${CMAKE_PREFIX_PATH}:/home/ibrahim/RobotArm/install/main_arm_package:/home/ibrahim/RobotArm/install/action_interfaces:/opt/ros/humble /usr/bin/cmake /home/ibrahim/BinPicking/src/moveit_config -DCMAKE_INSTALL_PREFIX=/home/ibrahim/BinPicking/install/moveit_config
[0.539s] -- The C compiler identification is GNU 11.4.0
[1.262s] -- The CXX compiler identification is GNU 11.4.0
[1.629s] -- Detecting C compiler ABI info
[1.887s] -- Detecting C compiler ABI info - done
[1.894s] -- Check for working C compiler: /usr/bin/cc - skipped
[1.895s] -- Detecting C compile features
[1.896s] -- Detecting C compile features - done
[1.900s] -- Detecting CXX compiler ABI info
[2.136s] -- Detecting CXX compiler ABI info - done
[2.144s] -- Check for working CXX compiler: /usr/bin/c++ - skipped
[2.144s] -- Detecting CXX compile features
[2.144s] -- Detecting CXX compile features - done
[2.167s] -- Found ament_cmake: 1.3.14 (/opt/ros/humble/share/ament_cmake/cmake)
[2.349s] -- Found Python3: /usr/bin/python3 (found version "3.10.12") found components: Interpreter 
[2.563s] -- Configuring done
[2.578s] -- Generating done
[2.584s] -- Build files have been written to: /home/ibrahim/BinPicking/build/moveit_config
[2.591s] Invoked command in '/home/ibrahim/BinPicking/build/moveit_config' returned '0': CMAKE_PREFIX_PATH=${CMAKE_PREFIX_PATH}:/home/ibrahim/RobotArm/install/main_arm_package:/home/ibrahim/RobotArm/install/action_interfaces:/opt/ros/humble /usr/bin/cmake /home/ibrahim/BinPicking/src/moveit_config -DCMAKE_INSTALL_PREFIX=/home/ibrahim/BinPicking/install/moveit_config
[2.593s] Invoking command in '/home/ibrahim/BinPicking/build/moveit_config': CMAKE_PREFIX_PATH=${CMAKE_PREFIX_PATH}:/home/ibrahim/RobotArm/install/main_arm_package:/home/ibrahim/RobotArm/install/action_interfaces:/opt/ros/humble /usr/bin/cmake --build /home/ibrahim/BinPicking/build/moveit_config -- -j16 -l16
[2.640s] Invoked command in '/home/ibrahim/BinPicking/build/moveit_config' returned '0': CMAKE_PREFIX_PATH=${CMAKE_PREFIX_PATH}:/home/ibrahim/RobotArm/install/main_arm_package:/home/ibrahim/RobotArm/install/action_interfaces:/opt/ros/humble /usr/bin/cmake --build /home/ibrahim/BinPicking/build/moveit_config -- -j16 -l16
[2.643s] Invoking command in '/home/ibrahim/BinPicking/build/moveit_config': CMAKE_PREFIX_PATH=${CMAKE_PREFIX_PATH}:/home/ibrahim/RobotArm/install/main_arm_package:/home/ibrahim/RobotArm/install/action_interfaces:/opt/ros/humble /usr/bin/cmake --install /home/ibrahim/BinPicking/build/moveit_config
[2.654s] -- Install configuration: ""
[2.657s] -- Installing: /home/ibrahim/BinPicking/install/moveit_config/share/ament_index/resource_index/package_run_dependencies/moveit_config
[2.658s] -- Installing: /home/ibrahim/BinPicking/install/moveit_config/share/ament_index/resource_index/parent_prefix_path/moveit_config
[2.659s] -- Installing: /home/ibrahim/BinPicking/install/moveit_config/share/moveit_config/environment/ament_prefix_path.sh
[2.659s] -- Installing: /home/ibrahim/BinPicking/install/moveit_config/share/moveit_config/environment/ament_prefix_path.dsv
[2.660s] -- Installing: /home/ibrahim/BinPicking/install/moveit_config/share/moveit_config/environment/path.sh
[2.660s] -- Installing: /home/ibrahim/BinPicking/install/moveit_config/share/moveit_config/environment/path.dsv
[2.660s] -- Installing: /home/ibrahim/BinPicking/install/moveit_config/share/moveit_config/local_setup.bash
[2.661s] -- Installing: /home/ibrahim/BinPicking/install/moveit_config/share/moveit_config/local_setup.sh
[2.661s] -- Installing: /home/ibrahim/BinPicking/install/moveit_config/share/moveit_config/local_setup.zsh
[2.662s] -- Installing: /home/ibrahim/BinPicking/install/moveit_config/share/moveit_config/local_setup.dsv
[2.662s] -- Installing: /home/ibrahim/BinPicking/install/moveit_config/share/moveit_config/package.dsv
[2.663s] -- Installing: /home/ibrahim/BinPicking/install/moveit_config/share/ament_index/resource_index/packages/moveit_config
[2.664s] -- Installing: /home/ibrahim/BinPicking/install/moveit_config/share/moveit_config/cmake/moveit_configConfig.cmake
[2.665s] -- Installing: /home/ibrahim/BinPicking/install/moveit_config/share/moveit_config/cmake/moveit_configConfig-version.cmake
[2.665s] -- Installing: /home/ibrahim/BinPicking/install/moveit_config/share/moveit_config/package.xml
[2.666s] -- Installing: /home/ibrahim/BinPicking/install/moveit_config/share/moveit_config/launch
[2.666s] -- Installing: /home/ibrahim/BinPicking/install/moveit_config/share/moveit_config/launch/move_group.launch.py
[2.667s] -- Installing: /home/ibrahim/BinPicking/install/moveit_config/share/moveit_config/launch/static_virtual_joint_tfs.launch.py
[2.667s] -- Installing: /home/ibrahim/BinPicking/install/moveit_config/share/moveit_config/launch/spawn_controllers.launch.py
[2.667s] -- Installing: /home/ibrahim/BinPicking/install/moveit_config/share/moveit_config/launch/rsp.launch.py
[2.667s] -- Installing: /home/ibrahim/BinPicking/install/moveit_config/share/moveit_config/launch/moveit_rviz.launch.py
[2.668s] -- Installing: /home/ibrahim/BinPicking/install/moveit_config/share/moveit_config/launch/warehouse_db.launch.py
[2.668s] -- Installing: /home/ibrahim/BinPicking/install/moveit_config/share/moveit_config/launch/demo.launch.py
[2.668s] -- Installing: /home/ibrahim/BinPicking/install/moveit_config/share/moveit_config/launch/setup_assistant.launch.py
[2.669s] -- Installing: /home/ibrahim/BinPicking/install/moveit_config/share/moveit_config/config
[2.669s] -- Installing: /home/ibrahim/BinPicking/install/moveit_config/share/moveit_config/config/initial_positions.yaml
[2.670s] -- Installing: /home/ibrahim/BinPicking/install/moveit_config/share/moveit_config/config/robot_arm.ros2_control.xacro
[2.670s] -- Installing: /home/ibrahim/BinPicking/install/moveit_config/share/moveit_config/config/kinematics.yaml
[2.670s] -- Installing: /home/ibrahim/BinPicking/install/moveit_config/share/moveit_config/config/robot_arm.urdf.xacro
[2.670s] -- Installing: /home/ibrahim/BinPicking/install/moveit_config/share/moveit_config/config/moveit_controllers.yaml
[2.671s] -- Installing: /home/ibrahim/BinPicking/install/moveit_config/share/moveit_config/config/moveit.rviz
[2.671s] -- Installing: /home/ibrahim/BinPicking/install/moveit_config/share/moveit_config/config/pilz_cartesian_limits.yaml
[2.671s] -- Installing: /home/ibrahim/BinPicking/install/moveit_config/share/moveit_config/config/joint_limits.yaml
[2.671s] -- Installing: /home/ibrahim/BinPicking/install/moveit_config/share/moveit_config/config/ros2_controllers.yaml
[2.672s] -- Installing: /home/ibrahim/BinPicking/install/moveit_config/share/moveit_config/config/robot_arm.srdf
[2.672s] -- Installing: /home/ibrahim/BinPicking/install/moveit_config/share/moveit_config/.setup_assistant
[2.675s] Invoked command in '/home/ibrahim/BinPicking/build/moveit_config' returned '0': CMAKE_PREFIX_PATH=${CMAKE_PREFIX_PATH}:/home/ibrahim/RobotArm/install/main_arm_package:/home/ibrahim/RobotArm/install/action_interfaces:/opt/ros/humble /usr/bin/cmake --install /home/ibrahim/BinPicking/build/moveit_config
