[0.537s] DEBUG:colcon:Command line arguments: ['/usr/bin/colcon', 'build']
[0.537s] DEBUG:colcon:Parsed command line arguments: Namespace(log_base=None, log_level=None, verb_name='build', build_base='build', install_base='install', merge_install=False, symlink_install=False, test_result_base=None, continue_on_error=False, executor='parallel', parallel_workers=16, event_handlers=None, ignore_user_meta=False, metas=['./colcon.meta'], base_paths=['.'], packages_ignore=None, packages_ignore_regex=None, paths=None, packages_up_to=None, packages_up_to_regex=None, packages_above=None, packages_above_and_dependencies=None, packages_above_depth=None, packages_select_by_dep=None, packages_skip_by_dep=None, packages_skip_up_to=None, packages_select_build_failed=False, packages_skip_build_finished=False, packages_select_test_failures=False, packages_skip_test_passed=False, packages_select=None, packages_skip=None, packages_select_regex=None, packages_skip_regex=None, packages_start=None, packages_end=None, allow_overriding=[], cmake_args=None, cmake_target=None, cmake_target_skip_unavailable=False, cmake_clean_cache=False, cmake_clean_first=False, cmake_force_configure=False, ament_cmake_args=None, catkin_cmake_args=None, catkin_skip_building_tests=False, verb_parser=<colcon_defaults.argument_parser.defaults.DefaultArgumentsDecorator object at 0x7ce09cd31420>, verb_extension=<colcon_core.verb.build.BuildVerb object at 0x7ce09cd30e50>, main=<bound method BuildVerb.main of <colcon_core.verb.build.BuildVerb object at 0x7ce09cd30e50>>)
[0.778s] Level 1:colcon.colcon_core.package_discovery:discover_packages(colcon_meta) check parameters
[0.778s] Level 1:colcon.colcon_core.package_discovery:discover_packages(recursive) check parameters
[0.778s] Level 1:colcon.colcon_core.package_discovery:discover_packages(ignore) check parameters
[0.778s] Level 1:colcon.colcon_core.package_discovery:discover_packages(path) check parameters
[0.778s] Level 1:colcon.colcon_core.package_discovery:discover_packages(colcon_meta) discover
[0.778s] Level 1:colcon.colcon_core.package_discovery:discover_packages(recursive) discover
[0.778s] INFO:colcon.colcon_core.package_discovery:Crawling recursively for packages in '/home/ibrahim/BinPicking'
[0.778s] Level 1:colcon.colcon_core.package_identification:_identify(.) by extensions ['ignore', 'ignore_ament_install']
[0.778s] Level 1:colcon.colcon_core.package_identification:_identify(.) by extension 'ignore'
[0.779s] Level 1:colcon.colcon_core.package_identification:_identify(.) by extension 'ignore_ament_install'
[0.779s] Level 1:colcon.colcon_core.package_identification:_identify(.) by extensions ['colcon_pkg']
[0.779s] Level 1:colcon.colcon_core.package_identification:_identify(.) by extension 'colcon_pkg'
[0.779s] Level 1:colcon.colcon_core.package_identification:_identify(.) by extensions ['colcon_meta']
[0.779s] Level 1:colcon.colcon_core.package_identification:_identify(.) by extension 'colcon_meta'
[0.779s] Level 1:colcon.colcon_core.package_identification:_identify(.) by extensions ['ros']
[0.779s] Level 1:colcon.colcon_core.package_identification:_identify(.) by extension 'ros'
[0.788s] Level 1:colcon.colcon_core.package_identification:_identify(.) by extensions ['cmake', 'python']
[0.788s] Level 1:colcon.colcon_core.package_identification:_identify(.) by extension 'cmake'
[0.788s] Level 1:colcon.colcon_core.package_identification:_identify(.) by extension 'python'
[0.789s] Level 1:colcon.colcon_core.package_identification:_identify(.) by extensions ['python_setup_py']
[0.789s] Level 1:colcon.colcon_core.package_identification:_identify(.) by extension 'python_setup_py'
[0.789s] Level 1:colcon.colcon_core.package_identification:_identify(build) by extensions ['ignore', 'ignore_ament_install']
[0.789s] Level 1:colcon.colcon_core.package_identification:_identify(build) by extension 'ignore'
[0.789s] Level 1:colcon.colcon_core.package_identification:_identify(build) ignored
[0.789s] Level 1:colcon.colcon_core.package_identification:_identify(install) by extensions ['ignore', 'ignore_ament_install']
[0.789s] Level 1:colcon.colcon_core.package_identification:_identify(install) by extension 'ignore'
[0.789s] Level 1:colcon.colcon_core.package_identification:_identify(install) ignored
[0.789s] Level 1:colcon.colcon_core.package_identification:_identify(log) by extensions ['ignore', 'ignore_ament_install']
[0.789s] Level 1:colcon.colcon_core.package_identification:_identify(log) by extension 'ignore'
[0.789s] Level 1:colcon.colcon_core.package_identification:_identify(log) ignored
[0.789s] Level 1:colcon.colcon_core.package_identification:_identify(src) by extensions ['ignore', 'ignore_ament_install']
[0.789s] Level 1:colcon.colcon_core.package_identification:_identify(src) by extension 'ignore'
[0.790s] Level 1:colcon.colcon_core.package_identification:_identify(src) by extension 'ignore_ament_install'
[0.790s] Level 1:colcon.colcon_core.package_identification:_identify(src) by extensions ['colcon_pkg']
[0.790s] Level 1:colcon.colcon_core.package_identification:_identify(src) by extension 'colcon_pkg'
[0.790s] Level 1:colcon.colcon_core.package_identification:_identify(src) by extensions ['colcon_meta']
[0.790s] Level 1:colcon.colcon_core.package_identification:_identify(src) by extension 'colcon_meta'
[0.790s] Level 1:colcon.colcon_core.package_identification:_identify(src) by extensions ['ros']
[0.790s] Level 1:colcon.colcon_core.package_identification:_identify(src) by extension 'ros'
[0.790s] Level 1:colcon.colcon_core.package_identification:_identify(src) by extensions ['cmake', 'python']
[0.790s] Level 1:colcon.colcon_core.package_identification:_identify(src) by extension 'cmake'
[0.790s] Level 1:colcon.colcon_core.package_identification:_identify(src) by extension 'python'
[0.790s] Level 1:colcon.colcon_core.package_identification:_identify(src) by extensions ['python_setup_py']
[0.790s] Level 1:colcon.colcon_core.package_identification:_identify(src) by extension 'python_setup_py'
[0.790s] Level 1:colcon.colcon_core.package_identification:_identify(src/IFRA_LinkAttacher) by extensions ['ignore', 'ignore_ament_install']
[0.790s] Level 1:colcon.colcon_core.package_identification:_identify(src/IFRA_LinkAttacher) by extension 'ignore'
[0.790s] Level 1:colcon.colcon_core.package_identification:_identify(src/IFRA_LinkAttacher) by extension 'ignore_ament_install'
[0.790s] Level 1:colcon.colcon_core.package_identification:_identify(src/IFRA_LinkAttacher) by extensions ['colcon_pkg']
[0.790s] Level 1:colcon.colcon_core.package_identification:_identify(src/IFRA_LinkAttacher) by extension 'colcon_pkg'
[0.790s] Level 1:colcon.colcon_core.package_identification:_identify(src/IFRA_LinkAttacher) by extensions ['colcon_meta']
[0.790s] Level 1:colcon.colcon_core.package_identification:_identify(src/IFRA_LinkAttacher) by extension 'colcon_meta'
[0.790s] Level 1:colcon.colcon_core.package_identification:_identify(src/IFRA_LinkAttacher) by extensions ['ros']
[0.790s] Level 1:colcon.colcon_core.package_identification:_identify(src/IFRA_LinkAttacher) by extension 'ros'
[0.791s] Level 1:colcon.colcon_core.package_identification:_identify(src/IFRA_LinkAttacher) by extensions ['cmake', 'python']
[0.791s] Level 1:colcon.colcon_core.package_identification:_identify(src/IFRA_LinkAttacher) by extension 'cmake'
[0.791s] Level 1:colcon.colcon_core.package_identification:_identify(src/IFRA_LinkAttacher) by extension 'python'
[0.791s] Level 1:colcon.colcon_core.package_identification:_identify(src/IFRA_LinkAttacher) by extensions ['python_setup_py']
[0.791s] Level 1:colcon.colcon_core.package_identification:_identify(src/IFRA_LinkAttacher) by extension 'python_setup_py'
[0.791s] Level 1:colcon.colcon_core.package_identification:_identify(src/IFRA_LinkAttacher/linkattacher_msgs) by extensions ['ignore', 'ignore_ament_install']
[0.791s] Level 1:colcon.colcon_core.package_identification:_identify(src/IFRA_LinkAttacher/linkattacher_msgs) by extension 'ignore'
[0.791s] Level 1:colcon.colcon_core.package_identification:_identify(src/IFRA_LinkAttacher/linkattacher_msgs) by extension 'ignore_ament_install'
[0.791s] Level 1:colcon.colcon_core.package_identification:_identify(src/IFRA_LinkAttacher/linkattacher_msgs) by extensions ['colcon_pkg']
[0.791s] Level 1:colcon.colcon_core.package_identification:_identify(src/IFRA_LinkAttacher/linkattacher_msgs) by extension 'colcon_pkg'
[0.791s] Level 1:colcon.colcon_core.package_identification:_identify(src/IFRA_LinkAttacher/linkattacher_msgs) by extensions ['colcon_meta']
[0.791s] Level 1:colcon.colcon_core.package_identification:_identify(src/IFRA_LinkAttacher/linkattacher_msgs) by extension 'colcon_meta'
[0.791s] Level 1:colcon.colcon_core.package_identification:_identify(src/IFRA_LinkAttacher/linkattacher_msgs) by extensions ['ros']
[0.791s] Level 1:colcon.colcon_core.package_identification:_identify(src/IFRA_LinkAttacher/linkattacher_msgs) by extension 'ros'
[0.793s] DEBUG:colcon.colcon_core.package_identification:Package 'src/IFRA_LinkAttacher/linkattacher_msgs' with type 'ros.ament_cmake' and name 'linkattacher_msgs'
[0.793s] Level 1:colcon.colcon_core.package_identification:_identify(src/IFRA_LinkAttacher/ros2_LinkAttacher) by extensions ['ignore', 'ignore_ament_install']
[0.793s] Level 1:colcon.colcon_core.package_identification:_identify(src/IFRA_LinkAttacher/ros2_LinkAttacher) by extension 'ignore'
[0.793s] Level 1:colcon.colcon_core.package_identification:_identify(src/IFRA_LinkAttacher/ros2_LinkAttacher) by extension 'ignore_ament_install'
[0.793s] Level 1:colcon.colcon_core.package_identification:_identify(src/IFRA_LinkAttacher/ros2_LinkAttacher) by extensions ['colcon_pkg']
[0.793s] Level 1:colcon.colcon_core.package_identification:_identify(src/IFRA_LinkAttacher/ros2_LinkAttacher) by extension 'colcon_pkg'
[0.793s] Level 1:colcon.colcon_core.package_identification:_identify(src/IFRA_LinkAttacher/ros2_LinkAttacher) by extensions ['colcon_meta']
[0.793s] Level 1:colcon.colcon_core.package_identification:_identify(src/IFRA_LinkAttacher/ros2_LinkAttacher) by extension 'colcon_meta'
[0.793s] Level 1:colcon.colcon_core.package_identification:_identify(src/IFRA_LinkAttacher/ros2_LinkAttacher) by extensions ['ros']
[0.793s] Level 1:colcon.colcon_core.package_identification:_identify(src/IFRA_LinkAttacher/ros2_LinkAttacher) by extension 'ros'
[0.794s] DEBUG:colcon.colcon_core.package_identification:Package 'src/IFRA_LinkAttacher/ros2_LinkAttacher' with type 'ros.ament_cmake' and name 'ros2_linkattacher'
[0.794s] Level 1:colcon.colcon_core.package_identification:_identify(src/bin_interfaces) by extensions ['ignore', 'ignore_ament_install']
[0.794s] Level 1:colcon.colcon_core.package_identification:_identify(src/bin_interfaces) by extension 'ignore'
[0.794s] Level 1:colcon.colcon_core.package_identification:_identify(src/bin_interfaces) by extension 'ignore_ament_install'
[0.794s] Level 1:colcon.colcon_core.package_identification:_identify(src/bin_interfaces) by extensions ['colcon_pkg']
[0.794s] Level 1:colcon.colcon_core.package_identification:_identify(src/bin_interfaces) by extension 'colcon_pkg'
[0.794s] Level 1:colcon.colcon_core.package_identification:_identify(src/bin_interfaces) by extensions ['colcon_meta']
[0.794s] Level 1:colcon.colcon_core.package_identification:_identify(src/bin_interfaces) by extension 'colcon_meta'
[0.794s] Level 1:colcon.colcon_core.package_identification:_identify(src/bin_interfaces) by extensions ['ros']
[0.794s] Level 1:colcon.colcon_core.package_identification:_identify(src/bin_interfaces) by extension 'ros'
[0.798s] DEBUG:colcon.colcon_core.package_identification:Package 'src/bin_interfaces' with type 'ros.ament_cmake' and name 'bin_interfaces'
[0.798s] Level 1:colcon.colcon_core.package_identification:_identify(src/bin_nodes) by extensions ['ignore', 'ignore_ament_install']
[0.798s] Level 1:colcon.colcon_core.package_identification:_identify(src/bin_nodes) by extension 'ignore'
[0.798s] Level 1:colcon.colcon_core.package_identification:_identify(src/bin_nodes) by extension 'ignore_ament_install'
[0.798s] Level 1:colcon.colcon_core.package_identification:_identify(src/bin_nodes) by extensions ['colcon_pkg']
[0.798s] Level 1:colcon.colcon_core.package_identification:_identify(src/bin_nodes) by extension 'colcon_pkg'
[0.798s] Level 1:colcon.colcon_core.package_identification:_identify(src/bin_nodes) by extensions ['colcon_meta']
[0.799s] Level 1:colcon.colcon_core.package_identification:_identify(src/bin_nodes) by extension 'colcon_meta'
[0.799s] Level 1:colcon.colcon_core.package_identification:_identify(src/bin_nodes) by extensions ['ros']
[0.799s] Level 1:colcon.colcon_core.package_identification:_identify(src/bin_nodes) by extension 'ros'
[0.805s] DEBUG:colcon.colcon_core.package_identification:Package 'src/bin_nodes' with type 'ros.ament_cmake' and name 'bin_nodes'
[0.805s] Level 1:colcon.colcon_core.package_identification:_identify(src/build) by extensions ['ignore', 'ignore_ament_install']
[0.805s] Level 1:colcon.colcon_core.package_identification:_identify(src/build) by extension 'ignore'
[0.805s] Level 1:colcon.colcon_core.package_identification:_identify(src/build) ignored
[0.805s] Level 1:colcon.colcon_core.package_identification:_identify(src/install) by extensions ['ignore', 'ignore_ament_install']
[0.805s] Level 1:colcon.colcon_core.package_identification:_identify(src/install) by extension 'ignore'
[0.805s] Level 1:colcon.colcon_core.package_identification:_identify(src/install) ignored
[0.805s] Level 1:colcon.colcon_core.package_identification:_identify(src/log) by extensions ['ignore', 'ignore_ament_install']
[0.805s] Level 1:colcon.colcon_core.package_identification:_identify(src/log) by extension 'ignore'
[0.805s] Level 1:colcon.colcon_core.package_identification:_identify(src/log) ignored
[0.805s] Level 1:colcon.colcon_core.package_identification:_identify(src/moveit_config) by extensions ['ignore', 'ignore_ament_install']
[0.806s] Level 1:colcon.colcon_core.package_identification:_identify(src/moveit_config) by extension 'ignore'
[0.806s] Level 1:colcon.colcon_core.package_identification:_identify(src/moveit_config) by extension 'ignore_ament_install'
[0.806s] Level 1:colcon.colcon_core.package_identification:_identify(src/moveit_config) by extensions ['colcon_pkg']
[0.806s] Level 1:colcon.colcon_core.package_identification:_identify(src/moveit_config) by extension 'colcon_pkg'
[0.806s] Level 1:colcon.colcon_core.package_identification:_identify(src/moveit_config) by extensions ['colcon_meta']
[0.806s] Level 1:colcon.colcon_core.package_identification:_identify(src/moveit_config) by extension 'colcon_meta'
[0.806s] Level 1:colcon.colcon_core.package_identification:_identify(src/moveit_config) by extensions ['ros']
[0.806s] Level 1:colcon.colcon_core.package_identification:_identify(src/moveit_config) by extension 'ros'
[0.807s] DEBUG:colcon.colcon_core.package_identification:Package 'src/moveit_config' with type 'ros.ament_cmake' and name 'moveit_config'
[0.807s] Level 1:colcon.colcon_core.package_discovery:discover_packages(recursive) using defaults
[0.807s] Level 1:colcon.colcon_core.package_discovery:discover_packages(ignore) discover
[0.807s] Level 1:colcon.colcon_core.package_discovery:discover_packages(ignore) using defaults
[0.807s] Level 1:colcon.colcon_core.package_discovery:discover_packages(path) discover
[0.807s] Level 1:colcon.colcon_core.package_discovery:discover_packages(path) using defaults
[0.873s] Level 1:colcon.colcon_core.package_discovery:discover_packages(prefix_path) check parameters
[0.873s] Level 1:colcon.colcon_core.package_discovery:discover_packages(prefix_path) discover
[0.881s] DEBUG:colcon.colcon_installed_package_information.package_discovery:Found 5 installed packages in /home/ibrahim/BinPicking/install
[0.881s] DEBUG:colcon.colcon_installed_package_information.package_discovery:Found 2 installed packages in /home/ibrahim/MoveItArm/install
[0.882s] DEBUG:colcon.colcon_installed_package_information.package_discovery:Found 2 installed packages in /home/ibrahim/RobotArmExpanded/install
[0.882s] DEBUG:colcon.colcon_installed_package_information.package_discovery:Found 2 installed packages in /home/ibrahim/RobotArm/install
[0.883s] DEBUG:colcon.colcon_installed_package_information.package_discovery:Found 1 installed packages in /home/ibrahim/TF2Sample/install
[0.883s] DEBUG:colcon.colcon_installed_package_information.package_discovery:Found 2 installed packages in /home/ibrahim/RobotNav/install
[0.883s] DEBUG:colcon.colcon_installed_package_information.package_discovery:Found 1 installed packages in /home/ibrahim/RobotMonitor/install
[0.884s] DEBUG:colcon.colcon_installed_package_information.package_discovery:Found 2 installed packages in /home/ibrahim/ros2_ws/install
[0.885s] DEBUG:colcon.colcon_installed_package_information.package_discovery:Found 449 installed packages in /opt/ros/humble
[0.887s] Level 1:colcon.colcon_core.package_discovery:discover_packages(prefix_path) using defaults
[0.928s] Level 5:colcon.colcon_core.verb:set package 'bin_interfaces' build argument 'cmake_args' from command line to 'None'
[0.928s] Level 5:colcon.colcon_core.verb:set package 'bin_interfaces' build argument 'cmake_target' from command line to 'None'
[0.928s] Level 5:colcon.colcon_core.verb:set package 'bin_interfaces' build argument 'cmake_target_skip_unavailable' from command line to 'False'
[0.928s] Level 5:colcon.colcon_core.verb:set package 'bin_interfaces' build argument 'cmake_clean_cache' from command line to 'False'
[0.928s] Level 5:colcon.colcon_core.verb:set package 'bin_interfaces' build argument 'cmake_clean_first' from command line to 'False'
[0.928s] Level 5:colcon.colcon_core.verb:set package 'bin_interfaces' build argument 'cmake_force_configure' from command line to 'False'
[0.928s] Level 5:colcon.colcon_core.verb:set package 'bin_interfaces' build argument 'ament_cmake_args' from command line to 'None'
[0.928s] Level 5:colcon.colcon_core.verb:set package 'bin_interfaces' build argument 'catkin_cmake_args' from command line to 'None'
[0.928s] Level 5:colcon.colcon_core.verb:set package 'bin_interfaces' build argument 'catkin_skip_building_tests' from command line to 'False'
[0.928s] DEBUG:colcon.colcon_core.verb:Building package 'bin_interfaces' with the following arguments: {'ament_cmake_args': None, 'build_base': '/home/ibrahim/BinPicking/build/bin_interfaces', 'catkin_cmake_args': None, 'catkin_skip_building_tests': False, 'cmake_args': None, 'cmake_clean_cache': False, 'cmake_clean_first': False, 'cmake_force_configure': False, 'cmake_target': None, 'cmake_target_skip_unavailable': False, 'install_base': '/home/ibrahim/BinPicking/install/bin_interfaces', 'merge_install': False, 'path': '/home/ibrahim/BinPicking/src/bin_interfaces', 'symlink_install': False, 'test_result_base': None}
[0.928s] Level 5:colcon.colcon_core.verb:set package 'linkattacher_msgs' build argument 'cmake_args' from command line to 'None'
[0.928s] Level 5:colcon.colcon_core.verb:set package 'linkattacher_msgs' build argument 'cmake_target' from command line to 'None'
[0.928s] Level 5:colcon.colcon_core.verb:set package 'linkattacher_msgs' build argument 'cmake_target_skip_unavailable' from command line to 'False'
[0.928s] Level 5:colcon.colcon_core.verb:set package 'linkattacher_msgs' build argument 'cmake_clean_cache' from command line to 'False'
[0.928s] Level 5:colcon.colcon_core.verb:set package 'linkattacher_msgs' build argument 'cmake_clean_first' from command line to 'False'
[0.928s] Level 5:colcon.colcon_core.verb:set package 'linkattacher_msgs' build argument 'cmake_force_configure' from command line to 'False'
[0.928s] Level 5:colcon.colcon_core.verb:set package 'linkattacher_msgs' build argument 'ament_cmake_args' from command line to 'None'
[0.928s] Level 5:colcon.colcon_core.verb:set package 'linkattacher_msgs' build argument 'catkin_cmake_args' from command line to 'None'
[0.928s] Level 5:colcon.colcon_core.verb:set package 'linkattacher_msgs' build argument 'catkin_skip_building_tests' from command line to 'False'
[0.928s] DEBUG:colcon.colcon_core.verb:Building package 'linkattacher_msgs' with the following arguments: {'ament_cmake_args': None, 'build_base': '/home/ibrahim/BinPicking/build/linkattacher_msgs', 'catkin_cmake_args': None, 'catkin_skip_building_tests': False, 'cmake_args': None, 'cmake_clean_cache': False, 'cmake_clean_first': False, 'cmake_force_configure': False, 'cmake_target': None, 'cmake_target_skip_unavailable': False, 'install_base': '/home/ibrahim/BinPicking/install/linkattacher_msgs', 'merge_install': False, 'path': '/home/ibrahim/BinPicking/src/IFRA_LinkAttacher/linkattacher_msgs', 'symlink_install': False, 'test_result_base': None}
[0.929s] Level 5:colcon.colcon_core.verb:set package 'bin_nodes' build argument 'cmake_args' from command line to 'None'
[0.929s] Level 5:colcon.colcon_core.verb:set package 'bin_nodes' build argument 'cmake_target' from command line to 'None'
[0.929s] Level 5:colcon.colcon_core.verb:set package 'bin_nodes' build argument 'cmake_target_skip_unavailable' from command line to 'False'
[0.929s] Level 5:colcon.colcon_core.verb:set package 'bin_nodes' build argument 'cmake_clean_cache' from command line to 'False'
[0.929s] Level 5:colcon.colcon_core.verb:set package 'bin_nodes' build argument 'cmake_clean_first' from command line to 'False'
[0.929s] Level 5:colcon.colcon_core.verb:set package 'bin_nodes' build argument 'cmake_force_configure' from command line to 'False'
[0.929s] Level 5:colcon.colcon_core.verb:set package 'bin_nodes' build argument 'ament_cmake_args' from command line to 'None'
[0.929s] Level 5:colcon.colcon_core.verb:set package 'bin_nodes' build argument 'catkin_cmake_args' from command line to 'None'
[0.929s] Level 5:colcon.colcon_core.verb:set package 'bin_nodes' build argument 'catkin_skip_building_tests' from command line to 'False'
[0.929s] DEBUG:colcon.colcon_core.verb:Building package 'bin_nodes' with the following arguments: {'ament_cmake_args': None, 'build_base': '/home/ibrahim/BinPicking/build/bin_nodes', 'catkin_cmake_args': None, 'catkin_skip_building_tests': False, 'cmake_args': None, 'cmake_clean_cache': False, 'cmake_clean_first': False, 'cmake_force_configure': False, 'cmake_target': None, 'cmake_target_skip_unavailable': False, 'install_base': '/home/ibrahim/BinPicking/install/bin_nodes', 'merge_install': False, 'path': '/home/ibrahim/BinPicking/src/bin_nodes', 'symlink_install': False, 'test_result_base': None}
[0.929s] Level 5:colcon.colcon_core.verb:set package 'ros2_linkattacher' build argument 'cmake_args' from command line to 'None'
[0.929s] Level 5:colcon.colcon_core.verb:set package 'ros2_linkattacher' build argument 'cmake_target' from command line to 'None'
[0.929s] Level 5:colcon.colcon_core.verb:set package 'ros2_linkattacher' build argument 'cmake_target_skip_unavailable' from command line to 'False'
[0.929s] Level 5:colcon.colcon_core.verb:set package 'ros2_linkattacher' build argument 'cmake_clean_cache' from command line to 'False'
[0.929s] Level 5:colcon.colcon_core.verb:set package 'ros2_linkattacher' build argument 'cmake_clean_first' from command line to 'False'
[0.929s] Level 5:colcon.colcon_core.verb:set package 'ros2_linkattacher' build argument 'cmake_force_configure' from command line to 'False'
[0.929s] Level 5:colcon.colcon_core.verb:set package 'ros2_linkattacher' build argument 'ament_cmake_args' from command line to 'None'
[0.929s] Level 5:colcon.colcon_core.verb:set package 'ros2_linkattacher' build argument 'catkin_cmake_args' from command line to 'None'
[0.929s] Level 5:colcon.colcon_core.verb:set package 'ros2_linkattacher' build argument 'catkin_skip_building_tests' from command line to 'False'
[0.929s] DEBUG:colcon.colcon_core.verb:Building package 'ros2_linkattacher' with the following arguments: {'ament_cmake_args': None, 'build_base': '/home/ibrahim/BinPicking/build/ros2_linkattacher', 'catkin_cmake_args': None, 'catkin_skip_building_tests': False, 'cmake_args': None, 'cmake_clean_cache': False, 'cmake_clean_first': False, 'cmake_force_configure': False, 'cmake_target': None, 'cmake_target_skip_unavailable': False, 'install_base': '/home/ibrahim/BinPicking/install/ros2_linkattacher', 'merge_install': False, 'path': '/home/ibrahim/BinPicking/src/IFRA_LinkAttacher/ros2_LinkAttacher', 'symlink_install': False, 'test_result_base': None}
[0.930s] Level 5:colcon.colcon_core.verb:set package 'moveit_config' build argument 'cmake_args' from command line to 'None'
[0.930s] Level 5:colcon.colcon_core.verb:set package 'moveit_config' build argument 'cmake_target' from command line to 'None'
[0.930s] Level 5:colcon.colcon_core.verb:set package 'moveit_config' build argument 'cmake_target_skip_unavailable' from command line to 'False'
[0.930s] Level 5:colcon.colcon_core.verb:set package 'moveit_config' build argument 'cmake_clean_cache' from command line to 'False'
[0.930s] Level 5:colcon.colcon_core.verb:set package 'moveit_config' build argument 'cmake_clean_first' from command line to 'False'
[0.930s] Level 5:colcon.colcon_core.verb:set package 'moveit_config' build argument 'cmake_force_configure' from command line to 'False'
[0.930s] Level 5:colcon.colcon_core.verb:set package 'moveit_config' build argument 'ament_cmake_args' from command line to 'None'
[0.930s] Level 5:colcon.colcon_core.verb:set package 'moveit_config' build argument 'catkin_cmake_args' from command line to 'None'
[0.930s] Level 5:colcon.colcon_core.verb:set package 'moveit_config' build argument 'catkin_skip_building_tests' from command line to 'False'
[0.930s] DEBUG:colcon.colcon_core.verb:Building package 'moveit_config' with the following arguments: {'ament_cmake_args': None, 'build_base': '/home/ibrahim/BinPicking/build/moveit_config', 'catkin_cmake_args': None, 'catkin_skip_building_tests': False, 'cmake_args': None, 'cmake_clean_cache': False, 'cmake_clean_first': False, 'cmake_force_configure': False, 'cmake_target': None, 'cmake_target_skip_unavailable': False, 'install_base': '/home/ibrahim/BinPicking/install/moveit_config', 'merge_install': False, 'path': '/home/ibrahim/BinPicking/src/moveit_config', 'symlink_install': False, 'test_result_base': None}
[0.930s] INFO:colcon.colcon_core.executor:Executing jobs using 'parallel' executor
[0.931s] DEBUG:colcon.colcon_parallel_executor.executor.parallel:run_until_complete
[0.932s] INFO:colcon.colcon_ros.task.ament_cmake.build:Building ROS package in '/home/ibrahim/BinPicking/src/IFRA_LinkAttacher/linkattacher_msgs' with build type 'ament_cmake'
[0.932s] INFO:colcon.colcon_cmake.task.cmake.build:Building CMake package in '/home/ibrahim/BinPicking/src/IFRA_LinkAttacher/linkattacher_msgs'
[0.953s] INFO:colcon.colcon_core.plugin_system:Skipping extension 'colcon_core.shell.bat': Not used on non-Windows systems
[0.953s] INFO:colcon.colcon_core.shell:Skip shell extension 'powershell' for command environment: Not usable outside of PowerShell
[0.953s] DEBUG:colcon.colcon_core.shell:Skip shell extension 'dsv' for command environment
[0.958s] INFO:colcon.colcon_ros.task.ament_cmake.build:Building ROS package in '/home/ibrahim/BinPicking/src/bin_interfaces' with build type 'ament_cmake'
[0.959s] INFO:colcon.colcon_cmake.task.cmake.build:Building CMake package in '/home/ibrahim/BinPicking/src/bin_interfaces'
[0.959s] INFO:colcon.colcon_core.shell:Skip shell extension 'powershell' for command environment: Not usable outside of PowerShell
[0.959s] DEBUG:colcon.colcon_core.shell:Skip shell extension 'dsv' for command environment
[0.971s] DEBUG:colcon.colcon_core.event_handler.log_command:Invoking command in '/home/ibrahim/BinPicking/build/linkattacher_msgs': CMAKE_PREFIX_PATH=${CMAKE_PREFIX_PATH}:/home/ibrahim/RobotArm/install/main_arm_package:/home/ibrahim/RobotArm/install/action_interfaces:/opt/ros/humble /usr/bin/cmake --build /home/ibrahim/BinPicking/build/linkattacher_msgs -- -j16 -l16
[0.976s] DEBUG:colcon.colcon_core.event_handler.log_command:Invoking command in '/home/ibrahim/BinPicking/build/bin_interfaces': CMAKE_PREFIX_PATH=${CMAKE_PREFIX_PATH}:/home/ibrahim/RobotArm/install/main_arm_package:/home/ibrahim/RobotArm/install/action_interfaces:/opt/ros/humble /usr/bin/cmake --build /home/ibrahim/BinPicking/build/bin_interfaces -- -j16 -l16
[1.336s] DEBUG:colcon.colcon_core.event_handler.log_command:Invoked command in '/home/ibrahim/BinPicking/build/bin_interfaces' returned '0': CMAKE_PREFIX_PATH=${CMAKE_PREFIX_PATH}:/home/ibrahim/RobotArm/install/main_arm_package:/home/ibrahim/RobotArm/install/action_interfaces:/opt/ros/humble /usr/bin/cmake --build /home/ibrahim/BinPicking/build/bin_interfaces -- -j16 -l16
[1.350s] DEBUG:colcon.colcon_core.event_handler.log_command:Invoking command in '/home/ibrahim/BinPicking/build/bin_interfaces': CMAKE_PREFIX_PATH=${CMAKE_PREFIX_PATH}:/home/ibrahim/RobotArm/install/main_arm_package:/home/ibrahim/RobotArm/install/action_interfaces:/opt/ros/humble /usr/bin/cmake --install /home/ibrahim/BinPicking/build/bin_interfaces
[1.352s] DEBUG:colcon.colcon_core.event_handler.log_command:Invoked command in '/home/ibrahim/BinPicking/build/linkattacher_msgs' returned '0': CMAKE_PREFIX_PATH=${CMAKE_PREFIX_PATH}:/home/ibrahim/RobotArm/install/main_arm_package:/home/ibrahim/RobotArm/install/action_interfaces:/opt/ros/humble /usr/bin/cmake --build /home/ibrahim/BinPicking/build/linkattacher_msgs -- -j16 -l16
[1.354s] DEBUG:colcon.colcon_core.event_handler.log_command:Invoking command in '/home/ibrahim/BinPicking/build/linkattacher_msgs': CMAKE_PREFIX_PATH=${CMAKE_PREFIX_PATH}:/home/ibrahim/RobotArm/install/main_arm_package:/home/ibrahim/RobotArm/install/action_interfaces:/opt/ros/humble /usr/bin/cmake --install /home/ibrahim/BinPicking/build/linkattacher_msgs
[1.413s] Level 1:colcon.colcon_core.environment:create_environment_scripts_only(bin_interfaces)
[1.423s] Level 1:colcon.colcon_core.environment:checking '/home/ibrahim/BinPicking/install/bin_interfaces' for CMake module files
[1.426s] Level 1:colcon.colcon_core.environment:checking '/home/ibrahim/BinPicking/install/bin_interfaces' for CMake config files
[1.427s] DEBUG:colcon.colcon_core.event_handler.log_command:Invoked command in '/home/ibrahim/BinPicking/build/bin_interfaces' returned '0': CMAKE_PREFIX_PATH=${CMAKE_PREFIX_PATH}:/home/ibrahim/RobotArm/install/main_arm_package:/home/ibrahim/RobotArm/install/action_interfaces:/opt/ros/humble /usr/bin/cmake --install /home/ibrahim/BinPicking/build/bin_interfaces
[1.430s] Level 1:colcon.colcon_core.shell:create_environment_hook('bin_interfaces', 'cmake_prefix_path')
[1.431s] INFO:colcon.colcon_core.shell:Creating environment hook '/home/ibrahim/BinPicking/install/bin_interfaces/share/bin_interfaces/hook/cmake_prefix_path.ps1'
[1.432s] INFO:colcon.colcon_core.shell:Creating environment descriptor '/home/ibrahim/BinPicking/install/bin_interfaces/share/bin_interfaces/hook/cmake_prefix_path.dsv'
[1.432s] INFO:colcon.colcon_core.shell:Creating environment hook '/home/ibrahim/BinPicking/install/bin_interfaces/share/bin_interfaces/hook/cmake_prefix_path.sh'
[1.433s] Level 1:colcon.colcon_core.environment:checking '/home/ibrahim/BinPicking/install/bin_interfaces/lib'
[1.434s] Level 1:colcon.colcon_core.shell:create_environment_hook('bin_interfaces', 'ld_library_path_lib')
[1.434s] INFO:colcon.colcon_core.shell:Creating environment hook '/home/ibrahim/BinPicking/install/bin_interfaces/share/bin_interfaces/hook/ld_library_path_lib.ps1'
[1.434s] INFO:colcon.colcon_core.shell:Creating environment descriptor '/home/ibrahim/BinPicking/install/bin_interfaces/share/bin_interfaces/hook/ld_library_path_lib.dsv'
[1.435s] INFO:colcon.colcon_core.shell:Creating environment hook '/home/ibrahim/BinPicking/install/bin_interfaces/share/bin_interfaces/hook/ld_library_path_lib.sh'
[1.435s] Level 1:colcon.colcon_core.environment:checking '/home/ibrahim/BinPicking/install/bin_interfaces/bin'
[1.435s] Level 1:colcon.colcon_core.environment:checking '/home/ibrahim/BinPicking/install/bin_interfaces/lib/pkgconfig/bin_interfaces.pc'
[1.435s] Level 1:colcon.colcon_core.environment:checking '/home/ibrahim/BinPicking/install/bin_interfaces/lib/python3.10/site-packages'
[1.436s] Level 1:colcon.colcon_core.environment:checking '/home/ibrahim/BinPicking/install/bin_interfaces/bin'
[1.436s] INFO:colcon.colcon_core.shell:Creating package script '/home/ibrahim/BinPicking/install/bin_interfaces/share/bin_interfaces/package.ps1'
[1.437s] INFO:colcon.colcon_core.shell:Creating package descriptor '/home/ibrahim/BinPicking/install/bin_interfaces/share/bin_interfaces/package.dsv'
[1.438s] INFO:colcon.colcon_core.shell:Creating package script '/home/ibrahim/BinPicking/install/bin_interfaces/share/bin_interfaces/package.sh'
[1.439s] INFO:colcon.colcon_core.shell:Creating package script '/home/ibrahim/BinPicking/install/bin_interfaces/share/bin_interfaces/package.bash'
[1.439s] INFO:colcon.colcon_core.shell:Creating package script '/home/ibrahim/BinPicking/install/bin_interfaces/share/bin_interfaces/package.zsh'
[1.440s] Level 1:colcon.colcon_core.environment:create_file_with_runtime_dependencies(/home/ibrahim/BinPicking/install/bin_interfaces/share/colcon-core/packages/bin_interfaces)
[1.441s] Level 1:colcon.colcon_core.environment:create_environment_scripts_only(bin_interfaces)
[1.441s] Level 1:colcon.colcon_core.environment:checking '/home/ibrahim/BinPicking/install/bin_interfaces' for CMake module files
[1.441s] Level 1:colcon.colcon_core.environment:checking '/home/ibrahim/BinPicking/install/bin_interfaces' for CMake config files
[1.442s] Level 1:colcon.colcon_core.shell:create_environment_hook('bin_interfaces', 'cmake_prefix_path')
[1.442s] INFO:colcon.colcon_core.shell:Creating environment hook '/home/ibrahim/BinPicking/install/bin_interfaces/share/bin_interfaces/hook/cmake_prefix_path.ps1'
[1.443s] INFO:colcon.colcon_core.shell:Creating environment descriptor '/home/ibrahim/BinPicking/install/bin_interfaces/share/bin_interfaces/hook/cmake_prefix_path.dsv'
[1.443s] INFO:colcon.colcon_core.shell:Creating environment hook '/home/ibrahim/BinPicking/install/bin_interfaces/share/bin_interfaces/hook/cmake_prefix_path.sh'
[1.444s] Level 1:colcon.colcon_core.environment:checking '/home/ibrahim/BinPicking/install/bin_interfaces/lib'
[1.444s] Level 1:colcon.colcon_core.shell:create_environment_hook('bin_interfaces', 'ld_library_path_lib')
[1.444s] INFO:colcon.colcon_core.shell:Creating environment hook '/home/ibrahim/BinPicking/install/bin_interfaces/share/bin_interfaces/hook/ld_library_path_lib.ps1'
[1.445s] INFO:colcon.colcon_core.shell:Creating environment descriptor '/home/ibrahim/BinPicking/install/bin_interfaces/share/bin_interfaces/hook/ld_library_path_lib.dsv'
[1.445s] INFO:colcon.colcon_core.shell:Creating environment hook '/home/ibrahim/BinPicking/install/bin_interfaces/share/bin_interfaces/hook/ld_library_path_lib.sh'
[1.446s] Level 1:colcon.colcon_core.environment:checking '/home/ibrahim/BinPicking/install/bin_interfaces/bin'
[1.446s] Level 1:colcon.colcon_core.environment:checking '/home/ibrahim/BinPicking/install/bin_interfaces/lib/pkgconfig/bin_interfaces.pc'
[1.446s] Level 1:colcon.colcon_core.environment:checking '/home/ibrahim/BinPicking/install/bin_interfaces/lib/python3.10/site-packages'
[1.447s] Level 1:colcon.colcon_core.environment:checking '/home/ibrahim/BinPicking/install/bin_interfaces/bin'
[1.447s] INFO:colcon.colcon_core.shell:Creating package script '/home/ibrahim/BinPicking/install/bin_interfaces/share/bin_interfaces/package.ps1'
[1.448s] INFO:colcon.colcon_core.shell:Creating package descriptor '/home/ibrahim/BinPicking/install/bin_interfaces/share/bin_interfaces/package.dsv'
[1.448s] INFO:colcon.colcon_core.shell:Creating package script '/home/ibrahim/BinPicking/install/bin_interfaces/share/bin_interfaces/package.sh'
[1.449s] INFO:colcon.colcon_core.shell:Creating package script '/home/ibrahim/BinPicking/install/bin_interfaces/share/bin_interfaces/package.bash'
[1.450s] INFO:colcon.colcon_core.shell:Creating package script '/home/ibrahim/BinPicking/install/bin_interfaces/share/bin_interfaces/package.zsh'
[1.450s] Level 1:colcon.colcon_core.environment:create_file_with_runtime_dependencies(/home/ibrahim/BinPicking/install/bin_interfaces/share/colcon-core/packages/bin_interfaces)
[1.452s] Level 1:colcon.colcon_core.environment:create_environment_scripts_only(linkattacher_msgs)
[1.453s] Level 1:colcon.colcon_core.environment:checking '/home/ibrahim/BinPicking/install/linkattacher_msgs' for CMake module files
[1.454s] DEBUG:colcon.colcon_core.event_handler.log_command:Invoked command in '/home/ibrahim/BinPicking/build/linkattacher_msgs' returned '0': CMAKE_PREFIX_PATH=${CMAKE_PREFIX_PATH}:/home/ibrahim/RobotArm/install/main_arm_package:/home/ibrahim/RobotArm/install/action_interfaces:/opt/ros/humble /usr/bin/cmake --install /home/ibrahim/BinPicking/build/linkattacher_msgs
[1.455s] Level 1:colcon.colcon_core.environment:checking '/home/ibrahim/BinPicking/install/linkattacher_msgs' for CMake config files
[1.455s] Level 1:colcon.colcon_core.shell:create_environment_hook('linkattacher_msgs', 'cmake_prefix_path')
[1.455s] INFO:colcon.colcon_core.shell:Creating environment hook '/home/ibrahim/BinPicking/install/linkattacher_msgs/share/linkattacher_msgs/hook/cmake_prefix_path.ps1'
[1.456s] INFO:colcon.colcon_core.shell:Creating environment descriptor '/home/ibrahim/BinPicking/install/linkattacher_msgs/share/linkattacher_msgs/hook/cmake_prefix_path.dsv'
[1.456s] INFO:colcon.colcon_core.shell:Creating environment hook '/home/ibrahim/BinPicking/install/linkattacher_msgs/share/linkattacher_msgs/hook/cmake_prefix_path.sh'
[1.457s] Level 1:colcon.colcon_core.environment:checking '/home/ibrahim/BinPicking/install/linkattacher_msgs/lib'
[1.457s] Level 1:colcon.colcon_core.shell:create_environment_hook('linkattacher_msgs', 'ld_library_path_lib')
[1.457s] INFO:colcon.colcon_core.shell:Creating environment hook '/home/ibrahim/BinPicking/install/linkattacher_msgs/share/linkattacher_msgs/hook/ld_library_path_lib.ps1'
[1.458s] INFO:colcon.colcon_core.shell:Creating environment descriptor '/home/ibrahim/BinPicking/install/linkattacher_msgs/share/linkattacher_msgs/hook/ld_library_path_lib.dsv'
[1.458s] INFO:colcon.colcon_core.shell:Creating environment hook '/home/ibrahim/BinPicking/install/linkattacher_msgs/share/linkattacher_msgs/hook/ld_library_path_lib.sh'
[1.458s] Level 1:colcon.colcon_core.environment:checking '/home/ibrahim/BinPicking/install/linkattacher_msgs/bin'
[1.458s] Level 1:colcon.colcon_core.environment:checking '/home/ibrahim/BinPicking/install/linkattacher_msgs/lib/pkgconfig/linkattacher_msgs.pc'
[1.458s] Level 1:colcon.colcon_core.environment:checking '/home/ibrahim/BinPicking/install/linkattacher_msgs/lib/python3.10/site-packages'
[1.459s] Level 1:colcon.colcon_core.environment:checking '/home/ibrahim/BinPicking/install/linkattacher_msgs/bin'
[1.459s] INFO:colcon.colcon_core.shell:Creating package script '/home/ibrahim/BinPicking/install/linkattacher_msgs/share/linkattacher_msgs/package.ps1'
[1.459s] INFO:colcon.colcon_core.shell:Creating package descriptor '/home/ibrahim/BinPicking/install/linkattacher_msgs/share/linkattacher_msgs/package.dsv'
[1.460s] INFO:colcon.colcon_core.shell:Creating package script '/home/ibrahim/BinPicking/install/linkattacher_msgs/share/linkattacher_msgs/package.sh'
[1.460s] INFO:colcon.colcon_core.shell:Creating package script '/home/ibrahim/BinPicking/install/linkattacher_msgs/share/linkattacher_msgs/package.bash'
[1.461s] INFO:colcon.colcon_core.shell:Creating package script '/home/ibrahim/BinPicking/install/linkattacher_msgs/share/linkattacher_msgs/package.zsh'
[1.461s] Level 1:colcon.colcon_core.environment:create_file_with_runtime_dependencies(/home/ibrahim/BinPicking/install/linkattacher_msgs/share/colcon-core/packages/linkattacher_msgs)
[1.462s] Level 1:colcon.colcon_core.environment:create_environment_scripts_only(linkattacher_msgs)
[1.462s] Level 1:colcon.colcon_core.environment:checking '/home/ibrahim/BinPicking/install/linkattacher_msgs' for CMake module files
[1.462s] Level 1:colcon.colcon_core.environment:checking '/home/ibrahim/BinPicking/install/linkattacher_msgs' for CMake config files
[1.463s] Level 1:colcon.colcon_core.shell:create_environment_hook('linkattacher_msgs', 'cmake_prefix_path')
[1.463s] INFO:colcon.colcon_core.shell:Creating environment hook '/home/ibrahim/BinPicking/install/linkattacher_msgs/share/linkattacher_msgs/hook/cmake_prefix_path.ps1'
[1.482s] INFO:colcon.colcon_core.shell:Creating environment descriptor '/home/ibrahim/BinPicking/install/linkattacher_msgs/share/linkattacher_msgs/hook/cmake_prefix_path.dsv'
[1.483s] INFO:colcon.colcon_core.shell:Creating environment hook '/home/ibrahim/BinPicking/install/linkattacher_msgs/share/linkattacher_msgs/hook/cmake_prefix_path.sh'
[1.484s] Level 1:colcon.colcon_core.environment:checking '/home/ibrahim/BinPicking/install/linkattacher_msgs/lib'
[1.484s] Level 1:colcon.colcon_core.shell:create_environment_hook('linkattacher_msgs', 'ld_library_path_lib')
[1.484s] INFO:colcon.colcon_core.shell:Creating environment hook '/home/ibrahim/BinPicking/install/linkattacher_msgs/share/linkattacher_msgs/hook/ld_library_path_lib.ps1'
[1.485s] INFO:colcon.colcon_core.shell:Creating environment descriptor '/home/ibrahim/BinPicking/install/linkattacher_msgs/share/linkattacher_msgs/hook/ld_library_path_lib.dsv'
[1.485s] INFO:colcon.colcon_core.shell:Creating environment hook '/home/ibrahim/BinPicking/install/linkattacher_msgs/share/linkattacher_msgs/hook/ld_library_path_lib.sh'
[1.486s] Level 1:colcon.colcon_core.environment:checking '/home/ibrahim/BinPicking/install/linkattacher_msgs/bin'
[1.486s] Level 1:colcon.colcon_core.environment:checking '/home/ibrahim/BinPicking/install/linkattacher_msgs/lib/pkgconfig/linkattacher_msgs.pc'
[1.486s] Level 1:colcon.colcon_core.environment:checking '/home/ibrahim/BinPicking/install/linkattacher_msgs/lib/python3.10/site-packages'
[1.486s] Level 1:colcon.colcon_core.environment:checking '/home/ibrahim/BinPicking/install/linkattacher_msgs/bin'
[1.486s] INFO:colcon.colcon_core.shell:Creating package script '/home/ibrahim/BinPicking/install/linkattacher_msgs/share/linkattacher_msgs/package.ps1'
[1.487s] INFO:colcon.colcon_core.shell:Creating package descriptor '/home/ibrahim/BinPicking/install/linkattacher_msgs/share/linkattacher_msgs/package.dsv'
[1.487s] INFO:colcon.colcon_core.shell:Creating package script '/home/ibrahim/BinPicking/install/linkattacher_msgs/share/linkattacher_msgs/package.sh'
[1.488s] INFO:colcon.colcon_core.shell:Creating package script '/home/ibrahim/BinPicking/install/linkattacher_msgs/share/linkattacher_msgs/package.bash'
[1.488s] INFO:colcon.colcon_core.shell:Creating package script '/home/ibrahim/BinPicking/install/linkattacher_msgs/share/linkattacher_msgs/package.zsh'
[1.489s] Level 1:colcon.colcon_core.environment:create_file_with_runtime_dependencies(/home/ibrahim/BinPicking/install/linkattacher_msgs/share/colcon-core/packages/linkattacher_msgs)
[1.489s] INFO:colcon.colcon_ros.task.ament_cmake.build:Building ROS package in '/home/ibrahim/BinPicking/src/bin_nodes' with build type 'ament_cmake'
[1.489s] INFO:colcon.colcon_cmake.task.cmake.build:Building CMake package in '/home/ibrahim/BinPicking/src/bin_nodes'
[1.490s] INFO:colcon.colcon_core.shell:Skip shell extension 'powershell' for command environment: Not usable outside of PowerShell
[1.490s] DEBUG:colcon.colcon_core.shell:Skip shell extension 'dsv' for command environment
[1.497s] INFO:colcon.colcon_ros.task.ament_cmake.build:Building ROS package in '/home/ibrahim/BinPicking/src/IFRA_LinkAttacher/ros2_LinkAttacher' with build type 'ament_cmake'
[1.497s] INFO:colcon.colcon_cmake.task.cmake.build:Building CMake package in '/home/ibrahim/BinPicking/src/IFRA_LinkAttacher/ros2_LinkAttacher'
[1.497s] INFO:colcon.colcon_core.shell:Skip shell extension 'powershell' for command environment: Not usable outside of PowerShell
[1.497s] DEBUG:colcon.colcon_core.shell:Skip shell extension 'dsv' for command environment
[1.586s] DEBUG:colcon.colcon_core.event_handler.log_command:Invoking command in '/home/ibrahim/BinPicking/build/ros2_linkattacher': CMAKE_PREFIX_PATH=/home/ibrahim/BinPicking/install/linkattacher_msgs:/home/ibrahim/BinPicking/install/ros2_linkattacher:/home/ibrahim/BinPicking/install/moveit_config:/home/ibrahim/BinPicking/install/bin_nodes:/home/ibrahim/BinPicking/install/bin_interfaces:/home/ibrahim/RobotArmExpanded/install/main_arm_package:/home/ibrahim/RobotArmExpanded/install/action_interfaces:/home/ibrahim/MoveItArm/install/moveit_config:/home/ibrahim/MoveItArm/install/moveit_arm_package:/home/ibrahim/TF2Sample/install/tf2sim:/home/ibrahim/RobotNav/install/main_robot_nodes:/home/ibrahim/RobotNav/install/action_interfaces:/home/ibrahim/RobotMonitor/install/Robot3Node_Package:/home/ibrahim/ros2_ws/install/my_first_package:/home/ibrahim/ros2_ws/install/action_interfaces:/home/ibrahim/RobotArm/install/main_arm_package:/home/ibrahim/RobotArm/install/action_interfaces:/opt/ros/humble LD_LIBRARY_PATH=/home/ibrahim/BinPicking/install/linkattacher_msgs/lib:/home/ibrahim/BinPicking/install/ros2_linkattacher/lib:/home/ibrahim/BinPicking/install/bin_interfaces/lib:/home/ibrahim/RobotArmExpanded/install/action_interfaces/lib:/home/ibrahim/RobotArm/install/action_interfaces/lib:/home/ibrahim/RobotNav/install/action_interfaces/lib:/home/ibrahim/ros2_ws/install/action_interfaces/lib:/usr/lib/x86_64-linux-gnu/gazebo-11/plugins:/opt/ros/humble/opt/rviz_ogre_vendor/lib:/opt/ros/humble/lib/x86_64-linux-gnu:/opt/ros/humble/lib /usr/bin/cmake --build /home/ibrahim/BinPicking/build/ros2_linkattacher -- -j16 -l16
[1.681s] DEBUG:colcon.colcon_core.event_handler.log_command:Invoking command in '/home/ibrahim/BinPicking/build/bin_nodes': CMAKE_PREFIX_PATH=/home/ibrahim/BinPicking/install/linkattacher_msgs:/home/ibrahim/BinPicking/install/bin_interfaces:/home/ibrahim/BinPicking/install/ros2_linkattacher:/home/ibrahim/BinPicking/install/moveit_config:/home/ibrahim/BinPicking/install/bin_nodes:/home/ibrahim/RobotArmExpanded/install/main_arm_package:/home/ibrahim/RobotArmExpanded/install/action_interfaces:/home/ibrahim/MoveItArm/install/moveit_config:/home/ibrahim/MoveItArm/install/moveit_arm_package:/home/ibrahim/TF2Sample/install/tf2sim:/home/ibrahim/RobotNav/install/main_robot_nodes:/home/ibrahim/RobotNav/install/action_interfaces:/home/ibrahim/RobotMonitor/install/Robot3Node_Package:/home/ibrahim/ros2_ws/install/my_first_package:/home/ibrahim/ros2_ws/install/action_interfaces:/home/ibrahim/RobotArm/install/main_arm_package:/home/ibrahim/RobotArm/install/action_interfaces:/opt/ros/humble LD_LIBRARY_PATH=/home/ibrahim/BinPicking/install/linkattacher_msgs/lib:/home/ibrahim/BinPicking/install/bin_interfaces/lib:/home/ibrahim/BinPicking/install/ros2_linkattacher/lib:/home/ibrahim/RobotArmExpanded/install/action_interfaces/lib:/home/ibrahim/RobotArm/install/action_interfaces/lib:/home/ibrahim/RobotNav/install/action_interfaces/lib:/home/ibrahim/ros2_ws/install/action_interfaces/lib:/usr/lib/x86_64-linux-gnu/gazebo-11/plugins:/opt/ros/humble/opt/rviz_ogre_vendor/lib:/opt/ros/humble/lib/x86_64-linux-gnu:/opt/ros/humble/lib /usr/bin/cmake --build /home/ibrahim/BinPicking/build/bin_nodes -- -j16 -l16
[2.025s] DEBUG:colcon.colcon_core.event_handler.log_command:Invoked command in '/home/ibrahim/BinPicking/build/ros2_linkattacher' returned '0': CMAKE_PREFIX_PATH=/home/ibrahim/BinPicking/install/linkattacher_msgs:/home/ibrahim/BinPicking/install/ros2_linkattacher:/home/ibrahim/BinPicking/install/moveit_config:/home/ibrahim/BinPicking/install/bin_nodes:/home/ibrahim/BinPicking/install/bin_interfaces:/home/ibrahim/RobotArmExpanded/install/main_arm_package:/home/ibrahim/RobotArmExpanded/install/action_interfaces:/home/ibrahim/MoveItArm/install/moveit_config:/home/ibrahim/MoveItArm/install/moveit_arm_package:/home/ibrahim/TF2Sample/install/tf2sim:/home/ibrahim/RobotNav/install/main_robot_nodes:/home/ibrahim/RobotNav/install/action_interfaces:/home/ibrahim/RobotMonitor/install/Robot3Node_Package:/home/ibrahim/ros2_ws/install/my_first_package:/home/ibrahim/ros2_ws/install/action_interfaces:/home/ibrahim/RobotArm/install/main_arm_package:/home/ibrahim/RobotArm/install/action_interfaces:/opt/ros/humble LD_LIBRARY_PATH=/home/ibrahim/BinPicking/install/linkattacher_msgs/lib:/home/ibrahim/BinPicking/install/ros2_linkattacher/lib:/home/ibrahim/BinPicking/install/bin_interfaces/lib:/home/ibrahim/RobotArmExpanded/install/action_interfaces/lib:/home/ibrahim/RobotArm/install/action_interfaces/lib:/home/ibrahim/RobotNav/install/action_interfaces/lib:/home/ibrahim/ros2_ws/install/action_interfaces/lib:/usr/lib/x86_64-linux-gnu/gazebo-11/plugins:/opt/ros/humble/opt/rviz_ogre_vendor/lib:/opt/ros/humble/lib/x86_64-linux-gnu:/opt/ros/humble/lib /usr/bin/cmake --build /home/ibrahim/BinPicking/build/ros2_linkattacher -- -j16 -l16
[2.028s] DEBUG:colcon.colcon_core.event_handler.log_command:Invoking command in '/home/ibrahim/BinPicking/build/ros2_linkattacher': CMAKE_PREFIX_PATH=/home/ibrahim/BinPicking/install/linkattacher_msgs:/home/ibrahim/BinPicking/install/ros2_linkattacher:/home/ibrahim/BinPicking/install/moveit_config:/home/ibrahim/BinPicking/install/bin_nodes:/home/ibrahim/BinPicking/install/bin_interfaces:/home/ibrahim/RobotArmExpanded/install/main_arm_package:/home/ibrahim/RobotArmExpanded/install/action_interfaces:/home/ibrahim/MoveItArm/install/moveit_config:/home/ibrahim/MoveItArm/install/moveit_arm_package:/home/ibrahim/TF2Sample/install/tf2sim:/home/ibrahim/RobotNav/install/main_robot_nodes:/home/ibrahim/RobotNav/install/action_interfaces:/home/ibrahim/RobotMonitor/install/Robot3Node_Package:/home/ibrahim/ros2_ws/install/my_first_package:/home/ibrahim/ros2_ws/install/action_interfaces:/home/ibrahim/RobotArm/install/main_arm_package:/home/ibrahim/RobotArm/install/action_interfaces:/opt/ros/humble LD_LIBRARY_PATH=/home/ibrahim/BinPicking/install/linkattacher_msgs/lib:/home/ibrahim/BinPicking/install/ros2_linkattacher/lib:/home/ibrahim/BinPicking/install/bin_interfaces/lib:/home/ibrahim/RobotArmExpanded/install/action_interfaces/lib:/home/ibrahim/RobotArm/install/action_interfaces/lib:/home/ibrahim/RobotNav/install/action_interfaces/lib:/home/ibrahim/ros2_ws/install/action_interfaces/lib:/usr/lib/x86_64-linux-gnu/gazebo-11/plugins:/opt/ros/humble/opt/rviz_ogre_vendor/lib:/opt/ros/humble/lib/x86_64-linux-gnu:/opt/ros/humble/lib /usr/bin/cmake --install /home/ibrahim/BinPicking/build/ros2_linkattacher
[2.039s] Level 1:colcon.colcon_core.environment:create_environment_scripts_only(ros2_linkattacher)
[2.039s] Level 1:colcon.colcon_core.environment:checking '/home/ibrahim/BinPicking/install/ros2_linkattacher' for CMake module files
[2.040s] DEBUG:colcon.colcon_core.event_handler.log_command:Invoked command in '/home/ibrahim/BinPicking/build/ros2_linkattacher' returned '0': CMAKE_PREFIX_PATH=/home/ibrahim/BinPicking/install/linkattacher_msgs:/home/ibrahim/BinPicking/install/ros2_linkattacher:/home/ibrahim/BinPicking/install/moveit_config:/home/ibrahim/BinPicking/install/bin_nodes:/home/ibrahim/BinPicking/install/bin_interfaces:/home/ibrahim/RobotArmExpanded/install/main_arm_package:/home/ibrahim/RobotArmExpanded/install/action_interfaces:/home/ibrahim/MoveItArm/install/moveit_config:/home/ibrahim/MoveItArm/install/moveit_arm_package:/home/ibrahim/TF2Sample/install/tf2sim:/home/ibrahim/RobotNav/install/main_robot_nodes:/home/ibrahim/RobotNav/install/action_interfaces:/home/ibrahim/RobotMonitor/install/Robot3Node_Package:/home/ibrahim/ros2_ws/install/my_first_package:/home/ibrahim/ros2_ws/install/action_interfaces:/home/ibrahim/RobotArm/install/main_arm_package:/home/ibrahim/RobotArm/install/action_interfaces:/opt/ros/humble LD_LIBRARY_PATH=/home/ibrahim/BinPicking/install/linkattacher_msgs/lib:/home/ibrahim/BinPicking/install/ros2_linkattacher/lib:/home/ibrahim/BinPicking/install/bin_interfaces/lib:/home/ibrahim/RobotArmExpanded/install/action_interfaces/lib:/home/ibrahim/RobotArm/install/action_interfaces/lib:/home/ibrahim/RobotNav/install/action_interfaces/lib:/home/ibrahim/ros2_ws/install/action_interfaces/lib:/usr/lib/x86_64-linux-gnu/gazebo-11/plugins:/opt/ros/humble/opt/rviz_ogre_vendor/lib:/opt/ros/humble/lib/x86_64-linux-gnu:/opt/ros/humble/lib /usr/bin/cmake --install /home/ibrahim/BinPicking/build/ros2_linkattacher
[2.040s] Level 1:colcon.colcon_core.environment:checking '/home/ibrahim/BinPicking/install/ros2_linkattacher' for CMake config files
[2.041s] Level 1:colcon.colcon_core.shell:create_environment_hook('ros2_linkattacher', 'cmake_prefix_path')
[2.041s] INFO:colcon.colcon_core.shell:Creating environment hook '/home/ibrahim/BinPicking/install/ros2_linkattacher/share/ros2_linkattacher/hook/cmake_prefix_path.ps1'
[2.041s] INFO:colcon.colcon_core.shell:Creating environment descriptor '/home/ibrahim/BinPicking/install/ros2_linkattacher/share/ros2_linkattacher/hook/cmake_prefix_path.dsv'
[2.042s] INFO:colcon.colcon_core.shell:Creating environment hook '/home/ibrahim/BinPicking/install/ros2_linkattacher/share/ros2_linkattacher/hook/cmake_prefix_path.sh'
[2.042s] Level 1:colcon.colcon_core.environment:checking '/home/ibrahim/BinPicking/install/ros2_linkattacher/lib'
[2.042s] Level 1:colcon.colcon_core.shell:create_environment_hook('ros2_linkattacher', 'ld_library_path_lib')
[2.043s] INFO:colcon.colcon_core.shell:Creating environment hook '/home/ibrahim/BinPicking/install/ros2_linkattacher/share/ros2_linkattacher/hook/ld_library_path_lib.ps1'
[2.043s] INFO:colcon.colcon_core.shell:Creating environment descriptor '/home/ibrahim/BinPicking/install/ros2_linkattacher/share/ros2_linkattacher/hook/ld_library_path_lib.dsv'
[2.043s] INFO:colcon.colcon_core.shell:Creating environment hook '/home/ibrahim/BinPicking/install/ros2_linkattacher/share/ros2_linkattacher/hook/ld_library_path_lib.sh'
[2.044s] Level 1:colcon.colcon_core.environment:checking '/home/ibrahim/BinPicking/install/ros2_linkattacher/bin'
[2.044s] Level 1:colcon.colcon_core.environment:checking '/home/ibrahim/BinPicking/install/ros2_linkattacher/lib/pkgconfig/ros2_linkattacher.pc'
[2.044s] Level 1:colcon.colcon_core.environment:checking '/home/ibrahim/BinPicking/install/ros2_linkattacher/lib/python3.10/site-packages'
[2.044s] Level 1:colcon.colcon_core.environment:checking '/home/ibrahim/BinPicking/install/ros2_linkattacher/bin'
[2.045s] INFO:colcon.colcon_core.shell:Creating package script '/home/ibrahim/BinPicking/install/ros2_linkattacher/share/ros2_linkattacher/package.ps1'
[2.045s] INFO:colcon.colcon_core.shell:Creating package descriptor '/home/ibrahim/BinPicking/install/ros2_linkattacher/share/ros2_linkattacher/package.dsv'
[2.045s] INFO:colcon.colcon_core.shell:Creating package script '/home/ibrahim/BinPicking/install/ros2_linkattacher/share/ros2_linkattacher/package.sh'
[2.046s] INFO:colcon.colcon_core.shell:Creating package script '/home/ibrahim/BinPicking/install/ros2_linkattacher/share/ros2_linkattacher/package.bash'
[2.046s] INFO:colcon.colcon_core.shell:Creating package script '/home/ibrahim/BinPicking/install/ros2_linkattacher/share/ros2_linkattacher/package.zsh'
[2.047s] Level 1:colcon.colcon_core.environment:create_file_with_runtime_dependencies(/home/ibrahim/BinPicking/install/ros2_linkattacher/share/colcon-core/packages/ros2_linkattacher)
[2.047s] Level 1:colcon.colcon_core.environment:create_environment_scripts_only(ros2_linkattacher)
[2.047s] Level 1:colcon.colcon_core.environment:checking '/home/ibrahim/BinPicking/install/ros2_linkattacher' for CMake module files
[2.048s] Level 1:colcon.colcon_core.environment:checking '/home/ibrahim/BinPicking/install/ros2_linkattacher' for CMake config files
[2.048s] Level 1:colcon.colcon_core.shell:create_environment_hook('ros2_linkattacher', 'cmake_prefix_path')
[2.048s] INFO:colcon.colcon_core.shell:Creating environment hook '/home/ibrahim/BinPicking/install/ros2_linkattacher/share/ros2_linkattacher/hook/cmake_prefix_path.ps1'
[2.048s] INFO:colcon.colcon_core.shell:Creating environment descriptor '/home/ibrahim/BinPicking/install/ros2_linkattacher/share/ros2_linkattacher/hook/cmake_prefix_path.dsv'
[2.049s] INFO:colcon.colcon_core.shell:Creating environment hook '/home/ibrahim/BinPicking/install/ros2_linkattacher/share/ros2_linkattacher/hook/cmake_prefix_path.sh'
[2.050s] Level 1:colcon.colcon_core.environment:checking '/home/ibrahim/BinPicking/install/ros2_linkattacher/lib'
[2.050s] Level 1:colcon.colcon_core.shell:create_environment_hook('ros2_linkattacher', 'ld_library_path_lib')
[2.050s] INFO:colcon.colcon_core.shell:Creating environment hook '/home/ibrahim/BinPicking/install/ros2_linkattacher/share/ros2_linkattacher/hook/ld_library_path_lib.ps1'
[2.051s] INFO:colcon.colcon_core.shell:Creating environment descriptor '/home/ibrahim/BinPicking/install/ros2_linkattacher/share/ros2_linkattacher/hook/ld_library_path_lib.dsv'
[2.051s] INFO:colcon.colcon_core.shell:Creating environment hook '/home/ibrahim/BinPicking/install/ros2_linkattacher/share/ros2_linkattacher/hook/ld_library_path_lib.sh'
[2.052s] Level 1:colcon.colcon_core.environment:checking '/home/ibrahim/BinPicking/install/ros2_linkattacher/bin'
[2.052s] Level 1:colcon.colcon_core.environment:checking '/home/ibrahim/BinPicking/install/ros2_linkattacher/lib/pkgconfig/ros2_linkattacher.pc'
[2.052s] Level 1:colcon.colcon_core.environment:checking '/home/ibrahim/BinPicking/install/ros2_linkattacher/lib/python3.10/site-packages'
[2.052s] Level 1:colcon.colcon_core.environment:checking '/home/ibrahim/BinPicking/install/ros2_linkattacher/bin'
[2.052s] INFO:colcon.colcon_core.shell:Creating package script '/home/ibrahim/BinPicking/install/ros2_linkattacher/share/ros2_linkattacher/package.ps1'
[2.053s] INFO:colcon.colcon_core.shell:Creating package descriptor '/home/ibrahim/BinPicking/install/ros2_linkattacher/share/ros2_linkattacher/package.dsv'
[2.053s] INFO:colcon.colcon_core.shell:Creating package script '/home/ibrahim/BinPicking/install/ros2_linkattacher/share/ros2_linkattacher/package.sh'
[2.053s] INFO:colcon.colcon_core.shell:Creating package script '/home/ibrahim/BinPicking/install/ros2_linkattacher/share/ros2_linkattacher/package.bash'
[2.054s] INFO:colcon.colcon_core.shell:Creating package script '/home/ibrahim/BinPicking/install/ros2_linkattacher/share/ros2_linkattacher/package.zsh'
[2.054s] Level 1:colcon.colcon_core.environment:create_file_with_runtime_dependencies(/home/ibrahim/BinPicking/install/ros2_linkattacher/share/colcon-core/packages/ros2_linkattacher)
[11.003s] DEBUG:colcon.colcon_core.event_handler.log_command:Invoked command in '/home/ibrahim/BinPicking/build/bin_nodes' returned '0': CMAKE_PREFIX_PATH=/home/ibrahim/BinPicking/install/linkattacher_msgs:/home/ibrahim/BinPicking/install/bin_interfaces:/home/ibrahim/BinPicking/install/ros2_linkattacher:/home/ibrahim/BinPicking/install/moveit_config:/home/ibrahim/BinPicking/install/bin_nodes:/home/ibrahim/RobotArmExpanded/install/main_arm_package:/home/ibrahim/RobotArmExpanded/install/action_interfaces:/home/ibrahim/MoveItArm/install/moveit_config:/home/ibrahim/MoveItArm/install/moveit_arm_package:/home/ibrahim/TF2Sample/install/tf2sim:/home/ibrahim/RobotNav/install/main_robot_nodes:/home/ibrahim/RobotNav/install/action_interfaces:/home/ibrahim/RobotMonitor/install/Robot3Node_Package:/home/ibrahim/ros2_ws/install/my_first_package:/home/ibrahim/ros2_ws/install/action_interfaces:/home/ibrahim/RobotArm/install/main_arm_package:/home/ibrahim/RobotArm/install/action_interfaces:/opt/ros/humble LD_LIBRARY_PATH=/home/ibrahim/BinPicking/install/linkattacher_msgs/lib:/home/ibrahim/BinPicking/install/bin_interfaces/lib:/home/ibrahim/BinPicking/install/ros2_linkattacher/lib:/home/ibrahim/RobotArmExpanded/install/action_interfaces/lib:/home/ibrahim/RobotArm/install/action_interfaces/lib:/home/ibrahim/RobotNav/install/action_interfaces/lib:/home/ibrahim/ros2_ws/install/action_interfaces/lib:/usr/lib/x86_64-linux-gnu/gazebo-11/plugins:/opt/ros/humble/opt/rviz_ogre_vendor/lib:/opt/ros/humble/lib/x86_64-linux-gnu:/opt/ros/humble/lib /usr/bin/cmake --build /home/ibrahim/BinPicking/build/bin_nodes -- -j16 -l16
[11.006s] DEBUG:colcon.colcon_core.event_handler.log_command:Invoking command in '/home/ibrahim/BinPicking/build/bin_nodes': CMAKE_PREFIX_PATH=/home/ibrahim/BinPicking/install/linkattacher_msgs:/home/ibrahim/BinPicking/install/bin_interfaces:/home/ibrahim/BinPicking/install/ros2_linkattacher:/home/ibrahim/BinPicking/install/moveit_config:/home/ibrahim/BinPicking/install/bin_nodes:/home/ibrahim/RobotArmExpanded/install/main_arm_package:/home/ibrahim/RobotArmExpanded/install/action_interfaces:/home/ibrahim/MoveItArm/install/moveit_config:/home/ibrahim/MoveItArm/install/moveit_arm_package:/home/ibrahim/TF2Sample/install/tf2sim:/home/ibrahim/RobotNav/install/main_robot_nodes:/home/ibrahim/RobotNav/install/action_interfaces:/home/ibrahim/RobotMonitor/install/Robot3Node_Package:/home/ibrahim/ros2_ws/install/my_first_package:/home/ibrahim/ros2_ws/install/action_interfaces:/home/ibrahim/RobotArm/install/main_arm_package:/home/ibrahim/RobotArm/install/action_interfaces:/opt/ros/humble LD_LIBRARY_PATH=/home/ibrahim/BinPicking/install/linkattacher_msgs/lib:/home/ibrahim/BinPicking/install/bin_interfaces/lib:/home/ibrahim/BinPicking/install/ros2_linkattacher/lib:/home/ibrahim/RobotArmExpanded/install/action_interfaces/lib:/home/ibrahim/RobotArm/install/action_interfaces/lib:/home/ibrahim/RobotNav/install/action_interfaces/lib:/home/ibrahim/ros2_ws/install/action_interfaces/lib:/usr/lib/x86_64-linux-gnu/gazebo-11/plugins:/opt/ros/humble/opt/rviz_ogre_vendor/lib:/opt/ros/humble/lib/x86_64-linux-gnu:/opt/ros/humble/lib /usr/bin/cmake --install /home/ibrahim/BinPicking/build/bin_nodes
[11.020s] Level 1:colcon.colcon_core.environment:create_environment_scripts_only(bin_nodes)
[11.021s] Level 1:colcon.colcon_core.environment:checking '/home/ibrahim/BinPicking/install/bin_nodes' for CMake module files
[11.021s] DEBUG:colcon.colcon_core.event_handler.log_command:Invoked command in '/home/ibrahim/BinPicking/build/bin_nodes' returned '0': CMAKE_PREFIX_PATH=/home/ibrahim/BinPicking/install/linkattacher_msgs:/home/ibrahim/BinPicking/install/bin_interfaces:/home/ibrahim/BinPicking/install/ros2_linkattacher:/home/ibrahim/BinPicking/install/moveit_config:/home/ibrahim/BinPicking/install/bin_nodes:/home/ibrahim/RobotArmExpanded/install/main_arm_package:/home/ibrahim/RobotArmExpanded/install/action_interfaces:/home/ibrahim/MoveItArm/install/moveit_config:/home/ibrahim/MoveItArm/install/moveit_arm_package:/home/ibrahim/TF2Sample/install/tf2sim:/home/ibrahim/RobotNav/install/main_robot_nodes:/home/ibrahim/RobotNav/install/action_interfaces:/home/ibrahim/RobotMonitor/install/Robot3Node_Package:/home/ibrahim/ros2_ws/install/my_first_package:/home/ibrahim/ros2_ws/install/action_interfaces:/home/ibrahim/RobotArm/install/main_arm_package:/home/ibrahim/RobotArm/install/action_interfaces:/opt/ros/humble LD_LIBRARY_PATH=/home/ibrahim/BinPicking/install/linkattacher_msgs/lib:/home/ibrahim/BinPicking/install/bin_interfaces/lib:/home/ibrahim/BinPicking/install/ros2_linkattacher/lib:/home/ibrahim/RobotArmExpanded/install/action_interfaces/lib:/home/ibrahim/RobotArm/install/action_interfaces/lib:/home/ibrahim/RobotNav/install/action_interfaces/lib:/home/ibrahim/ros2_ws/install/action_interfaces/lib:/usr/lib/x86_64-linux-gnu/gazebo-11/plugins:/opt/ros/humble/opt/rviz_ogre_vendor/lib:/opt/ros/humble/lib/x86_64-linux-gnu:/opt/ros/humble/lib /usr/bin/cmake --install /home/ibrahim/BinPicking/build/bin_nodes
[11.022s] Level 1:colcon.colcon_core.environment:checking '/home/ibrahim/BinPicking/install/bin_nodes' for CMake config files
[11.022s] Level 1:colcon.colcon_core.shell:create_environment_hook('bin_nodes', 'cmake_prefix_path')
[11.023s] INFO:colcon.colcon_core.shell:Creating environment hook '/home/ibrahim/BinPicking/install/bin_nodes/share/bin_nodes/hook/cmake_prefix_path.ps1'
[11.023s] INFO:colcon.colcon_core.shell:Creating environment descriptor '/home/ibrahim/BinPicking/install/bin_nodes/share/bin_nodes/hook/cmake_prefix_path.dsv'
[11.024s] INFO:colcon.colcon_core.shell:Creating environment hook '/home/ibrahim/BinPicking/install/bin_nodes/share/bin_nodes/hook/cmake_prefix_path.sh'
[11.024s] Level 1:colcon.colcon_core.environment:checking '/home/ibrahim/BinPicking/install/bin_nodes/lib'
[11.024s] Level 1:colcon.colcon_core.environment:checking '/home/ibrahim/BinPicking/install/bin_nodes/bin'
[11.024s] Level 1:colcon.colcon_core.environment:checking '/home/ibrahim/BinPicking/install/bin_nodes/lib/pkgconfig/bin_nodes.pc'
[11.025s] Level 1:colcon.colcon_core.environment:checking '/home/ibrahim/BinPicking/install/bin_nodes/lib/python3.10/site-packages'
[11.025s] Level 1:colcon.colcon_core.environment:checking '/home/ibrahim/BinPicking/install/bin_nodes/bin'
[11.025s] INFO:colcon.colcon_core.shell:Creating package script '/home/ibrahim/BinPicking/install/bin_nodes/share/bin_nodes/package.ps1'
[11.026s] INFO:colcon.colcon_core.shell:Creating package descriptor '/home/ibrahim/BinPicking/install/bin_nodes/share/bin_nodes/package.dsv'
[11.026s] INFO:colcon.colcon_core.shell:Creating package script '/home/ibrahim/BinPicking/install/bin_nodes/share/bin_nodes/package.sh'
[11.026s] INFO:colcon.colcon_core.shell:Creating package script '/home/ibrahim/BinPicking/install/bin_nodes/share/bin_nodes/package.bash'
[11.027s] INFO:colcon.colcon_core.shell:Creating package script '/home/ibrahim/BinPicking/install/bin_nodes/share/bin_nodes/package.zsh'
[11.027s] Level 1:colcon.colcon_core.environment:create_file_with_runtime_dependencies(/home/ibrahim/BinPicking/install/bin_nodes/share/colcon-core/packages/bin_nodes)
[11.027s] Level 1:colcon.colcon_core.environment:create_environment_scripts_only(bin_nodes)
[11.027s] Level 1:colcon.colcon_core.environment:checking '/home/ibrahim/BinPicking/install/bin_nodes' for CMake module files
[11.028s] Level 1:colcon.colcon_core.environment:checking '/home/ibrahim/BinPicking/install/bin_nodes' for CMake config files
[11.028s] Level 1:colcon.colcon_core.shell:create_environment_hook('bin_nodes', 'cmake_prefix_path')
[11.028s] INFO:colcon.colcon_core.shell:Creating environment hook '/home/ibrahim/BinPicking/install/bin_nodes/share/bin_nodes/hook/cmake_prefix_path.ps1'
[11.029s] INFO:colcon.colcon_core.shell:Creating environment descriptor '/home/ibrahim/BinPicking/install/bin_nodes/share/bin_nodes/hook/cmake_prefix_path.dsv'
[11.029s] INFO:colcon.colcon_core.shell:Creating environment hook '/home/ibrahim/BinPicking/install/bin_nodes/share/bin_nodes/hook/cmake_prefix_path.sh'
[11.029s] Level 1:colcon.colcon_core.environment:checking '/home/ibrahim/BinPicking/install/bin_nodes/lib'
[11.029s] Level 1:colcon.colcon_core.environment:checking '/home/ibrahim/BinPicking/install/bin_nodes/bin'
[11.029s] Level 1:colcon.colcon_core.environment:checking '/home/ibrahim/BinPicking/install/bin_nodes/lib/pkgconfig/bin_nodes.pc'
[11.029s] Level 1:colcon.colcon_core.environment:checking '/home/ibrahim/BinPicking/install/bin_nodes/lib/python3.10/site-packages'
[11.030s] Level 1:colcon.colcon_core.environment:checking '/home/ibrahim/BinPicking/install/bin_nodes/bin'
[11.030s] INFO:colcon.colcon_core.shell:Creating package script '/home/ibrahim/BinPicking/install/bin_nodes/share/bin_nodes/package.ps1'
[11.030s] INFO:colcon.colcon_core.shell:Creating package descriptor '/home/ibrahim/BinPicking/install/bin_nodes/share/bin_nodes/package.dsv'
[11.031s] INFO:colcon.colcon_core.shell:Creating package script '/home/ibrahim/BinPicking/install/bin_nodes/share/bin_nodes/package.sh'
[11.031s] INFO:colcon.colcon_core.shell:Creating package script '/home/ibrahim/BinPicking/install/bin_nodes/share/bin_nodes/package.bash'
[11.031s] INFO:colcon.colcon_core.shell:Creating package script '/home/ibrahim/BinPicking/install/bin_nodes/share/bin_nodes/package.zsh'
[11.032s] Level 1:colcon.colcon_core.environment:create_file_with_runtime_dependencies(/home/ibrahim/BinPicking/install/bin_nodes/share/colcon-core/packages/bin_nodes)
[11.032s] INFO:colcon.colcon_ros.task.ament_cmake.build:Building ROS package in '/home/ibrahim/BinPicking/src/moveit_config' with build type 'ament_cmake'
[11.032s] INFO:colcon.colcon_cmake.task.cmake.build:Building CMake package in '/home/ibrahim/BinPicking/src/moveit_config'
[11.032s] INFO:colcon.colcon_core.shell:Skip shell extension 'powershell' for command environment: Not usable outside of PowerShell
[11.033s] DEBUG:colcon.colcon_core.shell:Skip shell extension 'dsv' for command environment
[11.272s] DEBUG:colcon.colcon_core.event_handler.log_command:Invoking command in '/home/ibrahim/BinPicking/build/moveit_config': CMAKE_PREFIX_PATH=/home/ibrahim/BinPicking/install/bin_nodes:/home/ibrahim/BinPicking/install/linkattacher_msgs:/home/ibrahim/BinPicking/install/bin_interfaces:/home/ibrahim/BinPicking/install/ros2_linkattacher:/home/ibrahim/BinPicking/install/moveit_config:/home/ibrahim/RobotArmExpanded/install/main_arm_package:/home/ibrahim/RobotArmExpanded/install/action_interfaces:/home/ibrahim/MoveItArm/install/moveit_config:/home/ibrahim/MoveItArm/install/moveit_arm_package:/home/ibrahim/TF2Sample/install/tf2sim:/home/ibrahim/RobotNav/install/main_robot_nodes:/home/ibrahim/RobotNav/install/action_interfaces:/home/ibrahim/RobotMonitor/install/Robot3Node_Package:/home/ibrahim/ros2_ws/install/my_first_package:/home/ibrahim/ros2_ws/install/action_interfaces:/home/ibrahim/RobotArm/install/main_arm_package:/home/ibrahim/RobotArm/install/action_interfaces:/opt/ros/humble LD_LIBRARY_PATH=/home/ibrahim/BinPicking/install/linkattacher_msgs/lib:/home/ibrahim/BinPicking/install/bin_interfaces/lib:/home/ibrahim/BinPicking/install/ros2_linkattacher/lib:/home/ibrahim/RobotArmExpanded/install/action_interfaces/lib:/home/ibrahim/RobotArm/install/action_interfaces/lib:/home/ibrahim/RobotNav/install/action_interfaces/lib:/home/ibrahim/ros2_ws/install/action_interfaces/lib:/usr/lib/x86_64-linux-gnu/gazebo-11/plugins:/opt/ros/humble/opt/rviz_ogre_vendor/lib:/opt/ros/humble/lib/x86_64-linux-gnu:/opt/ros/humble/lib /usr/bin/cmake --build /home/ibrahim/BinPicking/build/moveit_config -- -j16 -l16
[11.316s] DEBUG:colcon.colcon_core.event_handler.log_command:Invoked command in '/home/ibrahim/BinPicking/build/moveit_config' returned '0': CMAKE_PREFIX_PATH=/home/ibrahim/BinPicking/install/bin_nodes:/home/ibrahim/BinPicking/install/linkattacher_msgs:/home/ibrahim/BinPicking/install/bin_interfaces:/home/ibrahim/BinPicking/install/ros2_linkattacher:/home/ibrahim/BinPicking/install/moveit_config:/home/ibrahim/RobotArmExpanded/install/main_arm_package:/home/ibrahim/RobotArmExpanded/install/action_interfaces:/home/ibrahim/MoveItArm/install/moveit_config:/home/ibrahim/MoveItArm/install/moveit_arm_package:/home/ibrahim/TF2Sample/install/tf2sim:/home/ibrahim/RobotNav/install/main_robot_nodes:/home/ibrahim/RobotNav/install/action_interfaces:/home/ibrahim/RobotMonitor/install/Robot3Node_Package:/home/ibrahim/ros2_ws/install/my_first_package:/home/ibrahim/ros2_ws/install/action_interfaces:/home/ibrahim/RobotArm/install/main_arm_package:/home/ibrahim/RobotArm/install/action_interfaces:/opt/ros/humble LD_LIBRARY_PATH=/home/ibrahim/BinPicking/install/linkattacher_msgs/lib:/home/ibrahim/BinPicking/install/bin_interfaces/lib:/home/ibrahim/BinPicking/install/ros2_linkattacher/lib:/home/ibrahim/RobotArmExpanded/install/action_interfaces/lib:/home/ibrahim/RobotArm/install/action_interfaces/lib:/home/ibrahim/RobotNav/install/action_interfaces/lib:/home/ibrahim/ros2_ws/install/action_interfaces/lib:/usr/lib/x86_64-linux-gnu/gazebo-11/plugins:/opt/ros/humble/opt/rviz_ogre_vendor/lib:/opt/ros/humble/lib/x86_64-linux-gnu:/opt/ros/humble/lib /usr/bin/cmake --build /home/ibrahim/BinPicking/build/moveit_config -- -j16 -l16
[11.318s] DEBUG:colcon.colcon_core.event_handler.log_command:Invoking command in '/home/ibrahim/BinPicking/build/moveit_config': CMAKE_PREFIX_PATH=/home/ibrahim/BinPicking/install/bin_nodes:/home/ibrahim/BinPicking/install/linkattacher_msgs:/home/ibrahim/BinPicking/install/bin_interfaces:/home/ibrahim/BinPicking/install/ros2_linkattacher:/home/ibrahim/BinPicking/install/moveit_config:/home/ibrahim/RobotArmExpanded/install/main_arm_package:/home/ibrahim/RobotArmExpanded/install/action_interfaces:/home/ibrahim/MoveItArm/install/moveit_config:/home/ibrahim/MoveItArm/install/moveit_arm_package:/home/ibrahim/TF2Sample/install/tf2sim:/home/ibrahim/RobotNav/install/main_robot_nodes:/home/ibrahim/RobotNav/install/action_interfaces:/home/ibrahim/RobotMonitor/install/Robot3Node_Package:/home/ibrahim/ros2_ws/install/my_first_package:/home/ibrahim/ros2_ws/install/action_interfaces:/home/ibrahim/RobotArm/install/main_arm_package:/home/ibrahim/RobotArm/install/action_interfaces:/opt/ros/humble LD_LIBRARY_PATH=/home/ibrahim/BinPicking/install/linkattacher_msgs/lib:/home/ibrahim/BinPicking/install/bin_interfaces/lib:/home/ibrahim/BinPicking/install/ros2_linkattacher/lib:/home/ibrahim/RobotArmExpanded/install/action_interfaces/lib:/home/ibrahim/RobotArm/install/action_interfaces/lib:/home/ibrahim/RobotNav/install/action_interfaces/lib:/home/ibrahim/ros2_ws/install/action_interfaces/lib:/usr/lib/x86_64-linux-gnu/gazebo-11/plugins:/opt/ros/humble/opt/rviz_ogre_vendor/lib:/opt/ros/humble/lib/x86_64-linux-gnu:/opt/ros/humble/lib /usr/bin/cmake --install /home/ibrahim/BinPicking/build/moveit_config
[11.332s] Level 1:colcon.colcon_core.environment:create_environment_scripts_only(moveit_config)
[11.332s] Level 1:colcon.colcon_core.environment:checking '/home/ibrahim/BinPicking/install/moveit_config' for CMake module files
[11.333s] DEBUG:colcon.colcon_core.event_handler.log_command:Invoked command in '/home/ibrahim/BinPicking/build/moveit_config' returned '0': CMAKE_PREFIX_PATH=/home/ibrahim/BinPicking/install/bin_nodes:/home/ibrahim/BinPicking/install/linkattacher_msgs:/home/ibrahim/BinPicking/install/bin_interfaces:/home/ibrahim/BinPicking/install/ros2_linkattacher:/home/ibrahim/BinPicking/install/moveit_config:/home/ibrahim/RobotArmExpanded/install/main_arm_package:/home/ibrahim/RobotArmExpanded/install/action_interfaces:/home/ibrahim/MoveItArm/install/moveit_config:/home/ibrahim/MoveItArm/install/moveit_arm_package:/home/ibrahim/TF2Sample/install/tf2sim:/home/ibrahim/RobotNav/install/main_robot_nodes:/home/ibrahim/RobotNav/install/action_interfaces:/home/ibrahim/RobotMonitor/install/Robot3Node_Package:/home/ibrahim/ros2_ws/install/my_first_package:/home/ibrahim/ros2_ws/install/action_interfaces:/home/ibrahim/RobotArm/install/main_arm_package:/home/ibrahim/RobotArm/install/action_interfaces:/opt/ros/humble LD_LIBRARY_PATH=/home/ibrahim/BinPicking/install/linkattacher_msgs/lib:/home/ibrahim/BinPicking/install/bin_interfaces/lib:/home/ibrahim/BinPicking/install/ros2_linkattacher/lib:/home/ibrahim/RobotArmExpanded/install/action_interfaces/lib:/home/ibrahim/RobotArm/install/action_interfaces/lib:/home/ibrahim/RobotNav/install/action_interfaces/lib:/home/ibrahim/ros2_ws/install/action_interfaces/lib:/usr/lib/x86_64-linux-gnu/gazebo-11/plugins:/opt/ros/humble/opt/rviz_ogre_vendor/lib:/opt/ros/humble/lib/x86_64-linux-gnu:/opt/ros/humble/lib /usr/bin/cmake --install /home/ibrahim/BinPicking/build/moveit_config
[11.333s] Level 1:colcon.colcon_core.environment:checking '/home/ibrahim/BinPicking/install/moveit_config' for CMake config files
[11.334s] Level 1:colcon.colcon_core.shell:create_environment_hook('moveit_config', 'cmake_prefix_path')
[11.334s] INFO:colcon.colcon_core.shell:Creating environment hook '/home/ibrahim/BinPicking/install/moveit_config/share/moveit_config/hook/cmake_prefix_path.ps1'
[11.335s] INFO:colcon.colcon_core.shell:Creating environment descriptor '/home/ibrahim/BinPicking/install/moveit_config/share/moveit_config/hook/cmake_prefix_path.dsv'
[11.335s] INFO:colcon.colcon_core.shell:Creating environment hook '/home/ibrahim/BinPicking/install/moveit_config/share/moveit_config/hook/cmake_prefix_path.sh'
[11.336s] Level 1:colcon.colcon_core.environment:checking '/home/ibrahim/BinPicking/install/moveit_config/bin'
[11.336s] Level 1:colcon.colcon_core.environment:checking '/home/ibrahim/BinPicking/install/moveit_config/lib/pkgconfig/moveit_config.pc'
[11.336s] Level 1:colcon.colcon_core.environment:checking '/home/ibrahim/BinPicking/install/moveit_config/lib/python3.10/site-packages'
[11.336s] Level 1:colcon.colcon_core.environment:checking '/home/ibrahim/BinPicking/install/moveit_config/bin'
[11.336s] INFO:colcon.colcon_core.shell:Creating package script '/home/ibrahim/BinPicking/install/moveit_config/share/moveit_config/package.ps1'
[11.337s] INFO:colcon.colcon_core.shell:Creating package descriptor '/home/ibrahim/BinPicking/install/moveit_config/share/moveit_config/package.dsv'
[11.337s] INFO:colcon.colcon_core.shell:Creating package script '/home/ibrahim/BinPicking/install/moveit_config/share/moveit_config/package.sh'
[11.337s] INFO:colcon.colcon_core.shell:Creating package script '/home/ibrahim/BinPicking/install/moveit_config/share/moveit_config/package.bash'
[11.338s] INFO:colcon.colcon_core.shell:Creating package script '/home/ibrahim/BinPicking/install/moveit_config/share/moveit_config/package.zsh'
[11.338s] Level 1:colcon.colcon_core.environment:create_file_with_runtime_dependencies(/home/ibrahim/BinPicking/install/moveit_config/share/colcon-core/packages/moveit_config)
[11.339s] Level 1:colcon.colcon_core.environment:create_environment_scripts_only(moveit_config)
[11.339s] Level 1:colcon.colcon_core.environment:checking '/home/ibrahim/BinPicking/install/moveit_config' for CMake module files
[11.339s] Level 1:colcon.colcon_core.environment:checking '/home/ibrahim/BinPicking/install/moveit_config' for CMake config files
[11.339s] Level 1:colcon.colcon_core.shell:create_environment_hook('moveit_config', 'cmake_prefix_path')
[11.339s] INFO:colcon.colcon_core.shell:Creating environment hook '/home/ibrahim/BinPicking/install/moveit_config/share/moveit_config/hook/cmake_prefix_path.ps1'
[11.340s] INFO:colcon.colcon_core.shell:Creating environment descriptor '/home/ibrahim/BinPicking/install/moveit_config/share/moveit_config/hook/cmake_prefix_path.dsv'
[11.340s] INFO:colcon.colcon_core.shell:Creating environment hook '/home/ibrahim/BinPicking/install/moveit_config/share/moveit_config/hook/cmake_prefix_path.sh'
[11.341s] Level 1:colcon.colcon_core.environment:checking '/home/ibrahim/BinPicking/install/moveit_config/bin'
[11.341s] Level 1:colcon.colcon_core.environment:checking '/home/ibrahim/BinPicking/install/moveit_config/lib/pkgconfig/moveit_config.pc'
[11.341s] Level 1:colcon.colcon_core.environment:checking '/home/ibrahim/BinPicking/install/moveit_config/lib/python3.10/site-packages'
[11.341s] Level 1:colcon.colcon_core.environment:checking '/home/ibrahim/BinPicking/install/moveit_config/bin'
[11.341s] INFO:colcon.colcon_core.shell:Creating package script '/home/ibrahim/BinPicking/install/moveit_config/share/moveit_config/package.ps1'
[11.342s] INFO:colcon.colcon_core.shell:Creating package descriptor '/home/ibrahim/BinPicking/install/moveit_config/share/moveit_config/package.dsv'
[11.342s] INFO:colcon.colcon_core.shell:Creating package script '/home/ibrahim/BinPicking/install/moveit_config/share/moveit_config/package.sh'
[11.342s] INFO:colcon.colcon_core.shell:Creating package script '/home/ibrahim/BinPicking/install/moveit_config/share/moveit_config/package.bash'
[11.343s] INFO:colcon.colcon_core.shell:Creating package script '/home/ibrahim/BinPicking/install/moveit_config/share/moveit_config/package.zsh'
[11.343s] Level 1:colcon.colcon_core.environment:create_file_with_runtime_dependencies(/home/ibrahim/BinPicking/install/moveit_config/share/colcon-core/packages/moveit_config)
[11.344s] DEBUG:colcon.colcon_parallel_executor.executor.parallel:closing loop
[11.344s] DEBUG:colcon.colcon_parallel_executor.executor.parallel:loop closed
[11.344s] DEBUG:colcon.colcon_parallel_executor.executor.parallel:run_until_complete finished with '0'
[11.344s] DEBUG:colcon.colcon_core.event_reactor:joining thread
[11.396s] INFO:colcon.colcon_core.plugin_system:Skipping extension 'colcon_notification.desktop_notification.notify_send': Could not find 'notify-send'
[11.396s] INFO:colcon.colcon_core.plugin_system:Skipping extension 'colcon_notification.desktop_notification.terminal_notifier': Not used on non-Darwin systems
[11.396s] INFO:colcon.colcon_core.plugin_system:Skipping extension 'colcon_notification.desktop_notification.win32': Not used on non-Windows systems
[11.396s] INFO:colcon.colcon_notification.desktop_notification:Sending desktop notification using 'notify2'
[11.397s] DEBUG:colcon.colcon_notification.desktop_notification.notify2:Failed to initialize notify2: org.freedesktop.DBus.Error.FileNotFound: Failed to connect to socket /run/user/1000/bus: No such file or directory
[11.397s] DEBUG:colcon.colcon_core.event_reactor:joined thread
[11.397s] INFO:colcon.colcon_core.shell:Creating prefix script '/home/ibrahim/BinPicking/install/local_setup.ps1'
[11.398s] INFO:colcon.colcon_core.shell:Creating prefix util module '/home/ibrahim/BinPicking/install/_local_setup_util_ps1.py'
[11.399s] INFO:colcon.colcon_core.shell:Creating prefix chain script '/home/ibrahim/BinPicking/install/setup.ps1'
[11.401s] INFO:colcon.colcon_core.shell:Creating prefix script '/home/ibrahim/BinPicking/install/local_setup.sh'
[11.401s] INFO:colcon.colcon_core.shell:Creating prefix util module '/home/ibrahim/BinPicking/install/_local_setup_util_sh.py'
[11.402s] INFO:colcon.colcon_core.shell:Creating prefix chain script '/home/ibrahim/BinPicking/install/setup.sh'
[11.404s] INFO:colcon.colcon_core.shell:Creating prefix script '/home/ibrahim/BinPicking/install/local_setup.bash'
[11.404s] INFO:colcon.colcon_core.shell:Creating prefix chain script '/home/ibrahim/BinPicking/install/setup.bash'
[11.405s] INFO:colcon.colcon_core.shell:Creating prefix script '/home/ibrahim/BinPicking/install/local_setup.zsh'
[11.406s] INFO:colcon.colcon_core.shell:Creating prefix chain script '/home/ibrahim/BinPicking/install/setup.zsh'
