[0.247s] DEBUG:colcon:Command line arguments: ['/usr/bin/colcon', 'build']
[0.247s] DEBUG:colcon:Parsed command line arguments: Namespace(log_base=None, log_level=None, verb_name='build', build_base='build', install_base='install', merge_install=False, symlink_install=False, test_result_base=None, continue_on_error=False, executor='parallel', parallel_workers=16, event_handlers=None, ignore_user_meta=False, metas=['./colcon.meta'], base_paths=['.'], packages_ignore=None, packages_ignore_regex=None, paths=None, packages_up_to=None, packages_up_to_regex=None, packages_above=None, packages_above_and_dependencies=None, packages_above_depth=None, packages_select_by_dep=None, packages_skip_by_dep=None, packages_skip_up_to=None, packages_select_build_failed=False, packages_skip_build_finished=False, packages_select_test_failures=False, packages_skip_test_passed=False, packages_select=None, packages_skip=None, packages_select_regex=None, packages_skip_regex=None, packages_start=None, packages_end=None, allow_overriding=[], cmake_args=None, cmake_target=None, cmake_target_skip_unavailable=False, cmake_clean_cache=False, cmake_clean_first=False, cmake_force_configure=False, ament_cmake_args=None, catkin_cmake_args=None, catkin_skip_building_tests=False, verb_parser=<colcon_defaults.argument_parser.defaults.DefaultArgumentsDecorator object at 0x7ae9ed519180>, verb_extension=<colcon_core.verb.build.BuildVerb object at 0x7ae9ed518bb0>, main=<bound method BuildVerb.main of <colcon_core.verb.build.BuildVerb object at 0x7ae9ed518bb0>>)
[0.584s] Level 1:colcon.colcon_core.package_discovery:discover_packages(colcon_meta) check parameters
[0.584s] Level 1:colcon.colcon_core.package_discovery:discover_packages(recursive) check parameters
[0.585s] Level 1:colcon.colcon_core.package_discovery:discover_packages(ignore) check parameters
[0.585s] Level 1:colcon.colcon_core.package_discovery:discover_packages(path) check parameters
[0.585s] Level 1:colcon.colcon_core.package_discovery:discover_packages(colcon_meta) discover
[0.585s] Level 1:colcon.colcon_core.package_discovery:discover_packages(recursive) discover
[0.585s] INFO:colcon.colcon_core.package_discovery:Crawling recursively for packages in '/home/ibrahim/BinPicking'
[0.585s] Level 1:colcon.colcon_core.package_identification:_identify(.) by extensions ['ignore', 'ignore_ament_install']
[0.585s] Level 1:colcon.colcon_core.package_identification:_identify(.) by extension 'ignore'
[0.585s] Level 1:colcon.colcon_core.package_identification:_identify(.) by extension 'ignore_ament_install'
[0.585s] Level 1:colcon.colcon_core.package_identification:_identify(.) by extensions ['colcon_pkg']
[0.585s] Level 1:colcon.colcon_core.package_identification:_identify(.) by extension 'colcon_pkg'
[0.585s] Level 1:colcon.colcon_core.package_identification:_identify(.) by extensions ['colcon_meta']
[0.585s] Level 1:colcon.colcon_core.package_identification:_identify(.) by extension 'colcon_meta'
[0.585s] Level 1:colcon.colcon_core.package_identification:_identify(.) by extensions ['ros']
[0.585s] Level 1:colcon.colcon_core.package_identification:_identify(.) by extension 'ros'
[0.601s] Level 1:colcon.colcon_core.package_identification:_identify(.) by extensions ['cmake', 'python']
[0.601s] Level 1:colcon.colcon_core.package_identification:_identify(.) by extension 'cmake'
[0.601s] Level 1:colcon.colcon_core.package_identification:_identify(.) by extension 'python'
[0.601s] Level 1:colcon.colcon_core.package_identification:_identify(.) by extensions ['python_setup_py']
[0.601s] Level 1:colcon.colcon_core.package_identification:_identify(.) by extension 'python_setup_py'
[0.601s] Level 1:colcon.colcon_core.package_identification:_identify(build) by extensions ['ignore', 'ignore_ament_install']
[0.601s] Level 1:colcon.colcon_core.package_identification:_identify(build) by extension 'ignore'
[0.601s] Level 1:colcon.colcon_core.package_identification:_identify(build) ignored
[0.601s] Level 1:colcon.colcon_core.package_identification:_identify(install) by extensions ['ignore', 'ignore_ament_install']
[0.601s] Level 1:colcon.colcon_core.package_identification:_identify(install) by extension 'ignore'
[0.602s] Level 1:colcon.colcon_core.package_identification:_identify(install) ignored
[0.602s] Level 1:colcon.colcon_core.package_identification:_identify(log) by extensions ['ignore', 'ignore_ament_install']
[0.602s] Level 1:colcon.colcon_core.package_identification:_identify(log) by extension 'ignore'
[0.602s] Level 1:colcon.colcon_core.package_identification:_identify(log) ignored
[0.602s] Level 1:colcon.colcon_core.package_identification:_identify(src) by extensions ['ignore', 'ignore_ament_install']
[0.602s] Level 1:colcon.colcon_core.package_identification:_identify(src) by extension 'ignore'
[0.602s] Level 1:colcon.colcon_core.package_identification:_identify(src) by extension 'ignore_ament_install'
[0.602s] Level 1:colcon.colcon_core.package_identification:_identify(src) by extensions ['colcon_pkg']
[0.602s] Level 1:colcon.colcon_core.package_identification:_identify(src) by extension 'colcon_pkg'
[0.602s] Level 1:colcon.colcon_core.package_identification:_identify(src) by extensions ['colcon_meta']
[0.602s] Level 1:colcon.colcon_core.package_identification:_identify(src) by extension 'colcon_meta'
[0.602s] Level 1:colcon.colcon_core.package_identification:_identify(src) by extensions ['ros']
[0.602s] Level 1:colcon.colcon_core.package_identification:_identify(src) by extension 'ros'
[0.602s] Level 1:colcon.colcon_core.package_identification:_identify(src) by extensions ['cmake', 'python']
[0.603s] Level 1:colcon.colcon_core.package_identification:_identify(src) by extension 'cmake'
[0.603s] Level 1:colcon.colcon_core.package_identification:_identify(src) by extension 'python'
[0.603s] Level 1:colcon.colcon_core.package_identification:_identify(src) by extensions ['python_setup_py']
[0.603s] Level 1:colcon.colcon_core.package_identification:_identify(src) by extension 'python_setup_py'
[0.603s] Level 1:colcon.colcon_core.package_identification:_identify(src/IFRA_LinkAttacher) by extensions ['ignore', 'ignore_ament_install']
[0.603s] Level 1:colcon.colcon_core.package_identification:_identify(src/IFRA_LinkAttacher) by extension 'ignore'
[0.603s] Level 1:colcon.colcon_core.package_identification:_identify(src/IFRA_LinkAttacher) by extension 'ignore_ament_install'
[0.603s] Level 1:colcon.colcon_core.package_identification:_identify(src/IFRA_LinkAttacher) by extensions ['colcon_pkg']
[0.603s] Level 1:colcon.colcon_core.package_identification:_identify(src/IFRA_LinkAttacher) by extension 'colcon_pkg'
[0.603s] Level 1:colcon.colcon_core.package_identification:_identify(src/IFRA_LinkAttacher) by extensions ['colcon_meta']
[0.603s] Level 1:colcon.colcon_core.package_identification:_identify(src/IFRA_LinkAttacher) by extension 'colcon_meta'
[0.603s] Level 1:colcon.colcon_core.package_identification:_identify(src/IFRA_LinkAttacher) by extensions ['ros']
[0.603s] Level 1:colcon.colcon_core.package_identification:_identify(src/IFRA_LinkAttacher) by extension 'ros'
[0.604s] Level 1:colcon.colcon_core.package_identification:_identify(src/IFRA_LinkAttacher) by extensions ['cmake', 'python']
[0.604s] Level 1:colcon.colcon_core.package_identification:_identify(src/IFRA_LinkAttacher) by extension 'cmake'
[0.604s] Level 1:colcon.colcon_core.package_identification:_identify(src/IFRA_LinkAttacher) by extension 'python'
[0.604s] Level 1:colcon.colcon_core.package_identification:_identify(src/IFRA_LinkAttacher) by extensions ['python_setup_py']
[0.604s] Level 1:colcon.colcon_core.package_identification:_identify(src/IFRA_LinkAttacher) by extension 'python_setup_py'
[0.604s] Level 1:colcon.colcon_core.package_identification:_identify(src/IFRA_LinkAttacher/linkattacher_msgs) by extensions ['ignore', 'ignore_ament_install']
[0.604s] Level 1:colcon.colcon_core.package_identification:_identify(src/IFRA_LinkAttacher/linkattacher_msgs) by extension 'ignore'
[0.604s] Level 1:colcon.colcon_core.package_identification:_identify(src/IFRA_LinkAttacher/linkattacher_msgs) by extension 'ignore_ament_install'
[0.604s] Level 1:colcon.colcon_core.package_identification:_identify(src/IFRA_LinkAttacher/linkattacher_msgs) by extensions ['colcon_pkg']
[0.604s] Level 1:colcon.colcon_core.package_identification:_identify(src/IFRA_LinkAttacher/linkattacher_msgs) by extension 'colcon_pkg'
[0.604s] Level 1:colcon.colcon_core.package_identification:_identify(src/IFRA_LinkAttacher/linkattacher_msgs) by extensions ['colcon_meta']
[0.605s] Level 1:colcon.colcon_core.package_identification:_identify(src/IFRA_LinkAttacher/linkattacher_msgs) by extension 'colcon_meta'
[0.605s] Level 1:colcon.colcon_core.package_identification:_identify(src/IFRA_LinkAttacher/linkattacher_msgs) by extensions ['ros']
[0.605s] Level 1:colcon.colcon_core.package_identification:_identify(src/IFRA_LinkAttacher/linkattacher_msgs) by extension 'ros'
[0.608s] DEBUG:colcon.colcon_core.package_identification:Package 'src/IFRA_LinkAttacher/linkattacher_msgs' with type 'ros.ament_cmake' and name 'linkattacher_msgs'
[0.609s] Level 1:colcon.colcon_core.package_identification:_identify(src/IFRA_LinkAttacher/ros2_LinkAttacher) by extensions ['ignore', 'ignore_ament_install']
[0.609s] Level 1:colcon.colcon_core.package_identification:_identify(src/IFRA_LinkAttacher/ros2_LinkAttacher) by extension 'ignore'
[0.609s] Level 1:colcon.colcon_core.package_identification:_identify(src/IFRA_LinkAttacher/ros2_LinkAttacher) by extension 'ignore_ament_install'
[0.609s] Level 1:colcon.colcon_core.package_identification:_identify(src/IFRA_LinkAttacher/ros2_LinkAttacher) by extensions ['colcon_pkg']
[0.609s] Level 1:colcon.colcon_core.package_identification:_identify(src/IFRA_LinkAttacher/ros2_LinkAttacher) by extension 'colcon_pkg'
[0.609s] Level 1:colcon.colcon_core.package_identification:_identify(src/IFRA_LinkAttacher/ros2_LinkAttacher) by extensions ['colcon_meta']
[0.609s] Level 1:colcon.colcon_core.package_identification:_identify(src/IFRA_LinkAttacher/ros2_LinkAttacher) by extension 'colcon_meta'
[0.609s] Level 1:colcon.colcon_core.package_identification:_identify(src/IFRA_LinkAttacher/ros2_LinkAttacher) by extensions ['ros']
[0.609s] Level 1:colcon.colcon_core.package_identification:_identify(src/IFRA_LinkAttacher/ros2_LinkAttacher) by extension 'ros'
[0.610s] DEBUG:colcon.colcon_core.package_identification:Package 'src/IFRA_LinkAttacher/ros2_LinkAttacher' with type 'ros.ament_cmake' and name 'ros2_linkattacher'
[0.610s] Level 1:colcon.colcon_core.package_identification:_identify(src/bin_nodes) by extensions ['ignore', 'ignore_ament_install']
[0.610s] Level 1:colcon.colcon_core.package_identification:_identify(src/bin_nodes) by extension 'ignore'
[0.610s] Level 1:colcon.colcon_core.package_identification:_identify(src/bin_nodes) by extension 'ignore_ament_install'
[0.610s] Level 1:colcon.colcon_core.package_identification:_identify(src/bin_nodes) by extensions ['colcon_pkg']
[0.610s] Level 1:colcon.colcon_core.package_identification:_identify(src/bin_nodes) by extension 'colcon_pkg'
[0.610s] Level 1:colcon.colcon_core.package_identification:_identify(src/bin_nodes) by extensions ['colcon_meta']
[0.611s] Level 1:colcon.colcon_core.package_identification:_identify(src/bin_nodes) by extension 'colcon_meta'
[0.611s] Level 1:colcon.colcon_core.package_identification:_identify(src/bin_nodes) by extensions ['ros']
[0.611s] Level 1:colcon.colcon_core.package_identification:_identify(src/bin_nodes) by extension 'ros'
[0.611s] DEBUG:colcon.colcon_core.package_identification:Package 'src/bin_nodes' with type 'ros.ament_cmake' and name 'bin_nodes'
[0.611s] Level 1:colcon.colcon_core.package_identification:_identify(src/build) by extensions ['ignore', 'ignore_ament_install']
[0.612s] Level 1:colcon.colcon_core.package_identification:_identify(src/build) by extension 'ignore'
[0.612s] Level 1:colcon.colcon_core.package_identification:_identify(src/build) ignored
[0.612s] Level 1:colcon.colcon_core.package_identification:_identify(src/install) by extensions ['ignore', 'ignore_ament_install']
[0.612s] Level 1:colcon.colcon_core.package_identification:_identify(src/install) by extension 'ignore'
[0.612s] Level 1:colcon.colcon_core.package_identification:_identify(src/install) ignored
[0.612s] Level 1:colcon.colcon_core.package_identification:_identify(src/log) by extensions ['ignore', 'ignore_ament_install']
[0.612s] Level 1:colcon.colcon_core.package_identification:_identify(src/log) by extension 'ignore'
[0.613s] Level 1:colcon.colcon_core.package_identification:_identify(src/log) ignored
[0.613s] Level 1:colcon.colcon_core.package_identification:_identify(src/moveit_config) by extensions ['ignore', 'ignore_ament_install']
[0.613s] Level 1:colcon.colcon_core.package_identification:_identify(src/moveit_config) by extension 'ignore'
[0.613s] Level 1:colcon.colcon_core.package_identification:_identify(src/moveit_config) by extension 'ignore_ament_install'
[0.613s] Level 1:colcon.colcon_core.package_identification:_identify(src/moveit_config) by extensions ['colcon_pkg']
[0.613s] Level 1:colcon.colcon_core.package_identification:_identify(src/moveit_config) by extension 'colcon_pkg'
[0.613s] Level 1:colcon.colcon_core.package_identification:_identify(src/moveit_config) by extensions ['colcon_meta']
[0.613s] Level 1:colcon.colcon_core.package_identification:_identify(src/moveit_config) by extension 'colcon_meta'
[0.613s] Level 1:colcon.colcon_core.package_identification:_identify(src/moveit_config) by extensions ['ros']
[0.613s] Level 1:colcon.colcon_core.package_identification:_identify(src/moveit_config) by extension 'ros'
[0.614s] DEBUG:colcon.colcon_core.package_identification:Package 'src/moveit_config' with type 'ros.ament_cmake' and name 'moveit_config'
[0.614s] Level 1:colcon.colcon_core.package_discovery:discover_packages(recursive) using defaults
[0.614s] Level 1:colcon.colcon_core.package_discovery:discover_packages(ignore) discover
[0.614s] Level 1:colcon.colcon_core.package_discovery:discover_packages(ignore) using defaults
[0.614s] Level 1:colcon.colcon_core.package_discovery:discover_packages(path) discover
[0.614s] Level 1:colcon.colcon_core.package_discovery:discover_packages(path) using defaults
[0.657s] Level 1:colcon.colcon_core.package_discovery:discover_packages(prefix_path) check parameters
[0.658s] Level 1:colcon.colcon_core.package_discovery:discover_packages(prefix_path) discover
[0.667s] DEBUG:colcon.colcon_installed_package_information.package_discovery:Found 4 installed packages in /home/ibrahim/BinPicking/install
[0.668s] DEBUG:colcon.colcon_installed_package_information.package_discovery:Found 2 installed packages in /home/ibrahim/MoveItArm/install
[0.670s] DEBUG:colcon.colcon_installed_package_information.package_discovery:Found 2 installed packages in /home/ibrahim/RobotArmExpanded/install
[0.671s] DEBUG:colcon.colcon_installed_package_information.package_discovery:Found 2 installed packages in /home/ibrahim/RobotArm/install
[0.672s] DEBUG:colcon.colcon_installed_package_information.package_discovery:Found 1 installed packages in /home/ibrahim/TF2Sample/install
[0.673s] DEBUG:colcon.colcon_installed_package_information.package_discovery:Found 2 installed packages in /home/ibrahim/RobotNav/install
[0.673s] DEBUG:colcon.colcon_installed_package_information.package_discovery:Found 1 installed packages in /home/ibrahim/RobotMonitor/install
[0.674s] DEBUG:colcon.colcon_installed_package_information.package_discovery:Found 2 installed packages in /home/ibrahim/ros2_ws/install
[0.676s] DEBUG:colcon.colcon_installed_package_information.package_discovery:Found 449 installed packages in /opt/ros/humble
[0.678s] Level 1:colcon.colcon_core.package_discovery:discover_packages(prefix_path) using defaults
[0.803s] Level 5:colcon.colcon_core.verb:set package 'linkattacher_msgs' build argument 'cmake_args' from command line to 'None'
[0.803s] Level 5:colcon.colcon_core.verb:set package 'linkattacher_msgs' build argument 'cmake_target' from command line to 'None'
[0.803s] Level 5:colcon.colcon_core.verb:set package 'linkattacher_msgs' build argument 'cmake_target_skip_unavailable' from command line to 'False'
[0.803s] Level 5:colcon.colcon_core.verb:set package 'linkattacher_msgs' build argument 'cmake_clean_cache' from command line to 'False'
[0.803s] Level 5:colcon.colcon_core.verb:set package 'linkattacher_msgs' build argument 'cmake_clean_first' from command line to 'False'
[0.803s] Level 5:colcon.colcon_core.verb:set package 'linkattacher_msgs' build argument 'cmake_force_configure' from command line to 'False'
[0.803s] Level 5:colcon.colcon_core.verb:set package 'linkattacher_msgs' build argument 'ament_cmake_args' from command line to 'None'
[0.803s] Level 5:colcon.colcon_core.verb:set package 'linkattacher_msgs' build argument 'catkin_cmake_args' from command line to 'None'
[0.803s] Level 5:colcon.colcon_core.verb:set package 'linkattacher_msgs' build argument 'catkin_skip_building_tests' from command line to 'False'
[0.803s] DEBUG:colcon.colcon_core.verb:Building package 'linkattacher_msgs' with the following arguments: {'ament_cmake_args': None, 'build_base': '/home/ibrahim/BinPicking/build/linkattacher_msgs', 'catkin_cmake_args': None, 'catkin_skip_building_tests': False, 'cmake_args': None, 'cmake_clean_cache': False, 'cmake_clean_first': False, 'cmake_force_configure': False, 'cmake_target': None, 'cmake_target_skip_unavailable': False, 'install_base': '/home/ibrahim/BinPicking/install/linkattacher_msgs', 'merge_install': False, 'path': '/home/ibrahim/BinPicking/src/IFRA_LinkAttacher/linkattacher_msgs', 'symlink_install': False, 'test_result_base': None}
[0.804s] Level 5:colcon.colcon_core.verb:set package 'bin_nodes' build argument 'cmake_args' from command line to 'None'
[0.804s] Level 5:colcon.colcon_core.verb:set package 'bin_nodes' build argument 'cmake_target' from command line to 'None'
[0.804s] Level 5:colcon.colcon_core.verb:set package 'bin_nodes' build argument 'cmake_target_skip_unavailable' from command line to 'False'
[0.804s] Level 5:colcon.colcon_core.verb:set package 'bin_nodes' build argument 'cmake_clean_cache' from command line to 'False'
[0.804s] Level 5:colcon.colcon_core.verb:set package 'bin_nodes' build argument 'cmake_clean_first' from command line to 'False'
[0.804s] Level 5:colcon.colcon_core.verb:set package 'bin_nodes' build argument 'cmake_force_configure' from command line to 'False'
[0.804s] Level 5:colcon.colcon_core.verb:set package 'bin_nodes' build argument 'ament_cmake_args' from command line to 'None'
[0.804s] Level 5:colcon.colcon_core.verb:set package 'bin_nodes' build argument 'catkin_cmake_args' from command line to 'None'
[0.804s] Level 5:colcon.colcon_core.verb:set package 'bin_nodes' build argument 'catkin_skip_building_tests' from command line to 'False'
[0.804s] DEBUG:colcon.colcon_core.verb:Building package 'bin_nodes' with the following arguments: {'ament_cmake_args': None, 'build_base': '/home/ibrahim/BinPicking/build/bin_nodes', 'catkin_cmake_args': None, 'catkin_skip_building_tests': False, 'cmake_args': None, 'cmake_clean_cache': False, 'cmake_clean_first': False, 'cmake_force_configure': False, 'cmake_target': None, 'cmake_target_skip_unavailable': False, 'install_base': '/home/ibrahim/BinPicking/install/bin_nodes', 'merge_install': False, 'path': '/home/ibrahim/BinPicking/src/bin_nodes', 'symlink_install': False, 'test_result_base': None}
[0.804s] Level 5:colcon.colcon_core.verb:set package 'ros2_linkattacher' build argument 'cmake_args' from command line to 'None'
[0.804s] Level 5:colcon.colcon_core.verb:set package 'ros2_linkattacher' build argument 'cmake_target' from command line to 'None'
[0.804s] Level 5:colcon.colcon_core.verb:set package 'ros2_linkattacher' build argument 'cmake_target_skip_unavailable' from command line to 'False'
[0.804s] Level 5:colcon.colcon_core.verb:set package 'ros2_linkattacher' build argument 'cmake_clean_cache' from command line to 'False'
[0.804s] Level 5:colcon.colcon_core.verb:set package 'ros2_linkattacher' build argument 'cmake_clean_first' from command line to 'False'
[0.804s] Level 5:colcon.colcon_core.verb:set package 'ros2_linkattacher' build argument 'cmake_force_configure' from command line to 'False'
[0.804s] Level 5:colcon.colcon_core.verb:set package 'ros2_linkattacher' build argument 'ament_cmake_args' from command line to 'None'
[0.804s] Level 5:colcon.colcon_core.verb:set package 'ros2_linkattacher' build argument 'catkin_cmake_args' from command line to 'None'
[0.804s] Level 5:colcon.colcon_core.verb:set package 'ros2_linkattacher' build argument 'catkin_skip_building_tests' from command line to 'False'
[0.804s] DEBUG:colcon.colcon_core.verb:Building package 'ros2_linkattacher' with the following arguments: {'ament_cmake_args': None, 'build_base': '/home/ibrahim/BinPicking/build/ros2_linkattacher', 'catkin_cmake_args': None, 'catkin_skip_building_tests': False, 'cmake_args': None, 'cmake_clean_cache': False, 'cmake_clean_first': False, 'cmake_force_configure': False, 'cmake_target': None, 'cmake_target_skip_unavailable': False, 'install_base': '/home/ibrahim/BinPicking/install/ros2_linkattacher', 'merge_install': False, 'path': '/home/ibrahim/BinPicking/src/IFRA_LinkAttacher/ros2_LinkAttacher', 'symlink_install': False, 'test_result_base': None}
[0.805s] Level 5:colcon.colcon_core.verb:set package 'moveit_config' build argument 'cmake_args' from command line to 'None'
[0.805s] Level 5:colcon.colcon_core.verb:set package 'moveit_config' build argument 'cmake_target' from command line to 'None'
[0.805s] Level 5:colcon.colcon_core.verb:set package 'moveit_config' build argument 'cmake_target_skip_unavailable' from command line to 'False'
[0.805s] Level 5:colcon.colcon_core.verb:set package 'moveit_config' build argument 'cmake_clean_cache' from command line to 'False'
[0.805s] Level 5:colcon.colcon_core.verb:set package 'moveit_config' build argument 'cmake_clean_first' from command line to 'False'
[0.805s] Level 5:colcon.colcon_core.verb:set package 'moveit_config' build argument 'cmake_force_configure' from command line to 'False'
[0.805s] Level 5:colcon.colcon_core.verb:set package 'moveit_config' build argument 'ament_cmake_args' from command line to 'None'
[0.805s] Level 5:colcon.colcon_core.verb:set package 'moveit_config' build argument 'catkin_cmake_args' from command line to 'None'
[0.805s] Level 5:colcon.colcon_core.verb:set package 'moveit_config' build argument 'catkin_skip_building_tests' from command line to 'False'
[0.805s] DEBUG:colcon.colcon_core.verb:Building package 'moveit_config' with the following arguments: {'ament_cmake_args': None, 'build_base': '/home/ibrahim/BinPicking/build/moveit_config', 'catkin_cmake_args': None, 'catkin_skip_building_tests': False, 'cmake_args': None, 'cmake_clean_cache': False, 'cmake_clean_first': False, 'cmake_force_configure': False, 'cmake_target': None, 'cmake_target_skip_unavailable': False, 'install_base': '/home/ibrahim/BinPicking/install/moveit_config', 'merge_install': False, 'path': '/home/ibrahim/BinPicking/src/moveit_config', 'symlink_install': False, 'test_result_base': None}
[0.805s] INFO:colcon.colcon_core.executor:Executing jobs using 'parallel' executor
[0.806s] DEBUG:colcon.colcon_parallel_executor.executor.parallel:run_until_complete
[0.807s] INFO:colcon.colcon_ros.task.ament_cmake.build:Building ROS package in '/home/ibrahim/BinPicking/src/IFRA_LinkAttacher/linkattacher_msgs' with build type 'ament_cmake'
[0.807s] INFO:colcon.colcon_cmake.task.cmake.build:Building CMake package in '/home/ibrahim/BinPicking/src/IFRA_LinkAttacher/linkattacher_msgs'
[0.811s] INFO:colcon.colcon_core.plugin_system:Skipping extension 'colcon_core.shell.bat': Not used on non-Windows systems
[0.811s] INFO:colcon.colcon_core.shell:Skip shell extension 'powershell' for command environment: Not usable outside of PowerShell
[0.811s] DEBUG:colcon.colcon_core.shell:Skip shell extension 'dsv' for command environment
[0.832s] DEBUG:colcon.colcon_core.event_handler.log_command:Invoking command in '/home/ibrahim/BinPicking/build/linkattacher_msgs': CMAKE_PREFIX_PATH=${CMAKE_PREFIX_PATH}:/home/ibrahim/RobotArm/install/main_arm_package:/home/ibrahim/RobotArm/install/action_interfaces:/opt/ros/humble /usr/bin/cmake --build /home/ibrahim/BinPicking/build/linkattacher_msgs -- -j16 -l16
[1.233s] DEBUG:colcon.colcon_core.event_handler.log_command:Invoked command in '/home/ibrahim/BinPicking/build/linkattacher_msgs' returned '0': CMAKE_PREFIX_PATH=${CMAKE_PREFIX_PATH}:/home/ibrahim/RobotArm/install/main_arm_package:/home/ibrahim/RobotArm/install/action_interfaces:/opt/ros/humble /usr/bin/cmake --build /home/ibrahim/BinPicking/build/linkattacher_msgs -- -j16 -l16
[1.246s] DEBUG:colcon.colcon_core.event_handler.log_command:Invoking command in '/home/ibrahim/BinPicking/build/linkattacher_msgs': CMAKE_PREFIX_PATH=${CMAKE_PREFIX_PATH}:/home/ibrahim/RobotArm/install/main_arm_package:/home/ibrahim/RobotArm/install/action_interfaces:/opt/ros/humble /usr/bin/cmake --install /home/ibrahim/BinPicking/build/linkattacher_msgs
[1.321s] Level 1:colcon.colcon_core.environment:create_environment_scripts_only(linkattacher_msgs)
[1.322s] DEBUG:colcon.colcon_core.event_handler.log_command:Invoked command in '/home/ibrahim/BinPicking/build/linkattacher_msgs' returned '0': CMAKE_PREFIX_PATH=${CMAKE_PREFIX_PATH}:/home/ibrahim/RobotArm/install/main_arm_package:/home/ibrahim/RobotArm/install/action_interfaces:/opt/ros/humble /usr/bin/cmake --install /home/ibrahim/BinPicking/build/linkattacher_msgs
[1.326s] Level 1:colcon.colcon_core.environment:checking '/home/ibrahim/BinPicking/install/linkattacher_msgs' for CMake module files
[1.326s] Level 1:colcon.colcon_core.environment:checking '/home/ibrahim/BinPicking/install/linkattacher_msgs' for CMake config files
[1.327s] Level 1:colcon.colcon_core.shell:create_environment_hook('linkattacher_msgs', 'cmake_prefix_path')
[1.327s] INFO:colcon.colcon_core.shell:Creating environment hook '/home/ibrahim/BinPicking/install/linkattacher_msgs/share/linkattacher_msgs/hook/cmake_prefix_path.ps1'
[1.328s] INFO:colcon.colcon_core.shell:Creating environment descriptor '/home/ibrahim/BinPicking/install/linkattacher_msgs/share/linkattacher_msgs/hook/cmake_prefix_path.dsv'
[1.329s] INFO:colcon.colcon_core.shell:Creating environment hook '/home/ibrahim/BinPicking/install/linkattacher_msgs/share/linkattacher_msgs/hook/cmake_prefix_path.sh'
[1.330s] Level 1:colcon.colcon_core.environment:checking '/home/ibrahim/BinPicking/install/linkattacher_msgs/lib'
[1.330s] Level 1:colcon.colcon_core.shell:create_environment_hook('linkattacher_msgs', 'ld_library_path_lib')
[1.330s] INFO:colcon.colcon_core.shell:Creating environment hook '/home/ibrahim/BinPicking/install/linkattacher_msgs/share/linkattacher_msgs/hook/ld_library_path_lib.ps1'
[1.330s] INFO:colcon.colcon_core.shell:Creating environment descriptor '/home/ibrahim/BinPicking/install/linkattacher_msgs/share/linkattacher_msgs/hook/ld_library_path_lib.dsv'
[1.331s] INFO:colcon.colcon_core.shell:Creating environment hook '/home/ibrahim/BinPicking/install/linkattacher_msgs/share/linkattacher_msgs/hook/ld_library_path_lib.sh'
[1.331s] Level 1:colcon.colcon_core.environment:checking '/home/ibrahim/BinPicking/install/linkattacher_msgs/bin'
[1.331s] Level 1:colcon.colcon_core.environment:checking '/home/ibrahim/BinPicking/install/linkattacher_msgs/lib/pkgconfig/linkattacher_msgs.pc'
[1.331s] Level 1:colcon.colcon_core.environment:checking '/home/ibrahim/BinPicking/install/linkattacher_msgs/lib/python3.10/site-packages'
[1.332s] Level 1:colcon.colcon_core.environment:checking '/home/ibrahim/BinPicking/install/linkattacher_msgs/bin'
[1.332s] INFO:colcon.colcon_core.shell:Creating package script '/home/ibrahim/BinPicking/install/linkattacher_msgs/share/linkattacher_msgs/package.ps1'
[1.333s] INFO:colcon.colcon_core.shell:Creating package descriptor '/home/ibrahim/BinPicking/install/linkattacher_msgs/share/linkattacher_msgs/package.dsv'
[1.333s] INFO:colcon.colcon_core.shell:Creating package script '/home/ibrahim/BinPicking/install/linkattacher_msgs/share/linkattacher_msgs/package.sh'
[1.334s] INFO:colcon.colcon_core.shell:Creating package script '/home/ibrahim/BinPicking/install/linkattacher_msgs/share/linkattacher_msgs/package.bash'
[1.335s] INFO:colcon.colcon_core.shell:Creating package script '/home/ibrahim/BinPicking/install/linkattacher_msgs/share/linkattacher_msgs/package.zsh'
[1.335s] Level 1:colcon.colcon_core.environment:create_file_with_runtime_dependencies(/home/ibrahim/BinPicking/install/linkattacher_msgs/share/colcon-core/packages/linkattacher_msgs)
[1.336s] Level 1:colcon.colcon_core.environment:create_environment_scripts_only(linkattacher_msgs)
[1.336s] Level 1:colcon.colcon_core.environment:checking '/home/ibrahim/BinPicking/install/linkattacher_msgs' for CMake module files
[1.336s] Level 1:colcon.colcon_core.environment:checking '/home/ibrahim/BinPicking/install/linkattacher_msgs' for CMake config files
[1.337s] Level 1:colcon.colcon_core.shell:create_environment_hook('linkattacher_msgs', 'cmake_prefix_path')
[1.337s] INFO:colcon.colcon_core.shell:Creating environment hook '/home/ibrahim/BinPicking/install/linkattacher_msgs/share/linkattacher_msgs/hook/cmake_prefix_path.ps1'
[1.339s] INFO:colcon.colcon_core.shell:Creating environment descriptor '/home/ibrahim/BinPicking/install/linkattacher_msgs/share/linkattacher_msgs/hook/cmake_prefix_path.dsv'
[1.339s] INFO:colcon.colcon_core.shell:Creating environment hook '/home/ibrahim/BinPicking/install/linkattacher_msgs/share/linkattacher_msgs/hook/cmake_prefix_path.sh'
[1.340s] Level 1:colcon.colcon_core.environment:checking '/home/ibrahim/BinPicking/install/linkattacher_msgs/lib'
[1.340s] Level 1:colcon.colcon_core.shell:create_environment_hook('linkattacher_msgs', 'ld_library_path_lib')
[1.340s] INFO:colcon.colcon_core.shell:Creating environment hook '/home/ibrahim/BinPicking/install/linkattacher_msgs/share/linkattacher_msgs/hook/ld_library_path_lib.ps1'
[1.340s] INFO:colcon.colcon_core.shell:Creating environment descriptor '/home/ibrahim/BinPicking/install/linkattacher_msgs/share/linkattacher_msgs/hook/ld_library_path_lib.dsv'
[1.341s] INFO:colcon.colcon_core.shell:Creating environment hook '/home/ibrahim/BinPicking/install/linkattacher_msgs/share/linkattacher_msgs/hook/ld_library_path_lib.sh'
[1.341s] Level 1:colcon.colcon_core.environment:checking '/home/ibrahim/BinPicking/install/linkattacher_msgs/bin'
[1.341s] Level 1:colcon.colcon_core.environment:checking '/home/ibrahim/BinPicking/install/linkattacher_msgs/lib/pkgconfig/linkattacher_msgs.pc'
[1.341s] Level 1:colcon.colcon_core.environment:checking '/home/ibrahim/BinPicking/install/linkattacher_msgs/lib/python3.10/site-packages'
[1.342s] Level 1:colcon.colcon_core.environment:checking '/home/ibrahim/BinPicking/install/linkattacher_msgs/bin'
[1.342s] INFO:colcon.colcon_core.shell:Creating package script '/home/ibrahim/BinPicking/install/linkattacher_msgs/share/linkattacher_msgs/package.ps1'
[1.342s] INFO:colcon.colcon_core.shell:Creating package descriptor '/home/ibrahim/BinPicking/install/linkattacher_msgs/share/linkattacher_msgs/package.dsv'
[1.343s] INFO:colcon.colcon_core.shell:Creating package script '/home/ibrahim/BinPicking/install/linkattacher_msgs/share/linkattacher_msgs/package.sh'
[1.343s] INFO:colcon.colcon_core.shell:Creating package script '/home/ibrahim/BinPicking/install/linkattacher_msgs/share/linkattacher_msgs/package.bash'
[1.343s] INFO:colcon.colcon_core.shell:Creating package script '/home/ibrahim/BinPicking/install/linkattacher_msgs/share/linkattacher_msgs/package.zsh'
[1.344s] Level 1:colcon.colcon_core.environment:create_file_with_runtime_dependencies(/home/ibrahim/BinPicking/install/linkattacher_msgs/share/colcon-core/packages/linkattacher_msgs)
[1.344s] INFO:colcon.colcon_ros.task.ament_cmake.build:Building ROS package in '/home/ibrahim/BinPicking/src/bin_nodes' with build type 'ament_cmake'
[1.345s] INFO:colcon.colcon_cmake.task.cmake.build:Building CMake package in '/home/ibrahim/BinPicking/src/bin_nodes'
[1.345s] INFO:colcon.colcon_core.shell:Skip shell extension 'powershell' for command environment: Not usable outside of PowerShell
[1.345s] DEBUG:colcon.colcon_core.shell:Skip shell extension 'dsv' for command environment
[1.352s] INFO:colcon.colcon_ros.task.ament_cmake.build:Building ROS package in '/home/ibrahim/BinPicking/src/IFRA_LinkAttacher/ros2_LinkAttacher' with build type 'ament_cmake'
[1.352s] INFO:colcon.colcon_cmake.task.cmake.build:Building CMake package in '/home/ibrahim/BinPicking/src/IFRA_LinkAttacher/ros2_LinkAttacher'
[1.353s] INFO:colcon.colcon_core.shell:Skip shell extension 'powershell' for command environment: Not usable outside of PowerShell
[1.353s] DEBUG:colcon.colcon_core.shell:Skip shell extension 'dsv' for command environment
[1.435s] DEBUG:colcon.colcon_core.event_handler.log_command:Invoking command in '/home/ibrahim/BinPicking/build/bin_nodes': CMAKE_PREFIX_PATH=/home/ibrahim/BinPicking/install/linkattacher_msgs:/home/ibrahim/BinPicking/install/ros2_linkattacher:/home/ibrahim/BinPicking/install/moveit_config:/home/ibrahim/BinPicking/install/bin_nodes:/home/ibrahim/RobotArmExpanded/install/main_arm_package:/home/ibrahim/RobotArmExpanded/install/action_interfaces:/home/ibrahim/MoveItArm/install/moveit_config:/home/ibrahim/MoveItArm/install/moveit_arm_package:/home/ibrahim/TF2Sample/install/tf2sim:/home/ibrahim/RobotNav/install/main_robot_nodes:/home/ibrahim/RobotNav/install/action_interfaces:/home/ibrahim/RobotMonitor/install/Robot3Node_Package:/home/ibrahim/ros2_ws/install/my_first_package:/home/ibrahim/ros2_ws/install/action_interfaces:/home/ibrahim/RobotArm/install/main_arm_package:/home/ibrahim/RobotArm/install/action_interfaces:/opt/ros/humble LD_LIBRARY_PATH=/home/ibrahim/BinPicking/install/linkattacher_msgs/lib:/home/ibrahim/BinPicking/install/ros2_linkattacher/lib:/home/ibrahim/RobotArmExpanded/install/action_interfaces/lib:/home/ibrahim/RobotArm/install/action_interfaces/lib:/home/ibrahim/RobotNav/install/action_interfaces/lib:/home/ibrahim/ros2_ws/install/action_interfaces/lib:/usr/lib/x86_64-linux-gnu/gazebo-11/plugins:/opt/ros/humble/opt/rviz_ogre_vendor/lib:/opt/ros/humble/lib/x86_64-linux-gnu:/opt/ros/humble/lib /usr/bin/cmake --build /home/ibrahim/BinPicking/build/bin_nodes -- -j16 -l16
[1.442s] DEBUG:colcon.colcon_core.event_handler.log_command:Invoking command in '/home/ibrahim/BinPicking/build/ros2_linkattacher': CMAKE_PREFIX_PATH=/home/ibrahim/BinPicking/install/linkattacher_msgs:/home/ibrahim/BinPicking/install/ros2_linkattacher:/home/ibrahim/BinPicking/install/moveit_config:/home/ibrahim/BinPicking/install/bin_nodes:/home/ibrahim/RobotArmExpanded/install/main_arm_package:/home/ibrahim/RobotArmExpanded/install/action_interfaces:/home/ibrahim/MoveItArm/install/moveit_config:/home/ibrahim/MoveItArm/install/moveit_arm_package:/home/ibrahim/TF2Sample/install/tf2sim:/home/ibrahim/RobotNav/install/main_robot_nodes:/home/ibrahim/RobotNav/install/action_interfaces:/home/ibrahim/RobotMonitor/install/Robot3Node_Package:/home/ibrahim/ros2_ws/install/my_first_package:/home/ibrahim/ros2_ws/install/action_interfaces:/home/ibrahim/RobotArm/install/main_arm_package:/home/ibrahim/RobotArm/install/action_interfaces:/opt/ros/humble LD_LIBRARY_PATH=/home/ibrahim/BinPicking/install/linkattacher_msgs/lib:/home/ibrahim/BinPicking/install/ros2_linkattacher/lib:/home/ibrahim/RobotArmExpanded/install/action_interfaces/lib:/home/ibrahim/RobotArm/install/action_interfaces/lib:/home/ibrahim/RobotNav/install/action_interfaces/lib:/home/ibrahim/ros2_ws/install/action_interfaces/lib:/usr/lib/x86_64-linux-gnu/gazebo-11/plugins:/opt/ros/humble/opt/rviz_ogre_vendor/lib:/opt/ros/humble/lib/x86_64-linux-gnu:/opt/ros/humble/lib /usr/bin/cmake --build /home/ibrahim/BinPicking/build/ros2_linkattacher -- -j16 -l16
[1.591s] DEBUG:colcon.colcon_core.event_handler.log_command:Invoked command in '/home/ibrahim/BinPicking/build/ros2_linkattacher' returned '0': CMAKE_PREFIX_PATH=/home/ibrahim/BinPicking/install/linkattacher_msgs:/home/ibrahim/BinPicking/install/ros2_linkattacher:/home/ibrahim/BinPicking/install/moveit_config:/home/ibrahim/BinPicking/install/bin_nodes:/home/ibrahim/RobotArmExpanded/install/main_arm_package:/home/ibrahim/RobotArmExpanded/install/action_interfaces:/home/ibrahim/MoveItArm/install/moveit_config:/home/ibrahim/MoveItArm/install/moveit_arm_package:/home/ibrahim/TF2Sample/install/tf2sim:/home/ibrahim/RobotNav/install/main_robot_nodes:/home/ibrahim/RobotNav/install/action_interfaces:/home/ibrahim/RobotMonitor/install/Robot3Node_Package:/home/ibrahim/ros2_ws/install/my_first_package:/home/ibrahim/ros2_ws/install/action_interfaces:/home/ibrahim/RobotArm/install/main_arm_package:/home/ibrahim/RobotArm/install/action_interfaces:/opt/ros/humble LD_LIBRARY_PATH=/home/ibrahim/BinPicking/install/linkattacher_msgs/lib:/home/ibrahim/BinPicking/install/ros2_linkattacher/lib:/home/ibrahim/RobotArmExpanded/install/action_interfaces/lib:/home/ibrahim/RobotArm/install/action_interfaces/lib:/home/ibrahim/RobotNav/install/action_interfaces/lib:/home/ibrahim/ros2_ws/install/action_interfaces/lib:/usr/lib/x86_64-linux-gnu/gazebo-11/plugins:/opt/ros/humble/opt/rviz_ogre_vendor/lib:/opt/ros/humble/lib/x86_64-linux-gnu:/opt/ros/humble/lib /usr/bin/cmake --build /home/ibrahim/BinPicking/build/ros2_linkattacher -- -j16 -l16
[1.594s] DEBUG:colcon.colcon_core.event_handler.log_command:Invoking command in '/home/ibrahim/BinPicking/build/ros2_linkattacher': CMAKE_PREFIX_PATH=/home/ibrahim/BinPicking/install/linkattacher_msgs:/home/ibrahim/BinPicking/install/ros2_linkattacher:/home/ibrahim/BinPicking/install/moveit_config:/home/ibrahim/BinPicking/install/bin_nodes:/home/ibrahim/RobotArmExpanded/install/main_arm_package:/home/ibrahim/RobotArmExpanded/install/action_interfaces:/home/ibrahim/MoveItArm/install/moveit_config:/home/ibrahim/MoveItArm/install/moveit_arm_package:/home/ibrahim/TF2Sample/install/tf2sim:/home/ibrahim/RobotNav/install/main_robot_nodes:/home/ibrahim/RobotNav/install/action_interfaces:/home/ibrahim/RobotMonitor/install/Robot3Node_Package:/home/ibrahim/ros2_ws/install/my_first_package:/home/ibrahim/ros2_ws/install/action_interfaces:/home/ibrahim/RobotArm/install/main_arm_package:/home/ibrahim/RobotArm/install/action_interfaces:/opt/ros/humble LD_LIBRARY_PATH=/home/ibrahim/BinPicking/install/linkattacher_msgs/lib:/home/ibrahim/BinPicking/install/ros2_linkattacher/lib:/home/ibrahim/RobotArmExpanded/install/action_interfaces/lib:/home/ibrahim/RobotArm/install/action_interfaces/lib:/home/ibrahim/RobotNav/install/action_interfaces/lib:/home/ibrahim/ros2_ws/install/action_interfaces/lib:/usr/lib/x86_64-linux-gnu/gazebo-11/plugins:/opt/ros/humble/opt/rviz_ogre_vendor/lib:/opt/ros/humble/lib/x86_64-linux-gnu:/opt/ros/humble/lib /usr/bin/cmake --install /home/ibrahim/BinPicking/build/ros2_linkattacher
[1.610s] Level 1:colcon.colcon_core.environment:create_environment_scripts_only(ros2_linkattacher)
[1.611s] Level 1:colcon.colcon_core.environment:checking '/home/ibrahim/BinPicking/install/ros2_linkattacher' for CMake module files
[1.612s] DEBUG:colcon.colcon_core.event_handler.log_command:Invoked command in '/home/ibrahim/BinPicking/build/ros2_linkattacher' returned '0': CMAKE_PREFIX_PATH=/home/ibrahim/BinPicking/install/linkattacher_msgs:/home/ibrahim/BinPicking/install/ros2_linkattacher:/home/ibrahim/BinPicking/install/moveit_config:/home/ibrahim/BinPicking/install/bin_nodes:/home/ibrahim/RobotArmExpanded/install/main_arm_package:/home/ibrahim/RobotArmExpanded/install/action_interfaces:/home/ibrahim/MoveItArm/install/moveit_config:/home/ibrahim/MoveItArm/install/moveit_arm_package:/home/ibrahim/TF2Sample/install/tf2sim:/home/ibrahim/RobotNav/install/main_robot_nodes:/home/ibrahim/RobotNav/install/action_interfaces:/home/ibrahim/RobotMonitor/install/Robot3Node_Package:/home/ibrahim/ros2_ws/install/my_first_package:/home/ibrahim/ros2_ws/install/action_interfaces:/home/ibrahim/RobotArm/install/main_arm_package:/home/ibrahim/RobotArm/install/action_interfaces:/opt/ros/humble LD_LIBRARY_PATH=/home/ibrahim/BinPicking/install/linkattacher_msgs/lib:/home/ibrahim/BinPicking/install/ros2_linkattacher/lib:/home/ibrahim/RobotArmExpanded/install/action_interfaces/lib:/home/ibrahim/RobotArm/install/action_interfaces/lib:/home/ibrahim/RobotNav/install/action_interfaces/lib:/home/ibrahim/ros2_ws/install/action_interfaces/lib:/usr/lib/x86_64-linux-gnu/gazebo-11/plugins:/opt/ros/humble/opt/rviz_ogre_vendor/lib:/opt/ros/humble/lib/x86_64-linux-gnu:/opt/ros/humble/lib /usr/bin/cmake --install /home/ibrahim/BinPicking/build/ros2_linkattacher
[1.612s] Level 1:colcon.colcon_core.environment:checking '/home/ibrahim/BinPicking/install/ros2_linkattacher' for CMake config files
[1.612s] Level 1:colcon.colcon_core.shell:create_environment_hook('ros2_linkattacher', 'cmake_prefix_path')
[1.613s] INFO:colcon.colcon_core.shell:Creating environment hook '/home/ibrahim/BinPicking/install/ros2_linkattacher/share/ros2_linkattacher/hook/cmake_prefix_path.ps1'
[1.613s] INFO:colcon.colcon_core.shell:Creating environment descriptor '/home/ibrahim/BinPicking/install/ros2_linkattacher/share/ros2_linkattacher/hook/cmake_prefix_path.dsv'
[1.614s] INFO:colcon.colcon_core.shell:Creating environment hook '/home/ibrahim/BinPicking/install/ros2_linkattacher/share/ros2_linkattacher/hook/cmake_prefix_path.sh'
[1.614s] Level 1:colcon.colcon_core.environment:checking '/home/ibrahim/BinPicking/install/ros2_linkattacher/lib'
[1.614s] Level 1:colcon.colcon_core.shell:create_environment_hook('ros2_linkattacher', 'ld_library_path_lib')
[1.615s] INFO:colcon.colcon_core.shell:Creating environment hook '/home/ibrahim/BinPicking/install/ros2_linkattacher/share/ros2_linkattacher/hook/ld_library_path_lib.ps1'
[1.615s] INFO:colcon.colcon_core.shell:Creating environment descriptor '/home/ibrahim/BinPicking/install/ros2_linkattacher/share/ros2_linkattacher/hook/ld_library_path_lib.dsv'
[1.616s] INFO:colcon.colcon_core.shell:Creating environment hook '/home/ibrahim/BinPicking/install/ros2_linkattacher/share/ros2_linkattacher/hook/ld_library_path_lib.sh'
[1.616s] Level 1:colcon.colcon_core.environment:checking '/home/ibrahim/BinPicking/install/ros2_linkattacher/bin'
[1.616s] Level 1:colcon.colcon_core.environment:checking '/home/ibrahim/BinPicking/install/ros2_linkattacher/lib/pkgconfig/ros2_linkattacher.pc'
[1.617s] Level 1:colcon.colcon_core.environment:checking '/home/ibrahim/BinPicking/install/ros2_linkattacher/lib/python3.10/site-packages'
[1.617s] Level 1:colcon.colcon_core.environment:checking '/home/ibrahim/BinPicking/install/ros2_linkattacher/bin'
[1.617s] INFO:colcon.colcon_core.shell:Creating package script '/home/ibrahim/BinPicking/install/ros2_linkattacher/share/ros2_linkattacher/package.ps1'
[1.618s] INFO:colcon.colcon_core.shell:Creating package descriptor '/home/ibrahim/BinPicking/install/ros2_linkattacher/share/ros2_linkattacher/package.dsv'
[1.619s] INFO:colcon.colcon_core.shell:Creating package script '/home/ibrahim/BinPicking/install/ros2_linkattacher/share/ros2_linkattacher/package.sh'
[1.619s] INFO:colcon.colcon_core.shell:Creating package script '/home/ibrahim/BinPicking/install/ros2_linkattacher/share/ros2_linkattacher/package.bash'
[1.620s] INFO:colcon.colcon_core.shell:Creating package script '/home/ibrahim/BinPicking/install/ros2_linkattacher/share/ros2_linkattacher/package.zsh'
[1.620s] Level 1:colcon.colcon_core.environment:create_file_with_runtime_dependencies(/home/ibrahim/BinPicking/install/ros2_linkattacher/share/colcon-core/packages/ros2_linkattacher)
[1.621s] Level 1:colcon.colcon_core.environment:create_environment_scripts_only(ros2_linkattacher)
[1.621s] Level 1:colcon.colcon_core.environment:checking '/home/ibrahim/BinPicking/install/ros2_linkattacher' for CMake module files
[1.622s] Level 1:colcon.colcon_core.environment:checking '/home/ibrahim/BinPicking/install/ros2_linkattacher' for CMake config files
[1.622s] Level 1:colcon.colcon_core.shell:create_environment_hook('ros2_linkattacher', 'cmake_prefix_path')
[1.622s] INFO:colcon.colcon_core.shell:Creating environment hook '/home/ibrahim/BinPicking/install/ros2_linkattacher/share/ros2_linkattacher/hook/cmake_prefix_path.ps1'
[1.623s] INFO:colcon.colcon_core.shell:Creating environment descriptor '/home/ibrahim/BinPicking/install/ros2_linkattacher/share/ros2_linkattacher/hook/cmake_prefix_path.dsv'
[1.624s] INFO:colcon.colcon_core.shell:Creating environment hook '/home/ibrahim/BinPicking/install/ros2_linkattacher/share/ros2_linkattacher/hook/cmake_prefix_path.sh'
[1.624s] Level 1:colcon.colcon_core.environment:checking '/home/ibrahim/BinPicking/install/ros2_linkattacher/lib'
[1.624s] Level 1:colcon.colcon_core.shell:create_environment_hook('ros2_linkattacher', 'ld_library_path_lib')
[1.625s] INFO:colcon.colcon_core.shell:Creating environment hook '/home/ibrahim/BinPicking/install/ros2_linkattacher/share/ros2_linkattacher/hook/ld_library_path_lib.ps1'
[1.625s] INFO:colcon.colcon_core.shell:Creating environment descriptor '/home/ibrahim/BinPicking/install/ros2_linkattacher/share/ros2_linkattacher/hook/ld_library_path_lib.dsv'
[1.626s] INFO:colcon.colcon_core.shell:Creating environment hook '/home/ibrahim/BinPicking/install/ros2_linkattacher/share/ros2_linkattacher/hook/ld_library_path_lib.sh'
[1.626s] Level 1:colcon.colcon_core.environment:checking '/home/ibrahim/BinPicking/install/ros2_linkattacher/bin'
[1.626s] Level 1:colcon.colcon_core.environment:checking '/home/ibrahim/BinPicking/install/ros2_linkattacher/lib/pkgconfig/ros2_linkattacher.pc'
[1.626s] Level 1:colcon.colcon_core.environment:checking '/home/ibrahim/BinPicking/install/ros2_linkattacher/lib/python3.10/site-packages'
[1.627s] Level 1:colcon.colcon_core.environment:checking '/home/ibrahim/BinPicking/install/ros2_linkattacher/bin'
[1.627s] INFO:colcon.colcon_core.shell:Creating package script '/home/ibrahim/BinPicking/install/ros2_linkattacher/share/ros2_linkattacher/package.ps1'
[1.628s] INFO:colcon.colcon_core.shell:Creating package descriptor '/home/ibrahim/BinPicking/install/ros2_linkattacher/share/ros2_linkattacher/package.dsv'
[1.629s] INFO:colcon.colcon_core.shell:Creating package script '/home/ibrahim/BinPicking/install/ros2_linkattacher/share/ros2_linkattacher/package.sh'
[1.629s] INFO:colcon.colcon_core.shell:Creating package script '/home/ibrahim/BinPicking/install/ros2_linkattacher/share/ros2_linkattacher/package.bash'
[1.630s] INFO:colcon.colcon_core.shell:Creating package script '/home/ibrahim/BinPicking/install/ros2_linkattacher/share/ros2_linkattacher/package.zsh'
[1.630s] Level 1:colcon.colcon_core.environment:create_file_with_runtime_dependencies(/home/ibrahim/BinPicking/install/ros2_linkattacher/share/colcon-core/packages/ros2_linkattacher)
[10.602s] DEBUG:colcon.colcon_core.event_handler.log_command:Invoked command in '/home/ibrahim/BinPicking/build/bin_nodes' returned '0': CMAKE_PREFIX_PATH=/home/ibrahim/BinPicking/install/linkattacher_msgs:/home/ibrahim/BinPicking/install/ros2_linkattacher:/home/ibrahim/BinPicking/install/moveit_config:/home/ibrahim/BinPicking/install/bin_nodes:/home/ibrahim/RobotArmExpanded/install/main_arm_package:/home/ibrahim/RobotArmExpanded/install/action_interfaces:/home/ibrahim/MoveItArm/install/moveit_config:/home/ibrahim/MoveItArm/install/moveit_arm_package:/home/ibrahim/TF2Sample/install/tf2sim:/home/ibrahim/RobotNav/install/main_robot_nodes:/home/ibrahim/RobotNav/install/action_interfaces:/home/ibrahim/RobotMonitor/install/Robot3Node_Package:/home/ibrahim/ros2_ws/install/my_first_package:/home/ibrahim/ros2_ws/install/action_interfaces:/home/ibrahim/RobotArm/install/main_arm_package:/home/ibrahim/RobotArm/install/action_interfaces:/opt/ros/humble LD_LIBRARY_PATH=/home/ibrahim/BinPicking/install/linkattacher_msgs/lib:/home/ibrahim/BinPicking/install/ros2_linkattacher/lib:/home/ibrahim/RobotArmExpanded/install/action_interfaces/lib:/home/ibrahim/RobotArm/install/action_interfaces/lib:/home/ibrahim/RobotNav/install/action_interfaces/lib:/home/ibrahim/ros2_ws/install/action_interfaces/lib:/usr/lib/x86_64-linux-gnu/gazebo-11/plugins:/opt/ros/humble/opt/rviz_ogre_vendor/lib:/opt/ros/humble/lib/x86_64-linux-gnu:/opt/ros/humble/lib /usr/bin/cmake --build /home/ibrahim/BinPicking/build/bin_nodes -- -j16 -l16
[10.605s] DEBUG:colcon.colcon_core.event_handler.log_command:Invoking command in '/home/ibrahim/BinPicking/build/bin_nodes': CMAKE_PREFIX_PATH=/home/ibrahim/BinPicking/install/linkattacher_msgs:/home/ibrahim/BinPicking/install/ros2_linkattacher:/home/ibrahim/BinPicking/install/moveit_config:/home/ibrahim/BinPicking/install/bin_nodes:/home/ibrahim/RobotArmExpanded/install/main_arm_package:/home/ibrahim/RobotArmExpanded/install/action_interfaces:/home/ibrahim/MoveItArm/install/moveit_config:/home/ibrahim/MoveItArm/install/moveit_arm_package:/home/ibrahim/TF2Sample/install/tf2sim:/home/ibrahim/RobotNav/install/main_robot_nodes:/home/ibrahim/RobotNav/install/action_interfaces:/home/ibrahim/RobotMonitor/install/Robot3Node_Package:/home/ibrahim/ros2_ws/install/my_first_package:/home/ibrahim/ros2_ws/install/action_interfaces:/home/ibrahim/RobotArm/install/main_arm_package:/home/ibrahim/RobotArm/install/action_interfaces:/opt/ros/humble LD_LIBRARY_PATH=/home/ibrahim/BinPicking/install/linkattacher_msgs/lib:/home/ibrahim/BinPicking/install/ros2_linkattacher/lib:/home/ibrahim/RobotArmExpanded/install/action_interfaces/lib:/home/ibrahim/RobotArm/install/action_interfaces/lib:/home/ibrahim/RobotNav/install/action_interfaces/lib:/home/ibrahim/ros2_ws/install/action_interfaces/lib:/usr/lib/x86_64-linux-gnu/gazebo-11/plugins:/opt/ros/humble/opt/rviz_ogre_vendor/lib:/opt/ros/humble/lib/x86_64-linux-gnu:/opt/ros/humble/lib /usr/bin/cmake --install /home/ibrahim/BinPicking/build/bin_nodes
[10.631s] Level 1:colcon.colcon_core.environment:create_environment_scripts_only(bin_nodes)
[10.631s] Level 1:colcon.colcon_core.environment:checking '/home/ibrahim/BinPicking/install/bin_nodes' for CMake module files
[10.632s] DEBUG:colcon.colcon_core.event_handler.log_command:Invoked command in '/home/ibrahim/BinPicking/build/bin_nodes' returned '0': CMAKE_PREFIX_PATH=/home/ibrahim/BinPicking/install/linkattacher_msgs:/home/ibrahim/BinPicking/install/ros2_linkattacher:/home/ibrahim/BinPicking/install/moveit_config:/home/ibrahim/BinPicking/install/bin_nodes:/home/ibrahim/RobotArmExpanded/install/main_arm_package:/home/ibrahim/RobotArmExpanded/install/action_interfaces:/home/ibrahim/MoveItArm/install/moveit_config:/home/ibrahim/MoveItArm/install/moveit_arm_package:/home/ibrahim/TF2Sample/install/tf2sim:/home/ibrahim/RobotNav/install/main_robot_nodes:/home/ibrahim/RobotNav/install/action_interfaces:/home/ibrahim/RobotMonitor/install/Robot3Node_Package:/home/ibrahim/ros2_ws/install/my_first_package:/home/ibrahim/ros2_ws/install/action_interfaces:/home/ibrahim/RobotArm/install/main_arm_package:/home/ibrahim/RobotArm/install/action_interfaces:/opt/ros/humble LD_LIBRARY_PATH=/home/ibrahim/BinPicking/install/linkattacher_msgs/lib:/home/ibrahim/BinPicking/install/ros2_linkattacher/lib:/home/ibrahim/RobotArmExpanded/install/action_interfaces/lib:/home/ibrahim/RobotArm/install/action_interfaces/lib:/home/ibrahim/RobotNav/install/action_interfaces/lib:/home/ibrahim/ros2_ws/install/action_interfaces/lib:/usr/lib/x86_64-linux-gnu/gazebo-11/plugins:/opt/ros/humble/opt/rviz_ogre_vendor/lib:/opt/ros/humble/lib/x86_64-linux-gnu:/opt/ros/humble/lib /usr/bin/cmake --install /home/ibrahim/BinPicking/build/bin_nodes
[10.632s] Level 1:colcon.colcon_core.environment:checking '/home/ibrahim/BinPicking/install/bin_nodes' for CMake config files
[10.633s] Level 1:colcon.colcon_core.shell:create_environment_hook('bin_nodes', 'cmake_prefix_path')
[10.633s] INFO:colcon.colcon_core.shell:Creating environment hook '/home/ibrahim/BinPicking/install/bin_nodes/share/bin_nodes/hook/cmake_prefix_path.ps1'
[10.635s] INFO:colcon.colcon_core.shell:Creating environment descriptor '/home/ibrahim/BinPicking/install/bin_nodes/share/bin_nodes/hook/cmake_prefix_path.dsv'
[10.635s] INFO:colcon.colcon_core.shell:Creating environment hook '/home/ibrahim/BinPicking/install/bin_nodes/share/bin_nodes/hook/cmake_prefix_path.sh'
[10.636s] Level 1:colcon.colcon_core.environment:checking '/home/ibrahim/BinPicking/install/bin_nodes/lib'
[10.636s] Level 1:colcon.colcon_core.environment:checking '/home/ibrahim/BinPicking/install/bin_nodes/bin'
[10.636s] Level 1:colcon.colcon_core.environment:checking '/home/ibrahim/BinPicking/install/bin_nodes/lib/pkgconfig/bin_nodes.pc'
[10.636s] Level 1:colcon.colcon_core.environment:checking '/home/ibrahim/BinPicking/install/bin_nodes/lib/python3.10/site-packages'
[10.636s] Level 1:colcon.colcon_core.environment:checking '/home/ibrahim/BinPicking/install/bin_nodes/bin'
[10.636s] INFO:colcon.colcon_core.shell:Creating package script '/home/ibrahim/BinPicking/install/bin_nodes/share/bin_nodes/package.ps1'
[10.637s] INFO:colcon.colcon_core.shell:Creating package descriptor '/home/ibrahim/BinPicking/install/bin_nodes/share/bin_nodes/package.dsv'
[10.637s] INFO:colcon.colcon_core.shell:Creating package script '/home/ibrahim/BinPicking/install/bin_nodes/share/bin_nodes/package.sh'
[10.638s] INFO:colcon.colcon_core.shell:Creating package script '/home/ibrahim/BinPicking/install/bin_nodes/share/bin_nodes/package.bash'
[10.638s] INFO:colcon.colcon_core.shell:Creating package script '/home/ibrahim/BinPicking/install/bin_nodes/share/bin_nodes/package.zsh'
[10.638s] Level 1:colcon.colcon_core.environment:create_file_with_runtime_dependencies(/home/ibrahim/BinPicking/install/bin_nodes/share/colcon-core/packages/bin_nodes)
[10.639s] Level 1:colcon.colcon_core.environment:create_environment_scripts_only(bin_nodes)
[10.639s] Level 1:colcon.colcon_core.environment:checking '/home/ibrahim/BinPicking/install/bin_nodes' for CMake module files
[10.639s] Level 1:colcon.colcon_core.environment:checking '/home/ibrahim/BinPicking/install/bin_nodes' for CMake config files
[10.640s] Level 1:colcon.colcon_core.shell:create_environment_hook('bin_nodes', 'cmake_prefix_path')
[10.640s] INFO:colcon.colcon_core.shell:Creating environment hook '/home/ibrahim/BinPicking/install/bin_nodes/share/bin_nodes/hook/cmake_prefix_path.ps1'
[10.640s] INFO:colcon.colcon_core.shell:Creating environment descriptor '/home/ibrahim/BinPicking/install/bin_nodes/share/bin_nodes/hook/cmake_prefix_path.dsv'
[10.641s] INFO:colcon.colcon_core.shell:Creating environment hook '/home/ibrahim/BinPicking/install/bin_nodes/share/bin_nodes/hook/cmake_prefix_path.sh'
[10.641s] Level 1:colcon.colcon_core.environment:checking '/home/ibrahim/BinPicking/install/bin_nodes/lib'
[10.641s] Level 1:colcon.colcon_core.environment:checking '/home/ibrahim/BinPicking/install/bin_nodes/bin'
[10.641s] Level 1:colcon.colcon_core.environment:checking '/home/ibrahim/BinPicking/install/bin_nodes/lib/pkgconfig/bin_nodes.pc'
[10.642s] Level 1:colcon.colcon_core.environment:checking '/home/ibrahim/BinPicking/install/bin_nodes/lib/python3.10/site-packages'
[10.642s] Level 1:colcon.colcon_core.environment:checking '/home/ibrahim/BinPicking/install/bin_nodes/bin'
[10.642s] INFO:colcon.colcon_core.shell:Creating package script '/home/ibrahim/BinPicking/install/bin_nodes/share/bin_nodes/package.ps1'
[10.642s] INFO:colcon.colcon_core.shell:Creating package descriptor '/home/ibrahim/BinPicking/install/bin_nodes/share/bin_nodes/package.dsv'
[10.643s] INFO:colcon.colcon_core.shell:Creating package script '/home/ibrahim/BinPicking/install/bin_nodes/share/bin_nodes/package.sh'
[10.643s] INFO:colcon.colcon_core.shell:Creating package script '/home/ibrahim/BinPicking/install/bin_nodes/share/bin_nodes/package.bash'
[10.643s] INFO:colcon.colcon_core.shell:Creating package script '/home/ibrahim/BinPicking/install/bin_nodes/share/bin_nodes/package.zsh'
[10.644s] Level 1:colcon.colcon_core.environment:create_file_with_runtime_dependencies(/home/ibrahim/BinPicking/install/bin_nodes/share/colcon-core/packages/bin_nodes)
[10.644s] INFO:colcon.colcon_ros.task.ament_cmake.build:Building ROS package in '/home/ibrahim/BinPicking/src/moveit_config' with build type 'ament_cmake'
[10.645s] INFO:colcon.colcon_cmake.task.cmake.build:Building CMake package in '/home/ibrahim/BinPicking/src/moveit_config'
[10.645s] INFO:colcon.colcon_core.shell:Skip shell extension 'powershell' for command environment: Not usable outside of PowerShell
[10.645s] DEBUG:colcon.colcon_core.shell:Skip shell extension 'dsv' for command environment
[10.775s] DEBUG:colcon.colcon_core.event_handler.log_command:Invoking command in '/home/ibrahim/BinPicking/build/moveit_config': CMAKE_PREFIX_PATH=/home/ibrahim/BinPicking/install/bin_nodes:/home/ibrahim/BinPicking/install/linkattacher_msgs:/home/ibrahim/BinPicking/install/ros2_linkattacher:/home/ibrahim/BinPicking/install/moveit_config:/home/ibrahim/RobotArmExpanded/install/main_arm_package:/home/ibrahim/RobotArmExpanded/install/action_interfaces:/home/ibrahim/MoveItArm/install/moveit_config:/home/ibrahim/MoveItArm/install/moveit_arm_package:/home/ibrahim/TF2Sample/install/tf2sim:/home/ibrahim/RobotNav/install/main_robot_nodes:/home/ibrahim/RobotNav/install/action_interfaces:/home/ibrahim/RobotMonitor/install/Robot3Node_Package:/home/ibrahim/ros2_ws/install/my_first_package:/home/ibrahim/ros2_ws/install/action_interfaces:/home/ibrahim/RobotArm/install/main_arm_package:/home/ibrahim/RobotArm/install/action_interfaces:/opt/ros/humble LD_LIBRARY_PATH=/home/ibrahim/BinPicking/install/linkattacher_msgs/lib:/home/ibrahim/BinPicking/install/ros2_linkattacher/lib:/home/ibrahim/RobotArmExpanded/install/action_interfaces/lib:/home/ibrahim/RobotArm/install/action_interfaces/lib:/home/ibrahim/RobotNav/install/action_interfaces/lib:/home/ibrahim/ros2_ws/install/action_interfaces/lib:/usr/lib/x86_64-linux-gnu/gazebo-11/plugins:/opt/ros/humble/opt/rviz_ogre_vendor/lib:/opt/ros/humble/lib/x86_64-linux-gnu:/opt/ros/humble/lib /usr/bin/cmake --build /home/ibrahim/BinPicking/build/moveit_config -- -j16 -l16
[10.823s] DEBUG:colcon.colcon_core.event_handler.log_command:Invoked command in '/home/ibrahim/BinPicking/build/moveit_config' returned '0': CMAKE_PREFIX_PATH=/home/ibrahim/BinPicking/install/bin_nodes:/home/ibrahim/BinPicking/install/linkattacher_msgs:/home/ibrahim/BinPicking/install/ros2_linkattacher:/home/ibrahim/BinPicking/install/moveit_config:/home/ibrahim/RobotArmExpanded/install/main_arm_package:/home/ibrahim/RobotArmExpanded/install/action_interfaces:/home/ibrahim/MoveItArm/install/moveit_config:/home/ibrahim/MoveItArm/install/moveit_arm_package:/home/ibrahim/TF2Sample/install/tf2sim:/home/ibrahim/RobotNav/install/main_robot_nodes:/home/ibrahim/RobotNav/install/action_interfaces:/home/ibrahim/RobotMonitor/install/Robot3Node_Package:/home/ibrahim/ros2_ws/install/my_first_package:/home/ibrahim/ros2_ws/install/action_interfaces:/home/ibrahim/RobotArm/install/main_arm_package:/home/ibrahim/RobotArm/install/action_interfaces:/opt/ros/humble LD_LIBRARY_PATH=/home/ibrahim/BinPicking/install/linkattacher_msgs/lib:/home/ibrahim/BinPicking/install/ros2_linkattacher/lib:/home/ibrahim/RobotArmExpanded/install/action_interfaces/lib:/home/ibrahim/RobotArm/install/action_interfaces/lib:/home/ibrahim/RobotNav/install/action_interfaces/lib:/home/ibrahim/ros2_ws/install/action_interfaces/lib:/usr/lib/x86_64-linux-gnu/gazebo-11/plugins:/opt/ros/humble/opt/rviz_ogre_vendor/lib:/opt/ros/humble/lib/x86_64-linux-gnu:/opt/ros/humble/lib /usr/bin/cmake --build /home/ibrahim/BinPicking/build/moveit_config -- -j16 -l16
[10.825s] DEBUG:colcon.colcon_core.event_handler.log_command:Invoking command in '/home/ibrahim/BinPicking/build/moveit_config': CMAKE_PREFIX_PATH=/home/ibrahim/BinPicking/install/bin_nodes:/home/ibrahim/BinPicking/install/linkattacher_msgs:/home/ibrahim/BinPicking/install/ros2_linkattacher:/home/ibrahim/BinPicking/install/moveit_config:/home/ibrahim/RobotArmExpanded/install/main_arm_package:/home/ibrahim/RobotArmExpanded/install/action_interfaces:/home/ibrahim/MoveItArm/install/moveit_config:/home/ibrahim/MoveItArm/install/moveit_arm_package:/home/ibrahim/TF2Sample/install/tf2sim:/home/ibrahim/RobotNav/install/main_robot_nodes:/home/ibrahim/RobotNav/install/action_interfaces:/home/ibrahim/RobotMonitor/install/Robot3Node_Package:/home/ibrahim/ros2_ws/install/my_first_package:/home/ibrahim/ros2_ws/install/action_interfaces:/home/ibrahim/RobotArm/install/main_arm_package:/home/ibrahim/RobotArm/install/action_interfaces:/opt/ros/humble LD_LIBRARY_PATH=/home/ibrahim/BinPicking/install/linkattacher_msgs/lib:/home/ibrahim/BinPicking/install/ros2_linkattacher/lib:/home/ibrahim/RobotArmExpanded/install/action_interfaces/lib:/home/ibrahim/RobotArm/install/action_interfaces/lib:/home/ibrahim/RobotNav/install/action_interfaces/lib:/home/ibrahim/ros2_ws/install/action_interfaces/lib:/usr/lib/x86_64-linux-gnu/gazebo-11/plugins:/opt/ros/humble/opt/rviz_ogre_vendor/lib:/opt/ros/humble/lib/x86_64-linux-gnu:/opt/ros/humble/lib /usr/bin/cmake --install /home/ibrahim/BinPicking/build/moveit_config
[10.840s] Level 1:colcon.colcon_core.environment:create_environment_scripts_only(moveit_config)
[10.841s] Level 1:colcon.colcon_core.environment:checking '/home/ibrahim/BinPicking/install/moveit_config' for CMake module files
[10.841s] DEBUG:colcon.colcon_core.event_handler.log_command:Invoked command in '/home/ibrahim/BinPicking/build/moveit_config' returned '0': CMAKE_PREFIX_PATH=/home/ibrahim/BinPicking/install/bin_nodes:/home/ibrahim/BinPicking/install/linkattacher_msgs:/home/ibrahim/BinPicking/install/ros2_linkattacher:/home/ibrahim/BinPicking/install/moveit_config:/home/ibrahim/RobotArmExpanded/install/main_arm_package:/home/ibrahim/RobotArmExpanded/install/action_interfaces:/home/ibrahim/MoveItArm/install/moveit_config:/home/ibrahim/MoveItArm/install/moveit_arm_package:/home/ibrahim/TF2Sample/install/tf2sim:/home/ibrahim/RobotNav/install/main_robot_nodes:/home/ibrahim/RobotNav/install/action_interfaces:/home/ibrahim/RobotMonitor/install/Robot3Node_Package:/home/ibrahim/ros2_ws/install/my_first_package:/home/ibrahim/ros2_ws/install/action_interfaces:/home/ibrahim/RobotArm/install/main_arm_package:/home/ibrahim/RobotArm/install/action_interfaces:/opt/ros/humble LD_LIBRARY_PATH=/home/ibrahim/BinPicking/install/linkattacher_msgs/lib:/home/ibrahim/BinPicking/install/ros2_linkattacher/lib:/home/ibrahim/RobotArmExpanded/install/action_interfaces/lib:/home/ibrahim/RobotArm/install/action_interfaces/lib:/home/ibrahim/RobotNav/install/action_interfaces/lib:/home/ibrahim/ros2_ws/install/action_interfaces/lib:/usr/lib/x86_64-linux-gnu/gazebo-11/plugins:/opt/ros/humble/opt/rviz_ogre_vendor/lib:/opt/ros/humble/lib/x86_64-linux-gnu:/opt/ros/humble/lib /usr/bin/cmake --install /home/ibrahim/BinPicking/build/moveit_config
[10.842s] Level 1:colcon.colcon_core.environment:checking '/home/ibrahim/BinPicking/install/moveit_config' for CMake config files
[10.842s] Level 1:colcon.colcon_core.shell:create_environment_hook('moveit_config', 'cmake_prefix_path')
[10.842s] INFO:colcon.colcon_core.shell:Creating environment hook '/home/ibrahim/BinPicking/install/moveit_config/share/moveit_config/hook/cmake_prefix_path.ps1'
[10.842s] INFO:colcon.colcon_core.shell:Creating environment descriptor '/home/ibrahim/BinPicking/install/moveit_config/share/moveit_config/hook/cmake_prefix_path.dsv'
[10.843s] INFO:colcon.colcon_core.shell:Creating environment hook '/home/ibrahim/BinPicking/install/moveit_config/share/moveit_config/hook/cmake_prefix_path.sh'
[10.843s] Level 1:colcon.colcon_core.environment:checking '/home/ibrahim/BinPicking/install/moveit_config/bin'
[10.843s] Level 1:colcon.colcon_core.environment:checking '/home/ibrahim/BinPicking/install/moveit_config/lib/pkgconfig/moveit_config.pc'
[10.843s] Level 1:colcon.colcon_core.environment:checking '/home/ibrahim/BinPicking/install/moveit_config/lib/python3.10/site-packages'
[10.844s] Level 1:colcon.colcon_core.environment:checking '/home/ibrahim/BinPicking/install/moveit_config/bin'
[10.844s] INFO:colcon.colcon_core.shell:Creating package script '/home/ibrahim/BinPicking/install/moveit_config/share/moveit_config/package.ps1'
[10.844s] INFO:colcon.colcon_core.shell:Creating package descriptor '/home/ibrahim/BinPicking/install/moveit_config/share/moveit_config/package.dsv'
[10.845s] INFO:colcon.colcon_core.shell:Creating package script '/home/ibrahim/BinPicking/install/moveit_config/share/moveit_config/package.sh'
[10.845s] INFO:colcon.colcon_core.shell:Creating package script '/home/ibrahim/BinPicking/install/moveit_config/share/moveit_config/package.bash'
[10.845s] INFO:colcon.colcon_core.shell:Creating package script '/home/ibrahim/BinPicking/install/moveit_config/share/moveit_config/package.zsh'
[10.846s] Level 1:colcon.colcon_core.environment:create_file_with_runtime_dependencies(/home/ibrahim/BinPicking/install/moveit_config/share/colcon-core/packages/moveit_config)
[10.846s] Level 1:colcon.colcon_core.environment:create_environment_scripts_only(moveit_config)
[10.846s] Level 1:colcon.colcon_core.environment:checking '/home/ibrahim/BinPicking/install/moveit_config' for CMake module files
[10.847s] Level 1:colcon.colcon_core.environment:checking '/home/ibrahim/BinPicking/install/moveit_config' for CMake config files
[10.847s] Level 1:colcon.colcon_core.shell:create_environment_hook('moveit_config', 'cmake_prefix_path')
[10.847s] INFO:colcon.colcon_core.shell:Creating environment hook '/home/ibrahim/BinPicking/install/moveit_config/share/moveit_config/hook/cmake_prefix_path.ps1'
[10.847s] INFO:colcon.colcon_core.shell:Creating environment descriptor '/home/ibrahim/BinPicking/install/moveit_config/share/moveit_config/hook/cmake_prefix_path.dsv'
[10.848s] INFO:colcon.colcon_core.shell:Creating environment hook '/home/ibrahim/BinPicking/install/moveit_config/share/moveit_config/hook/cmake_prefix_path.sh'
[10.848s] Level 1:colcon.colcon_core.environment:checking '/home/ibrahim/BinPicking/install/moveit_config/bin'
[10.848s] Level 1:colcon.colcon_core.environment:checking '/home/ibrahim/BinPicking/install/moveit_config/lib/pkgconfig/moveit_config.pc'
[10.848s] Level 1:colcon.colcon_core.environment:checking '/home/ibrahim/BinPicking/install/moveit_config/lib/python3.10/site-packages'
[10.849s] Level 1:colcon.colcon_core.environment:checking '/home/ibrahim/BinPicking/install/moveit_config/bin'
[10.849s] INFO:colcon.colcon_core.shell:Creating package script '/home/ibrahim/BinPicking/install/moveit_config/share/moveit_config/package.ps1'
[10.849s] INFO:colcon.colcon_core.shell:Creating package descriptor '/home/ibrahim/BinPicking/install/moveit_config/share/moveit_config/package.dsv'
[10.849s] INFO:colcon.colcon_core.shell:Creating package script '/home/ibrahim/BinPicking/install/moveit_config/share/moveit_config/package.sh'
[10.850s] INFO:colcon.colcon_core.shell:Creating package script '/home/ibrahim/BinPicking/install/moveit_config/share/moveit_config/package.bash'
[10.851s] INFO:colcon.colcon_core.shell:Creating package script '/home/ibrahim/BinPicking/install/moveit_config/share/moveit_config/package.zsh'
[10.851s] Level 1:colcon.colcon_core.environment:create_file_with_runtime_dependencies(/home/ibrahim/BinPicking/install/moveit_config/share/colcon-core/packages/moveit_config)
[10.851s] DEBUG:colcon.colcon_parallel_executor.executor.parallel:closing loop
[10.852s] DEBUG:colcon.colcon_parallel_executor.executor.parallel:loop closed
[10.852s] DEBUG:colcon.colcon_parallel_executor.executor.parallel:run_until_complete finished with '0'
[10.852s] DEBUG:colcon.colcon_core.event_reactor:joining thread
[10.900s] INFO:colcon.colcon_core.plugin_system:Skipping extension 'colcon_notification.desktop_notification.notify_send': Could not find 'notify-send'
[10.900s] INFO:colcon.colcon_core.plugin_system:Skipping extension 'colcon_notification.desktop_notification.terminal_notifier': Not used on non-Darwin systems
[10.900s] INFO:colcon.colcon_core.plugin_system:Skipping extension 'colcon_notification.desktop_notification.win32': Not used on non-Windows systems
[10.900s] INFO:colcon.colcon_notification.desktop_notification:Sending desktop notification using 'notify2'
[10.900s] DEBUG:colcon.colcon_notification.desktop_notification.notify2:Failed to initialize notify2: org.freedesktop.DBus.Error.FileNotFound: Failed to connect to socket /run/user/1000/bus: No such file or directory
[10.900s] DEBUG:colcon.colcon_core.event_reactor:joined thread
[10.901s] INFO:colcon.colcon_core.shell:Creating prefix script '/home/ibrahim/BinPicking/install/local_setup.ps1'
[10.902s] INFO:colcon.colcon_core.shell:Creating prefix util module '/home/ibrahim/BinPicking/install/_local_setup_util_ps1.py'
[10.903s] INFO:colcon.colcon_core.shell:Creating prefix chain script '/home/ibrahim/BinPicking/install/setup.ps1'
[10.905s] INFO:colcon.colcon_core.shell:Creating prefix script '/home/ibrahim/BinPicking/install/local_setup.sh'
[10.905s] INFO:colcon.colcon_core.shell:Creating prefix util module '/home/ibrahim/BinPicking/install/_local_setup_util_sh.py'
[10.906s] INFO:colcon.colcon_core.shell:Creating prefix chain script '/home/ibrahim/BinPicking/install/setup.sh'
[10.907s] INFO:colcon.colcon_core.shell:Creating prefix script '/home/ibrahim/BinPicking/install/local_setup.bash'
[10.908s] INFO:colcon.colcon_core.shell:Creating prefix chain script '/home/ibrahim/BinPicking/install/setup.bash'
[10.909s] INFO:colcon.colcon_core.shell:Creating prefix script '/home/ibrahim/BinPicking/install/local_setup.zsh'
[10.910s] INFO:colcon.colcon_core.shell:Creating prefix chain script '/home/ibrahim/BinPicking/install/setup.zsh'
