[0.020s] Invoking command in '/home/ibrahim/BinPicking/src/build/bin_nodes': CMAKE_PREFIX_PATH=${CMAKE_PREFIX_PATH}:/home/ibrahim/RobotArm/install/main_arm_package:/home/ibrahim/RobotArm/install/action_interfaces:/opt/ros/humble /usr/bin/cmake /home/ibrahim/BinPicking/src/bin_nodes -DCMAKE_INSTALL_PREFIX=/home/ibrahim/BinPicking/src/install/bin_nodes
[0.326s] -- The C compiler identification is GNU 11.4.0
[1.011s] -- The CXX compiler identification is GNU 11.4.0
[1.455s] -- Detecting C compiler ABI info
[1.662s] -- Detecting C compiler ABI info - done
[1.668s] -- Check for working C compiler: /usr/bin/cc - skipped
[1.669s] -- Detecting C compile features
[1.670s] -- Detecting C compile features - done
[1.674s] -- Detecting CXX compiler ABI info
[1.887s] -- Detecting CXX compiler ABI info - done
[1.893s] -- Check for working CXX compiler: /usr/bin/c++ - skipped
[1.894s] -- Detecting CXX compile features
[1.894s] -- Detecting CXX compile features - done
[1.916s] -- Found ament_cmake: 1.3.14 (/opt/ros/humble/share/ament_cmake/cmake)
[2.104s] -- Found Python3: /usr/bin/python3 (found version "3.10.12") found components: Interpreter 
[2.279s] -- Found ament_lint_auto: 0.12.15 (/opt/ros/humble/share/ament_lint_auto/cmake)
[2.398s] -- Added test 'cppcheck' to perform static code analysis on C / C++ code
[2.398s] -- Configured cppcheck include dirs: $<BUILD_INTERFACE:/home/ibrahim/BinPicking/src/bin_nodes/include>
[2.399s] -- Configured cppcheck exclude dirs and/or files: 
[2.401s] -- Added test 'lint_cmake' to check CMake code style
[2.403s] -- Added test 'uncrustify' to check C / C++ code style
[2.403s] -- Configured uncrustify additional arguments: 
[2.405s] -- Added test 'xmllint' to check XML markup files
[2.410s] -- Configuring done
[2.422s] -- Generating done
[2.453s] -- Build files have been written to: /home/ibrahim/BinPicking/src/build/bin_nodes
[2.460s] Invoked command in '/home/ibrahim/BinPicking/src/build/bin_nodes' returned '0': CMAKE_PREFIX_PATH=${CMAKE_PREFIX_PATH}:/home/ibrahim/RobotArm/install/main_arm_package:/home/ibrahim/RobotArm/install/action_interfaces:/opt/ros/humble /usr/bin/cmake /home/ibrahim/BinPicking/src/bin_nodes -DCMAKE_INSTALL_PREFIX=/home/ibrahim/BinPicking/src/install/bin_nodes
[2.464s] Invoking command in '/home/ibrahim/BinPicking/src/build/bin_nodes': CMAKE_PREFIX_PATH=${CMAKE_PREFIX_PATH}:/home/ibrahim/RobotArm/install/main_arm_package:/home/ibrahim/RobotArm/install/action_interfaces:/opt/ros/humble /usr/bin/cmake --build /home/ibrahim/BinPicking/src/build/bin_nodes -- -j16 -l16
[2.532s] [ 50%] [32mBuilding CXX object CMakeFiles/MoveArm.dir/src/MoveArm.cpp.o[0m
[2.585s] [100%] [32m[1mLinking CXX executable MoveArm[0m
[2.752s] [100%] Built target MoveArm
[2.769s] Invoked command in '/home/ibrahim/BinPicking/src/build/bin_nodes' returned '0': CMAKE_PREFIX_PATH=${CMAKE_PREFIX_PATH}:/home/ibrahim/RobotArm/install/main_arm_package:/home/ibrahim/RobotArm/install/action_interfaces:/opt/ros/humble /usr/bin/cmake --build /home/ibrahim/BinPicking/src/build/bin_nodes -- -j16 -l16
[2.785s] Invoking command in '/home/ibrahim/BinPicking/src/build/bin_nodes': CMAKE_PREFIX_PATH=${CMAKE_PREFIX_PATH}:/home/ibrahim/RobotArm/install/main_arm_package:/home/ibrahim/RobotArm/install/action_interfaces:/opt/ros/humble /usr/bin/cmake --install /home/ibrahim/BinPicking/src/build/bin_nodes
[2.796s] -- Install configuration: ""
[2.797s] -- Installing: /home/ibrahim/BinPicking/src/install/bin_nodes/lib/bin_nodes/MoveArm
[2.801s] -- Installing: /home/ibrahim/BinPicking/src/install/bin_nodes/share/ament_index/resource_index/package_run_dependencies/bin_nodes
[2.801s] -- Installing: /home/ibrahim/BinPicking/src/install/bin_nodes/share/ament_index/resource_index/parent_prefix_path/bin_nodes
[2.802s] -- Installing: /home/ibrahim/BinPicking/src/install/bin_nodes/share/bin_nodes/environment/ament_prefix_path.sh
[2.803s] -- Installing: /home/ibrahim/BinPicking/src/install/bin_nodes/share/bin_nodes/environment/ament_prefix_path.dsv
[2.803s] -- Installing: /home/ibrahim/BinPicking/src/install/bin_nodes/share/bin_nodes/environment/path.sh
[2.803s] -- Installing: /home/ibrahim/BinPicking/src/install/bin_nodes/share/bin_nodes/environment/path.dsv
[2.804s] -- Installing: /home/ibrahim/BinPicking/src/install/bin_nodes/share/bin_nodes/local_setup.bash
[2.804s] -- Installing: /home/ibrahim/BinPicking/src/install/bin_nodes/share/bin_nodes/local_setup.sh
[2.804s] -- Installing: /home/ibrahim/BinPicking/src/install/bin_nodes/share/bin_nodes/local_setup.zsh
[2.804s] -- Installing: /home/ibrahim/BinPicking/src/install/bin_nodes/share/bin_nodes/local_setup.dsv
[2.805s] -- Installing: /home/ibrahim/BinPicking/src/install/bin_nodes/share/bin_nodes/package.dsv
[2.806s] -- Installing: /home/ibrahim/BinPicking/src/install/bin_nodes/share/ament_index/resource_index/packages/bin_nodes
[2.807s] -- Installing: /home/ibrahim/BinPicking/src/install/bin_nodes/share/bin_nodes/cmake/bin_nodesConfig.cmake
[2.807s] -- Installing: /home/ibrahim/BinPicking/src/install/bin_nodes/share/bin_nodes/cmake/bin_nodesConfig-version.cmake
[2.807s] -- Installing: /home/ibrahim/BinPicking/src/install/bin_nodes/share/bin_nodes/package.xml
[2.811s] Invoked command in '/home/ibrahim/BinPicking/src/build/bin_nodes' returned '0': CMAKE_PREFIX_PATH=${CMAKE_PREFIX_PATH}:/home/ibrahim/RobotArm/install/main_arm_package:/home/ibrahim/RobotArm/install/action_interfaces:/opt/ros/humble /usr/bin/cmake --install /home/ibrahim/BinPicking/src/build/bin_nodes
