-- Found ament_cmake: 1.3.14 (/opt/ros/humble/share/ament_cmake/cmake)
-- Found rclcpp: 16.0.19 (/opt/ros/humble/share/rclcpp/cmake)
-- Found rosidl_generator_c: 3.1.8 (/opt/ros/humble/share/rosidl_generator_c/cmake)
-- Found rosidl_adapter: 3.1.8 (/opt/ros/humble/share/rosidl_adapter/cmake)
-- Found rosidl_generator_cpp: 3.1.8 (/opt/ros/humble/share/rosidl_generator_cpp/cmake)
-- Using all available rosidl_typesupport_c: rosidl_typesupport_fastrtps_c;rosidl_typesupport_introspection_c
-- Using all available rosidl_typesupport_cpp: rosidl_typesupport_fastrtps_cpp;rosidl_typesupport_introspection_cpp
-- Found rmw_implementation_cmake: 6.1.2 (/opt/ros/humble/share/rmw_implementation_cmake/cmake)
-- Found rmw_cyclonedds_cpp: 1.3.4 (/opt/ros/humble/share/rmw_cyclonedds_cpp/cmake)
-- Using RMW implementation 'rmw_cyclonedds_cpp' as default
-- Found moveit_ros_planning_interface: 2.5.9 (/opt/ros/humble/share/moveit_ros_planning_interface/cmake)
-- Found Boost: /usr/lib/x86_64-linux-gnu/cmake/Boost-1.74.0/BoostConfig.cmake (found version "1.74.0") found components: date_time filesystem program_options system thread 
-- Found Boost: /usr/lib/x86_64-linux-gnu/cmake/Boost-1.74.0/BoostConfig.cmake (found version "1.74.0") found components: chrono date_time filesystem iostreams program_options regex serialization system thread 
-- Found parameter_traits: 0.7.1 (/opt/ros/humble/share/parameter_traits/cmake)
-- Found rclcpp_lifecycle: 16.0.19 (/opt/ros/humble/share/rclcpp_lifecycle/cmake)
-- Found Boost: /usr/lib/x86_64-linux-gnu/cmake/Boost-1.74.0/BoostConfig.cmake (found version "1.74.0") found components: filesystem 
-- library: /usr/lib/x86_64-linux-gnu/libcurl.so
-- Ensuring Eigen3 include directory is part of orocos-kdl CMake target
-- Found Boost: /usr/lib/x86_64-linux-gnu/cmake/Boost-1.74.0/BoostConfig.cmake (found version "1.74.0") found components: system filesystem date_time program_options thread chrono 
-- Found Boost: /usr/lib/x86_64-linux-gnu/cmake/Boost-1.74.0/BoostConfig.cmake (found version "1.74.0") found components: thread system filesystem regex date_time program_options 
-- Found Boost: /usr/lib/x86_64-linux-gnu/cmake/Boost-1.74.0/BoostConfig.cmake (found version "1.74.0") found components: system filesystem date_time program_options thread 
-- Found linkattacher_msgs: 0.0.0 (/home/ibrahim/BinPicking/install/linkattacher_msgs/share/linkattacher_msgs/cmake)
-- Found image_geometry: 3.2.1 (/opt/ros/humble/share/image_geometry/cmake)
-- Found cv_bridge: 3.2.1 (/opt/ros/humble/share/cv_bridge/cmake)
-- Found bin_interfaces: 0.0.0 (/home/ibrahim/BinPicking/install/bin_interfaces/share/bin_interfaces/cmake)
-- Found ament_lint_auto: 0.12.15 (/opt/ros/humble/share/ament_lint_auto/cmake)
-- Added test 'cppcheck' to perform static code analysis on C / C++ code
-- Configured cppcheck include dirs: $<BUILD_INTERFACE:/home/ibrahim/BinPicking/src/bin_nodes/include>
-- Configured cppcheck exclude dirs and/or files: 
-- Added test 'flake8' to check Python code syntax and style conventions
-- Added test 'lint_cmake' to check CMake code style
-- Added test 'pep257' to check Python code against some of the docstring style conventions in PEP 257
-- Added test 'uncrustify' to check C / C++ code style
-- Configured uncrustify additional arguments: 
-- Added test 'xmllint' to check XML markup files
-- Configuring done
-- Generating done
-- Build files have been written to: /home/ibrahim/BinPicking/build/bin_nodes
[35m[1mConsolidate compiler generated dependencies of target pick_and_place_fixed[0m
[35m[1mConsolidate compiler generated dependencies of target VisionNode[0m
[35m[1mConsolidate compiler generated dependencies of target MoveArm[0m
[ 12%] [32mBuilding CXX object CMakeFiles/pick_and_place_smart.dir/src/pick_and_place_smart.cpp.o[0m
[ 37%] Built target VisionNode
[ 87%] Built target MoveArm
[ 87%] Built target pick_and_place_fixed
[01m[K/home/ibrahim/BinPicking/src/bin_nodes/src/pick_and_place_smart.cpp:[m[K In function ‘[01m[Kint main(int, char**)[m[K’:
[01m[K/home/ibrahim/BinPicking/src/bin_nodes/src/pick_and_place_smart.cpp:28:12:[m[K [01;31m[Kerror: [m[K‘[01m[Kclass std::shared_ptr<rclcpp::Client<bin_interfaces::srv::GetTargets> >[m[K’ has no member named ‘[01m[Kwait_for_service[m[K’
   28 |     client.[01;31m[Kwait_for_service[m[K(5s);
      |            [01;31m[K^~~~~~~~~~~~~~~~[m[K
[01m[K/home/ibrahim/BinPicking/src/bin_nodes/src/pick_and_place_smart.cpp:29:12:[m[K [01;31m[Kerror: [m[K‘[01m[Kclass std::shared_ptr<rclcpp::Client<bin_interfaces::srv::GetTargets> >[m[K’ has no member named ‘[01m[Kasync_send_request[m[K’
   29 |     client.[01;31m[Kasync_send_request[m[K(request, [logger](rclcpp::Client<bin_interfaces::srv::GetTargets>::SharedFuture future){
      |            [01;31m[K^~~~~~~~~~~~~~~~~~[m[K
gmake[2]: *** [CMakeFiles/pick_and_place_smart.dir/build.make:76: CMakeFiles/pick_and_place_smart.dir/src/pick_and_place_smart.cpp.o] Error 1
gmake[1]: *** [CMakeFiles/Makefile2:221: CMakeFiles/pick_and_place_smart.dir/all] Error 2
gmake: *** [Makefile:146: all] Error 2
