[0.160s] Invoking command in '/home/ibrahim/BinPicking/build/bin_nodes': AMENT_PREFIX_PATH=/home/ibrahim/BinPicking/install/linkattacher_msgs:/home/ibrahim/BinPicking/install/bin_interfaces:${AMENT_PREFIX_PATH} CMAKE_PREFIX_PATH=/home/ibrahim/BinPicking/install/linkattacher_msgs:/home/ibrahim/BinPicking/install/bin_interfaces:/home/ibrahim/RobotArmExpanded/install/main_arm_package:/home/ibrahim/RobotArmExpanded/install/action_interfaces:/home/ibrahim/MoveItArm/install/moveit_config:/home/ibrahim/MoveItArm/install/moveit_arm_package:/home/ibrahim/TF2Sample/install/tf2sim:/home/ibrahim/RobotNav/install/main_robot_nodes:/home/ibrahim/RobotNav/install/action_interfaces:/home/ibrahim/RobotMonitor/install/Robot3Node_Package:/home/ibrahim/ros2_ws/install/my_first_package:/home/ibrahim/ros2_ws/install/action_interfaces:/home/ibrahim/RobotArm/install/main_arm_package:/home/ibrahim/RobotArm/install/action_interfaces:/opt/ros/humble LD_LIBRARY_PATH=/home/ibrahim/BinPicking/install/linkattacher_msgs/lib:/home/ibrahim/BinPicking/install/bin_interfaces/lib:${LD_LIBRARY_PATH} PYTHONPATH=/home/ibrahim/BinPicking/install/linkattacher_msgs/local/lib/python3.10/dist-packages:/home/ibrahim/BinPicking/install/bin_interfaces/local/lib/python3.10/dist-packages:${PYTHONPATH} /usr/bin/cmake --build /home/ibrahim/BinPicking/build/bin_nodes -- -j16 -l16
[0.250s] -- Found ament_cmake: 1.3.14 (/opt/ros/humble/share/ament_cmake/cmake)
[0.402s] -- Found rclcpp: 16.0.19 (/opt/ros/humble/share/rclcpp/cmake)
[0.567s] -- Found rosidl_generator_c: 3.1.8 (/opt/ros/humble/share/rosidl_generator_c/cmake)
[0.572s] -- Found rosidl_adapter: 3.1.8 (/opt/ros/humble/share/rosidl_adapter/cmake)
[0.585s] -- Found rosidl_generator_cpp: 3.1.8 (/opt/ros/humble/share/rosidl_generator_cpp/cmake)
[0.599s] -- Using all available rosidl_typesupport_c: rosidl_typesupport_fastrtps_c;rosidl_typesupport_introspection_c
[0.617s] -- Using all available rosidl_typesupport_cpp: rosidl_typesupport_fastrtps_cpp;rosidl_typesupport_introspection_cpp
[0.667s] -- Found rmw_implementation_cmake: 6.1.2 (/opt/ros/humble/share/rmw_implementation_cmake/cmake)
[0.671s] -- Found rmw_cyclonedds_cpp: 1.3.4 (/opt/ros/humble/share/rmw_cyclonedds_cpp/cmake)
[0.702s] -- Using RMW implementation 'rmw_cyclonedds_cpp' as default
[0.770s] -- Found moveit_ros_planning_interface: 2.5.9 (/opt/ros/humble/share/moveit_ros_planning_interface/cmake)
[0.787s] -- Found Boost: /usr/lib/x86_64-linux-gnu/cmake/Boost-1.74.0/BoostConfig.cmake (found version "1.74.0") found components: date_time filesystem program_options system thread 
[0.988s] -- Found Boost: /usr/lib/x86_64-linux-gnu/cmake/Boost-1.74.0/BoostConfig.cmake (found version "1.74.0") found components: chrono date_time filesystem iostreams program_options regex serialization system thread 
[1.803s] -- Found parameter_traits: 0.7.1 (/opt/ros/humble/share/parameter_traits/cmake)
[1.814s] -- Found rclcpp_lifecycle: 16.0.19 (/opt/ros/humble/share/rclcpp_lifecycle/cmake)
[1.841s] -- Found Boost: /usr/lib/x86_64-linux-gnu/cmake/Boost-1.74.0/BoostConfig.cmake (found version "1.74.0") found components: filesystem 
[3.042s] -- library: /usr/lib/x86_64-linux-gnu/libcurl.so
[3.069s] -- Ensuring Eigen3 include directory is part of orocos-kdl CMake target
[4.256s] -- Found Boost: /usr/lib/x86_64-linux-gnu/cmake/Boost-1.74.0/BoostConfig.cmake (found version "1.74.0") found components: system filesystem date_time program_options thread chrono 
[4.281s] -- Found Boost: /usr/lib/x86_64-linux-gnu/cmake/Boost-1.74.0/BoostConfig.cmake (found version "1.74.0") found components: thread system filesystem regex date_time program_options 
[4.307s] -- Found Boost: /usr/lib/x86_64-linux-gnu/cmake/Boost-1.74.0/BoostConfig.cmake (found version "1.74.0") found components: system filesystem date_time program_options thread 
[4.333s] -- Found linkattacher_msgs: 0.0.0 (/home/ibrahim/BinPicking/install/linkattacher_msgs/share/linkattacher_msgs/cmake)
[4.344s] -- Found image_geometry: 3.2.1 (/opt/ros/humble/share/image_geometry/cmake)
[4.354s] -- Found cv_bridge: 3.2.1 (/opt/ros/humble/share/cv_bridge/cmake)
[4.360s] -- Found bin_interfaces: 0.0.0 (/home/ibrahim/BinPicking/install/bin_interfaces/share/bin_interfaces/cmake)
[4.384s] -- Found ament_lint_auto: 0.12.15 (/opt/ros/humble/share/ament_lint_auto/cmake)
[4.456s] -- Added test 'cppcheck' to perform static code analysis on C / C++ code
[4.456s] -- Configured cppcheck include dirs: $<BUILD_INTERFACE:/home/ibrahim/BinPicking/src/bin_nodes/include>
[4.456s] -- Configured cppcheck exclude dirs and/or files: 
[4.457s] -- Added test 'flake8' to check Python code syntax and style conventions
[4.458s] -- Added test 'lint_cmake' to check CMake code style
[4.458s] -- Added test 'pep257' to check Python code against some of the docstring style conventions in PEP 257
[4.460s] -- Added test 'uncrustify' to check C / C++ code style
[4.460s] -- Configured uncrustify additional arguments: 
[4.461s] -- Added test 'xmllint' to check XML markup files
[4.464s] -- Configuring done
[4.566s] -- Generating done
[4.590s] -- Build files have been written to: /home/ibrahim/BinPicking/build/bin_nodes
[4.630s] [35m[1mConsolidate compiler generated dependencies of target pick_and_place_fixed[0m
[4.630s] [35m[1mConsolidate compiler generated dependencies of target VisionNode[0m
[4.630s] [35m[1mConsolidate compiler generated dependencies of target MoveArm[0m
[4.643s] [ 12%] [32mBuilding CXX object CMakeFiles/pick_and_place_smart.dir/src/pick_and_place_smart.cpp.o[0m
[4.665s] [ 37%] Built target VisionNode
[4.676s] [ 87%] Built target MoveArm
[4.676s] [ 87%] Built target pick_and_place_fixed
[12.020s] [01m[K/home/ibrahim/BinPicking/src/bin_nodes/src/pick_and_place_smart.cpp:[m[K In function ‘[01m[Kint main(int, char**)[m[K’:
[12.020s] [01m[K/home/ibrahim/BinPicking/src/bin_nodes/src/pick_and_place_smart.cpp:28:12:[m[K [01;31m[Kerror: [m[K‘[01m[Kclass std::shared_ptr<rclcpp::Client<bin_interfaces::srv::GetTargets> >[m[K’ has no member named ‘[01m[Kwait_for_service[m[K’
[12.020s]    28 |     client.[01;31m[Kwait_for_service[m[K(5s);
[12.020s]       |            [01;31m[K^~~~~~~~~~~~~~~~[m[K
[12.020s] [01m[K/home/ibrahim/BinPicking/src/bin_nodes/src/pick_and_place_smart.cpp:29:12:[m[K [01;31m[Kerror: [m[K‘[01m[Kclass std::shared_ptr<rclcpp::Client<bin_interfaces::srv::GetTargets> >[m[K’ has no member named ‘[01m[Kasync_send_request[m[K’
[12.020s]    29 |     client.[01;31m[Kasync_send_request[m[K(request, [logger](rclcpp::Client<bin_interfaces::srv::GetTargets>::SharedFuture future){
[12.020s]       |            [01;31m[K^~~~~~~~~~~~~~~~~~[m[K
[15.899s] gmake[2]: *** [CMakeFiles/pick_and_place_smart.dir/build.make:76: CMakeFiles/pick_and_place_smart.dir/src/pick_and_place_smart.cpp.o] Error 1
[15.899s] gmake[1]: *** [CMakeFiles/Makefile2:221: CMakeFiles/pick_and_place_smart.dir/all] Error 2
[15.899s] gmake: *** [Makefile:146: all] Error 2
[15.902s] Invoked command in '/home/ibrahim/BinPicking/build/bin_nodes' returned '2': AMENT_PREFIX_PATH=/home/ibrahim/BinPicking/install/linkattacher_msgs:/home/ibrahim/BinPicking/install/bin_interfaces:${AMENT_PREFIX_PATH} CMAKE_PREFIX_PATH=/home/ibrahim/BinPicking/install/linkattacher_msgs:/home/ibrahim/BinPicking/install/bin_interfaces:/home/ibrahim/RobotArmExpanded/install/main_arm_package:/home/ibrahim/RobotArmExpanded/install/action_interfaces:/home/ibrahim/MoveItArm/install/moveit_config:/home/ibrahim/MoveItArm/install/moveit_arm_package:/home/ibrahim/TF2Sample/install/tf2sim:/home/ibrahim/RobotNav/install/main_robot_nodes:/home/ibrahim/RobotNav/install/action_interfaces:/home/ibrahim/RobotMonitor/install/Robot3Node_Package:/home/ibrahim/ros2_ws/install/my_first_package:/home/ibrahim/ros2_ws/install/action_interfaces:/home/ibrahim/RobotArm/install/main_arm_package:/home/ibrahim/RobotArm/install/action_interfaces:/opt/ros/humble LD_LIBRARY_PATH=/home/ibrahim/BinPicking/install/linkattacher_msgs/lib:/home/ibrahim/BinPicking/install/bin_interfaces/lib:${LD_LIBRARY_PATH} PYTHONPATH=/home/ibrahim/BinPicking/install/linkattacher_msgs/local/lib/python3.10/dist-packages:/home/ibrahim/BinPicking/install/bin_interfaces/local/lib/python3.10/dist-packages:${PYTHONPATH} /usr/bin/cmake --build /home/ibrahim/BinPicking/build/bin_nodes -- -j16 -l16
