[0.094s] Invoking command in '/home/ibrahim/BinPicking/build/ros2_linkattacher': AMENT_PREFIX_PATH=/home/ibrahim/BinPicking/install/linkattacher_msgs:${AMENT_PREFIX_PATH} CMAKE_PREFIX_PATH=/home/ibrahim/BinPicking/install/linkattacher_msgs:/home/ibrahim/RobotArmExpanded/install/main_arm_package:/home/ibrahim/RobotArmExpanded/install/action_interfaces:/home/ibrahim/MoveItArm/install/moveit_config:/home/ibrahim/MoveItArm/install/moveit_arm_package:/home/ibrahim/TF2Sample/install/tf2sim:/home/ibrahim/RobotNav/install/main_robot_nodes:/home/ibrahim/RobotNav/install/action_interfaces:/home/ibrahim/RobotMonitor/install/Robot3Node_Package:/home/ibrahim/ros2_ws/install/my_first_package:/home/ibrahim/ros2_ws/install/action_interfaces:/home/ibrahim/RobotArm/install/main_arm_package:/home/ibrahim/RobotArm/install/action_interfaces:/opt/ros/humble LD_LIBRARY_PATH=/home/ibrahim/BinPicking/install/linkattacher_msgs/lib:${LD_LIBRARY_PATH} PYTHONPATH=/home/ibrahim/BinPicking/install/linkattacher_msgs/local/lib/python3.10/dist-packages:${PYTHONPATH} /usr/bin/cmake /home/ibrahim/BinPicking/src/IFRA_LinkAttacher/ros2_LinkAttacher -DCMAKE_INSTALL_PREFIX=/home/ibrahim/BinPicking/install/ros2_linkattacher
[0.240s] -- The C compiler identification is GNU 11.4.0
[0.718s] -- The CXX compiler identification is GNU 11.4.0
[1.057s] -- Detecting C compiler ABI info
[1.217s] -- Detecting C compiler ABI info - done
[1.222s] -- Check for working C compiler: /usr/bin/cc - skipped
[1.222s] -- Detecting C compile features
[1.222s] -- Detecting C compile features - done
[1.225s] -- Detecting CXX compiler ABI info
[1.401s] -- Detecting CXX compiler ABI info - done
[1.408s] -- Check for working CXX compiler: /usr/bin/c++ - skipped
[1.408s] -- Detecting CXX compile features
[1.408s] -- Detecting CXX compile features - done
[1.413s] -- Found ament_cmake: 1.3.14 (/opt/ros/humble/share/ament_cmake/cmake)
[1.564s] -- Found Python3: /usr/bin/python3 (found version "3.10.12") found components: Interpreter 
[1.685s] -- Found ament_lint_auto: 0.12.15 (/opt/ros/humble/share/ament_lint_auto/cmake)
[1.782s] -- Found gazebo_ros: 3.9.0 (/opt/ros/humble/share/gazebo_ros/cmake)
[1.982s] -- Found rosidl_generator_c: 3.1.8 (/opt/ros/humble/share/rosidl_generator_c/cmake)
[1.990s] -- Found rosidl_adapter: 3.1.8 (/opt/ros/humble/share/rosidl_adapter/cmake)
[2.001s] -- Found rosidl_generator_cpp: 3.1.8 (/opt/ros/humble/share/rosidl_generator_cpp/cmake)
[2.015s] -- Using all available rosidl_typesupport_c: rosidl_typesupport_fastrtps_c;rosidl_typesupport_introspection_c
[2.041s] -- Using all available rosidl_typesupport_cpp: rosidl_typesupport_fastrtps_cpp;rosidl_typesupport_introspection_cpp
[2.123s] -- Found rmw_implementation_cmake: 6.1.2 (/opt/ros/humble/share/rmw_implementation_cmake/cmake)
[2.129s] -- Found rmw_cyclonedds_cpp: 1.3.4 (/opt/ros/humble/share/rmw_cyclonedds_cpp/cmake)
[2.179s] -- Using RMW implementation 'rmw_cyclonedds_cpp' as default
[2.199s] -- Looking for pthread.h
[2.362s] -- Looking for pthread.h - found
[2.362s] -- Performing Test CMAKE_HAVE_LIBC_PTHREAD
[2.570s] -- Performing Test CMAKE_HAVE_LIBC_PTHREAD - Success
[2.572s] -- Found Threads: TRUE  
[2.690s] -- Found PkgConfig: /usr/bin/pkg-config (found version "0.29.2") 
[2.691s] -- Checking for module 'bullet>=2.82'
[2.714s] --   Found bullet, version 3.05
[2.929s] -- Found fcl: /usr/include (found suitable version "0.7.0", minimum required is "0.5.0") 
[3.013s] -- Found assimp: /usr/include (found version "5.2.0") 
[3.058s] -- Found DART: /usr/include (Required is at least version "6.6") found components: dart 
[3.109s] -- Found Boost: /usr/lib/x86_64-linux-gnu/cmake/Boost-1.74.0/BoostConfig.cmake (found suitable version "1.74.0", minimum required is "1.40.0") found components: thread system filesystem program_options regex iostreams date_time 
[3.573s] -- Found Protobuf: /usr/lib/x86_64-linux-gnu/libprotobuf.so (found version "3.12.4") 
[3.586s] -- Looking for ignition-math6 -- found version 6.15.1
[3.603s] -- Searching for dependencies of ignition-math6
[3.605s] -- Looking for OGRE...
[3.606s] -- OGRE_PREFIX_WATCH changed.
[3.612s] -- Checking for module 'OGRE'
[3.631s] --   Found OGRE, version 1.9.0
[3.683s] -- Found Ogre Ghadamon (1.9.0)
[4.115s] -- Found OGRE: optimized;/usr/lib/x86_64-linux-gnu/libOgreMain.so;debug;/usr/lib/x86_64-linux-gnu/libOgreMain.so
[4.123s] -- Looking for OGRE_Paging...
[4.533s] -- Found OGRE_Paging: optimized;/usr/lib/x86_64-linux-gnu/libOgrePaging.so;debug;/usr/lib/x86_64-linux-gnu/libOgrePaging.so
[4.533s] -- Looking for OGRE_Terrain...
[4.908s] -- Found OGRE_Terrain: optimized;/usr/lib/x86_64-linux-gnu/libOgreTerrain.so;debug;/usr/lib/x86_64-linux-gnu/libOgreTerrain.so
[4.908s] -- Looking for OGRE_Property...
[5.329s] -- Found OGRE_Property: optimized;/usr/lib/x86_64-linux-gnu/libOgreProperty.so;debug;/usr/lib/x86_64-linux-gnu/libOgreProperty.so
[5.329s] -- Looking for OGRE_RTShaderSystem...
[5.706s] -- Found OGRE_RTShaderSystem: optimized;/usr/lib/x86_64-linux-gnu/libOgreRTShaderSystem.so;debug;/usr/lib/x86_64-linux-gnu/libOgreRTShaderSystem.so
[5.706s] -- Looking for OGRE_Volume...
[6.083s] -- Found OGRE_Volume: optimized;/usr/lib/x86_64-linux-gnu/libOgreVolume.so;debug;/usr/lib/x86_64-linux-gnu/libOgreVolume.so
[6.083s] -- Looking for OGRE_Overlay...
[6.465s] -- Found OGRE_Overlay: optimized;/usr/lib/x86_64-linux-gnu/libOgreOverlay.so;debug;/usr/lib/x86_64-linux-gnu/libOgreOverlay.so
[25.829s] -- Looking for ignition-math6 -- found version 6.15.1
[25.834s] -- Looking for ignition-transport8 -- found version 8.2.1
[25.835s] -- Searching for dependencies of ignition-transport8
[27.047s] -- Found Protobuf: /usr/lib/x86_64-linux-gnu/libprotobuf.so (found suitable version "3.12.4", minimum required is "3") 
[28.218s] -- Config-file not installed for ZeroMQ -- checking for pkg-config
[28.224s] -- Checking for module 'libzmq >= 4'
[28.242s] --   Found libzmq , version 4.3.4
[28.292s] -- Found ZeroMQ: TRUE (Required is at least version "4") 
[28.338s] -- Checking for module 'uuid'
[28.357s] --   Found uuid, version 2.37.2
[28.409s] -- Found UUID: TRUE  
[28.415s] -- Looking for ignition-msgs5 -- found version 5.8.1
[28.415s] -- Searching for dependencies of ignition-msgs5
[29.716s] -- Looking for ignition-math6 -- found version 6.15.1
[29.723s] -- Checking for module 'tinyxml2'
[29.742s] --   Found tinyxml2, version 9.0.0
[29.793s] -- Looking for ignition-msgs5 -- found version 5.8.1
[29.799s] -- Looking for ignition-common3 -- found version 3.14.0
[29.799s] -- Searching for dependencies of ignition-common3
[29.836s] -- Looking for dlfcn.h - found
[29.873s] -- Looking for libdl - found
[29.874s] -- Found DL: TRUE  
[29.956s] -- Found tinyobjloader: /usr/lib/x86_64-linux-gnu/cmake/tinyobjloader/tinyobjloader-config.cmake (found version "2.0.0") 
[29.957s] -- Searching for <ignition-common3> component [graphics]
[29.962s] -- Looking for ignition-common3-graphics -- found version 3.14.0
[29.963s] -- Searching for dependencies of ignition-common3-graphics
[29.963s] -- Looking for ignition-math6 -- found version 6.15.1
[29.969s] -- Looking for ignition-fuel_tools4 -- found version 4.4.0
[29.970s] -- Searching for dependencies of ignition-fuel_tools4
[31.478s] -- Found CURL: /usr/lib/x86_64-linux-gnu/libcurl.so (found version "7.81.0")  
[31.492s] -- Checking for module 'jsoncpp'
[31.510s] --   Found jsoncpp, version 1.9.5
[31.557s] -- Found JSONCPP: TRUE  
[31.565s] -- Checking for module 'libzip'
[31.582s] --   Found libzip, version 1.7.3
[31.629s] -- Found ZIP: TRUE  
[31.630s] -- Looking for ignition-common3 -- found version 3.14.0
[31.630s] -- Looking for ignition-math6 -- found version 6.15.1
[31.630s] -- Looking for ignition-msgs5 -- found version 5.8.1
[31.638s] -- Gazebo version: 11.10
[31.639s] -- Checking for module 'tbb'
[31.659s] --   Found tbb, version 2021.5.0
[31.711s] -- Found gazebo_msgs: 3.9.0 (/opt/ros/humble/share/gazebo_msgs/cmake)
[31.777s] -- Found linkattacher_msgs: 0.0.0 (/home/ibrahim/BinPicking/install/linkattacher_msgs/share/linkattacher_msgs/cmake)
[31.793s] -- Added test 'copyright' to check source files copyright and LICENSE
[31.795s] -- Added test 'cppcheck' to perform static code analysis on C / C++ code
[31.795s] -- Configured cppcheck include dirs: /home/ibrahim/BinPicking/src/IFRA_LinkAttacher/ros2_LinkAttacher/include
[31.796s] -- Configured cppcheck exclude dirs and/or files: 
[31.797s] -- Added test 'cpplint' to check C / C++ code against the Google style
[31.797s] -- Configured cpplint exclude dirs and/or files: 
[31.798s] -- Added test 'lint_cmake' to check CMake code style
[31.800s] -- Added test 'uncrustify' to check C / C++ code style
[31.800s] -- Configured uncrustify additional arguments: 
[31.801s] -- Added test 'xmllint' to check XML markup files
[31.805s] -- Configuring done
[31.893s] -- Generating done
[31.901s] -- Build files have been written to: /home/ibrahim/BinPicking/build/ros2_linkattacher
[31.917s] Invoked command in '/home/ibrahim/BinPicking/build/ros2_linkattacher' returned '0': AMENT_PREFIX_PATH=/home/ibrahim/BinPicking/install/linkattacher_msgs:${AMENT_PREFIX_PATH} CMAKE_PREFIX_PATH=/home/ibrahim/BinPicking/install/linkattacher_msgs:/home/ibrahim/RobotArmExpanded/install/main_arm_package:/home/ibrahim/RobotArmExpanded/install/action_interfaces:/home/ibrahim/MoveItArm/install/moveit_config:/home/ibrahim/MoveItArm/install/moveit_arm_package:/home/ibrahim/TF2Sample/install/tf2sim:/home/ibrahim/RobotNav/install/main_robot_nodes:/home/ibrahim/RobotNav/install/action_interfaces:/home/ibrahim/RobotMonitor/install/Robot3Node_Package:/home/ibrahim/ros2_ws/install/my_first_package:/home/ibrahim/ros2_ws/install/action_interfaces:/home/ibrahim/RobotArm/install/main_arm_package:/home/ibrahim/RobotArm/install/action_interfaces:/opt/ros/humble LD_LIBRARY_PATH=/home/ibrahim/BinPicking/install/linkattacher_msgs/lib:${LD_LIBRARY_PATH} PYTHONPATH=/home/ibrahim/BinPicking/install/linkattacher_msgs/local/lib/python3.10/dist-packages:${PYTHONPATH} /usr/bin/cmake /home/ibrahim/BinPicking/src/IFRA_LinkAttacher/ros2_LinkAttacher -DCMAKE_INSTALL_PREFIX=/home/ibrahim/BinPicking/install/ros2_linkattacher
[31.921s] Invoking command in '/home/ibrahim/BinPicking/build/ros2_linkattacher': AMENT_PREFIX_PATH=/home/ibrahim/BinPicking/install/linkattacher_msgs:${AMENT_PREFIX_PATH} CMAKE_PREFIX_PATH=/home/ibrahim/BinPicking/install/linkattacher_msgs:/home/ibrahim/RobotArmExpanded/install/main_arm_package:/home/ibrahim/RobotArmExpanded/install/action_interfaces:/home/ibrahim/MoveItArm/install/moveit_config:/home/ibrahim/MoveItArm/install/moveit_arm_package:/home/ibrahim/TF2Sample/install/tf2sim:/home/ibrahim/RobotNav/install/main_robot_nodes:/home/ibrahim/RobotNav/install/action_interfaces:/home/ibrahim/RobotMonitor/install/Robot3Node_Package:/home/ibrahim/ros2_ws/install/my_first_package:/home/ibrahim/ros2_ws/install/action_interfaces:/home/ibrahim/RobotArm/install/main_arm_package:/home/ibrahim/RobotArm/install/action_interfaces:/opt/ros/humble LD_LIBRARY_PATH=/home/ibrahim/BinPicking/install/linkattacher_msgs/lib:${LD_LIBRARY_PATH} PYTHONPATH=/home/ibrahim/BinPicking/install/linkattacher_msgs/local/lib/python3.10/dist-packages:${PYTHONPATH} /usr/bin/cmake --build /home/ibrahim/BinPicking/build/ros2_linkattacher -- -j16 -l16
[31.988s] [ 50%] [32mBuilding CXX object CMakeFiles/gazebo_link_attacher.dir/src/gazebo_link_attacher.cpp.o[0m
[44.043s] [100%] [32m[1mLinking CXX shared library libgazebo_link_attacher.so[0m
[44.697s] [100%] Built target gazebo_link_attacher
[44.711s] Invoked command in '/home/ibrahim/BinPicking/build/ros2_linkattacher' returned '0': AMENT_PREFIX_PATH=/home/ibrahim/BinPicking/install/linkattacher_msgs:${AMENT_PREFIX_PATH} CMAKE_PREFIX_PATH=/home/ibrahim/BinPicking/install/linkattacher_msgs:/home/ibrahim/RobotArmExpanded/install/main_arm_package:/home/ibrahim/RobotArmExpanded/install/action_interfaces:/home/ibrahim/MoveItArm/install/moveit_config:/home/ibrahim/MoveItArm/install/moveit_arm_package:/home/ibrahim/TF2Sample/install/tf2sim:/home/ibrahim/RobotNav/install/main_robot_nodes:/home/ibrahim/RobotNav/install/action_interfaces:/home/ibrahim/RobotMonitor/install/Robot3Node_Package:/home/ibrahim/ros2_ws/install/my_first_package:/home/ibrahim/ros2_ws/install/action_interfaces:/home/ibrahim/RobotArm/install/main_arm_package:/home/ibrahim/RobotArm/install/action_interfaces:/opt/ros/humble LD_LIBRARY_PATH=/home/ibrahim/BinPicking/install/linkattacher_msgs/lib:${LD_LIBRARY_PATH} PYTHONPATH=/home/ibrahim/BinPicking/install/linkattacher_msgs/local/lib/python3.10/dist-packages:${PYTHONPATH} /usr/bin/cmake --build /home/ibrahim/BinPicking/build/ros2_linkattacher -- -j16 -l16
[44.714s] Invoking command in '/home/ibrahim/BinPicking/build/ros2_linkattacher': AMENT_PREFIX_PATH=/home/ibrahim/BinPicking/install/linkattacher_msgs:${AMENT_PREFIX_PATH} CMAKE_PREFIX_PATH=/home/ibrahim/BinPicking/install/linkattacher_msgs:/home/ibrahim/RobotArmExpanded/install/main_arm_package:/home/ibrahim/RobotArmExpanded/install/action_interfaces:/home/ibrahim/MoveItArm/install/moveit_config:/home/ibrahim/MoveItArm/install/moveit_arm_package:/home/ibrahim/TF2Sample/install/tf2sim:/home/ibrahim/RobotNav/install/main_robot_nodes:/home/ibrahim/RobotNav/install/action_interfaces:/home/ibrahim/RobotMonitor/install/Robot3Node_Package:/home/ibrahim/ros2_ws/install/my_first_package:/home/ibrahim/ros2_ws/install/action_interfaces:/home/ibrahim/RobotArm/install/main_arm_package:/home/ibrahim/RobotArm/install/action_interfaces:/opt/ros/humble LD_LIBRARY_PATH=/home/ibrahim/BinPicking/install/linkattacher_msgs/lib:${LD_LIBRARY_PATH} PYTHONPATH=/home/ibrahim/BinPicking/install/linkattacher_msgs/local/lib/python3.10/dist-packages:${PYTHONPATH} /usr/bin/cmake --install /home/ibrahim/BinPicking/build/ros2_linkattacher
[44.723s] -- Install configuration: ""
[44.725s] -- Installing: /home/ibrahim/BinPicking/install/ros2_linkattacher/share/ros2_linkattacher/environment/library_path.sh
[44.725s] -- Installing: /home/ibrahim/BinPicking/install/ros2_linkattacher/share/ros2_linkattacher/environment/library_path.dsv
[44.726s] -- Installing: /home/ibrahim/BinPicking/install/ros2_linkattacher/lib/libgazebo_link_attacher.so
[44.731s] -- Set runtime path of "/home/ibrahim/BinPicking/install/ros2_linkattacher/lib/libgazebo_link_attacher.so" to ""
[44.732s] -- Installing: /home/ibrahim/BinPicking/install/ros2_linkattacher/share/ament_index/resource_index/package_run_dependencies/ros2_linkattacher
[44.733s] -- Installing: /home/ibrahim/BinPicking/install/ros2_linkattacher/share/ament_index/resource_index/parent_prefix_path/ros2_linkattacher
[44.733s] -- Installing: /home/ibrahim/BinPicking/install/ros2_linkattacher/share/ros2_linkattacher/environment/ament_prefix_path.sh
[44.733s] -- Installing: /home/ibrahim/BinPicking/install/ros2_linkattacher/share/ros2_linkattacher/environment/ament_prefix_path.dsv
[44.733s] -- Installing: /home/ibrahim/BinPicking/install/ros2_linkattacher/share/ros2_linkattacher/environment/path.sh
[44.734s] -- Installing: /home/ibrahim/BinPicking/install/ros2_linkattacher/share/ros2_linkattacher/environment/path.dsv
[44.734s] -- Installing: /home/ibrahim/BinPicking/install/ros2_linkattacher/share/ros2_linkattacher/local_setup.bash
[44.734s] -- Installing: /home/ibrahim/BinPicking/install/ros2_linkattacher/share/ros2_linkattacher/local_setup.sh
[44.734s] -- Installing: /home/ibrahim/BinPicking/install/ros2_linkattacher/share/ros2_linkattacher/local_setup.zsh
[44.735s] -- Installing: /home/ibrahim/BinPicking/install/ros2_linkattacher/share/ros2_linkattacher/local_setup.dsv
[44.735s] -- Installing: /home/ibrahim/BinPicking/install/ros2_linkattacher/share/ros2_linkattacher/package.dsv
[44.736s] -- Installing: /home/ibrahim/BinPicking/install/ros2_linkattacher/share/ament_index/resource_index/packages/ros2_linkattacher
[44.736s] -- Installing: /home/ibrahim/BinPicking/install/ros2_linkattacher/share/ros2_linkattacher/cmake/ament_cmake_export_libraries-extras.cmake
[44.736s] -- Installing: /home/ibrahim/BinPicking/install/ros2_linkattacher/share/ros2_linkattacher/cmake/ros2_linkattacherConfig.cmake
[44.737s] -- Installing: /home/ibrahim/BinPicking/install/ros2_linkattacher/share/ros2_linkattacher/cmake/ros2_linkattacherConfig-version.cmake
[44.737s] -- Installing: /home/ibrahim/BinPicking/install/ros2_linkattacher/share/ros2_linkattacher/package.xml
[44.742s] Invoked command in '/home/ibrahim/BinPicking/build/ros2_linkattacher' returned '0': AMENT_PREFIX_PATH=/home/ibrahim/BinPicking/install/linkattacher_msgs:${AMENT_PREFIX_PATH} CMAKE_PREFIX_PATH=/home/ibrahim/BinPicking/install/linkattacher_msgs:/home/ibrahim/RobotArmExpanded/install/main_arm_package:/home/ibrahim/RobotArmExpanded/install/action_interfaces:/home/ibrahim/MoveItArm/install/moveit_config:/home/ibrahim/MoveItArm/install/moveit_arm_package:/home/ibrahim/TF2Sample/install/tf2sim:/home/ibrahim/RobotNav/install/main_robot_nodes:/home/ibrahim/RobotNav/install/action_interfaces:/home/ibrahim/RobotMonitor/install/Robot3Node_Package:/home/ibrahim/ros2_ws/install/my_first_package:/home/ibrahim/ros2_ws/install/action_interfaces:/home/ibrahim/RobotArm/install/main_arm_package:/home/ibrahim/RobotArm/install/action_interfaces:/opt/ros/humble LD_LIBRARY_PATH=/home/ibrahim/BinPicking/install/linkattacher_msgs/lib:${LD_LIBRARY_PATH} PYTHONPATH=/home/ibrahim/BinPicking/install/linkattacher_msgs/local/lib/python3.10/dist-packages:${PYTHONPATH} /usr/bin/cmake --install /home/ibrahim/BinPicking/build/ros2_linkattacher
