-- Found ament_cmake: 1.3.14 (/opt/ros/humble/share/ament_cmake/cmake)
-- Found ament_lint_auto: 0.12.15 (/opt/ros/humble/share/ament_lint_auto/cmake)
-- Added test 'cppcheck' to perform static code analysis on C / C++ code
-- Configured cppcheck include dirs: $<BUILD_INTERFACE:/home/ibrahim/BinPicking/src/bin_nodes/include>
-- Configured cppcheck exclude dirs and/or files: 
-- Added test 'flake8' to check Python code syntax and style conventions
-- Added test 'lint_cmake' to check CMake code style
-- Added test 'pep257' to check Python code against some of the docstring style conventions in PEP 257
-- Added test 'uncrustify' to check C / C++ code style
-- Configured uncrustify additional arguments: 
-- Added test 'xmllint' to check XML markup files
-- Configuring done
-- Generating done
-- Build files have been written to: /home/ibrahim/BinPicking/src/build/bin_nodes
[35m[1mConsolidate compiler generated dependencies of target MoveArm[0m
[100%] Built target MoveArm
-- Install configuration: ""
-- Up-to-date: /home/ibrahim/BinPicking/src/install/bin_nodes/lib/bin_nodes/MoveArm
-- Installing: /home/ibrahim/BinPicking/src/install/bin_nodes/share/bin_nodes/launch
-- Installing: /home/ibrahim/BinPicking/src/install/bin_nodes/share/bin_nodes/launch/display.launch.py
-- Installing: /home/ibrahim/BinPicking/src/install/bin_nodes/share/bin_nodes/urdf
-- Installing: /home/ibrahim/BinPicking/src/install/bin_nodes/share/bin_nodes/urdf/robot.urdf
-- Installing: /home/ibrahim/BinPicking/src/install/bin_nodes/share/bin_nodes/rviz
-- Installing: /home/ibrahim/BinPicking/src/install/bin_nodes/share/bin_nodes/rviz/model.rviz
-- Up-to-date: /home/ibrahim/BinPicking/src/install/bin_nodes/share/ament_index/resource_index/package_run_dependencies/bin_nodes
-- Up-to-date: /home/ibrahim/BinPicking/src/install/bin_nodes/share/ament_index/resource_index/parent_prefix_path/bin_nodes
-- Up-to-date: /home/ibrahim/BinPicking/src/install/bin_nodes/share/bin_nodes/environment/ament_prefix_path.sh
-- Installing: /home/ibrahim/BinPicking/src/install/bin_nodes/share/bin_nodes/environment/ament_prefix_path.dsv
-- Up-to-date: /home/ibrahim/BinPicking/src/install/bin_nodes/share/bin_nodes/environment/path.sh
-- Installing: /home/ibrahim/BinPicking/src/install/bin_nodes/share/bin_nodes/environment/path.dsv
-- Up-to-date: /home/ibrahim/BinPicking/src/install/bin_nodes/share/bin_nodes/local_setup.bash
-- Up-to-date: /home/ibrahim/BinPicking/src/install/bin_nodes/share/bin_nodes/local_setup.sh
-- Up-to-date: /home/ibrahim/BinPicking/src/install/bin_nodes/share/bin_nodes/local_setup.zsh
-- Installing: /home/ibrahim/BinPicking/src/install/bin_nodes/share/bin_nodes/local_setup.dsv
-- Installing: /home/ibrahim/BinPicking/src/install/bin_nodes/share/bin_nodes/package.dsv
-- Up-to-date: /home/ibrahim/BinPicking/src/install/bin_nodes/share/ament_index/resource_index/packages/bin_nodes
-- Up-to-date: /home/ibrahim/BinPicking/src/install/bin_nodes/share/bin_nodes/cmake/bin_nodesConfig.cmake
-- Up-to-date: /home/ibrahim/BinPicking/src/install/bin_nodes/share/bin_nodes/cmake/bin_nodesConfig-version.cmake
-- Up-to-date: /home/ibrahim/BinPicking/src/install/bin_nodes/share/bin_nodes/package.xml
