[0.023s] Invoking command in '/home/ibrahim/BinPicking/src/build/bin_nodes': CMAKE_PREFIX_PATH=${CMAKE_PREFIX_PATH}:/home/ibrahim/RobotArm/install/main_arm_package:/home/ibrahim/RobotArm/install/action_interfaces:/opt/ros/humble /usr/bin/cmake --build /home/ibrahim/BinPicking/src/build/bin_nodes -- -j16 -l16
[0.187s] -- Found ament_cmake: 1.3.14 (/opt/ros/humble/share/ament_cmake/cmake)
[0.379s] -- Found ament_lint_auto: 0.12.15 (/opt/ros/humble/share/ament_lint_auto/cmake)
[0.466s] -- Added test 'cppcheck' to perform static code analysis on C / C++ code
[0.466s] -- Configured cppcheck include dirs: $<BUILD_INTERFACE:/home/ibrahim/BinPicking/src/bin_nodes/include>
[0.467s] -- Configured cppcheck exclude dirs and/or files: 
[0.467s] -- Added test 'flake8' to check Python code syntax and style conventions
[0.469s] -- Added test 'lint_cmake' to check CMake code style
[0.470s] -- Added test 'pep257' to check Python code against some of the docstring style conventions in PEP 257
[0.473s] -- Added test 'uncrustify' to check C / C++ code style
[0.473s] -- Configured uncrustify additional arguments: 
[0.473s] -- Added test 'xmllint' to check XML markup files
[0.477s] -- Configuring done
[0.491s] -- Generating done
[0.496s] -- Build files have been written to: /home/ibrahim/BinPicking/src/build/bin_nodes
[0.535s] [35m[1mConsolidate compiler generated dependencies of target MoveArm[0m
[0.552s] [100%] Built target MoveArm
[0.567s] Invoked command in '/home/ibrahim/BinPicking/src/build/bin_nodes' returned '0': CMAKE_PREFIX_PATH=${CMAKE_PREFIX_PATH}:/home/ibrahim/RobotArm/install/main_arm_package:/home/ibrahim/RobotArm/install/action_interfaces:/opt/ros/humble /usr/bin/cmake --build /home/ibrahim/BinPicking/src/build/bin_nodes -- -j16 -l16
[0.583s] Invoking command in '/home/ibrahim/BinPicking/src/build/bin_nodes': CMAKE_PREFIX_PATH=${CMAKE_PREFIX_PATH}:/home/ibrahim/RobotArm/install/main_arm_package:/home/ibrahim/RobotArm/install/action_interfaces:/opt/ros/humble /usr/bin/cmake --install /home/ibrahim/BinPicking/src/build/bin_nodes
[0.593s] -- Install configuration: ""
[0.593s] -- Up-to-date: /home/ibrahim/BinPicking/src/install/bin_nodes/lib/bin_nodes/MoveArm
[0.593s] -- Installing: /home/ibrahim/BinPicking/src/install/bin_nodes/share/bin_nodes/launch
[0.594s] -- Installing: /home/ibrahim/BinPicking/src/install/bin_nodes/share/bin_nodes/launch/display.launch.py
[0.594s] -- Installing: /home/ibrahim/BinPicking/src/install/bin_nodes/share/bin_nodes/urdf
[0.595s] -- Installing: /home/ibrahim/BinPicking/src/install/bin_nodes/share/bin_nodes/urdf/robot.urdf
[0.595s] -- Installing: /home/ibrahim/BinPicking/src/install/bin_nodes/share/bin_nodes/rviz
[0.596s] -- Installing: /home/ibrahim/BinPicking/src/install/bin_nodes/share/bin_nodes/rviz/model.rviz
[0.596s] -- Up-to-date: /home/ibrahim/BinPicking/src/install/bin_nodes/share/ament_index/resource_index/package_run_dependencies/bin_nodes
[0.596s] -- Up-to-date: /home/ibrahim/BinPicking/src/install/bin_nodes/share/ament_index/resource_index/parent_prefix_path/bin_nodes
[0.596s] -- Up-to-date: /home/ibrahim/BinPicking/src/install/bin_nodes/share/bin_nodes/environment/ament_prefix_path.sh
[0.596s] -- Installing: /home/ibrahim/BinPicking/src/install/bin_nodes/share/bin_nodes/environment/ament_prefix_path.dsv
[0.597s] -- Up-to-date: /home/ibrahim/BinPicking/src/install/bin_nodes/share/bin_nodes/environment/path.sh
[0.597s] -- Installing: /home/ibrahim/BinPicking/src/install/bin_nodes/share/bin_nodes/environment/path.dsv
[0.597s] -- Up-to-date: /home/ibrahim/BinPicking/src/install/bin_nodes/share/bin_nodes/local_setup.bash
[0.597s] -- Up-to-date: /home/ibrahim/BinPicking/src/install/bin_nodes/share/bin_nodes/local_setup.sh
[0.597s] -- Up-to-date: /home/ibrahim/BinPicking/src/install/bin_nodes/share/bin_nodes/local_setup.zsh
[0.597s] -- Installing: /home/ibrahim/BinPicking/src/install/bin_nodes/share/bin_nodes/local_setup.dsv
[0.597s] -- Installing: /home/ibrahim/BinPicking/src/install/bin_nodes/share/bin_nodes/package.dsv
[0.598s] -- Up-to-date: /home/ibrahim/BinPicking/src/install/bin_nodes/share/ament_index/resource_index/packages/bin_nodes
[0.598s] -- Up-to-date: /home/ibrahim/BinPicking/src/install/bin_nodes/share/bin_nodes/cmake/bin_nodesConfig.cmake
[0.598s] -- Up-to-date: /home/ibrahim/BinPicking/src/install/bin_nodes/share/bin_nodes/cmake/bin_nodesConfig-version.cmake
[0.598s] -- Up-to-date: /home/ibrahim/BinPicking/src/install/bin_nodes/share/bin_nodes/package.xml
[0.602s] Invoked command in '/home/ibrahim/BinPicking/src/build/bin_nodes' returned '0': CMAKE_PREFIX_PATH=${CMAKE_PREFIX_PATH}:/home/ibrahim/RobotArm/install/main_arm_package:/home/ibrahim/RobotArm/install/action_interfaces:/opt/ros/humble /usr/bin/cmake --install /home/ibrahim/BinPicking/src/build/bin_nodes
