[0.018s] Invoking command in '/home/ibrahim/BinPicking/build/bin_nodes': CMAKE_PREFIX_PATH=${CMAKE_PREFIX_PATH}:/home/ibrahim/RobotArm/install/main_arm_package:/home/ibrahim/RobotArm/install/action_interfaces:/opt/ros/humble /usr/bin/cmake --build /home/ibrahim/BinPicking/build/bin_nodes -- -j16 -l16
[0.101s] Consolidate compiler generated dependencies of target pick_and_place_fixed
[0.110s] [ 50%] Built target MoveArm
[0.125s] [ 75%] Building CXX object CMakeFiles/pick_and_place_fixed.dir/src/pick_and_place_fixed.cpp.o
[5.419s] /home/ibrahim/BinPicking/src/bin_nodes/src/pick_and_place_fixed.cpp: In function ‘int main(int, char**)’:
[5.419s] /home/ibrahim/BinPicking/src/bin_nodes/src/pick_and_place_fixed.cpp:16:39: error: no matching function for call to ‘moveit::planning_interface::MoveGroupInterface::MoveGroupInterface(const char [4], std::shared_ptr<rclcpp::Node>&)’
[5.420s]    16 |     MoveGroupInterface arm("arm", node);
[5.420s]       |                                       ^
[5.420s] In file included from /home/ibrahim/BinPicking/src/bin_nodes/src/pick_and_place_fixed.cpp:2:
[5.420s] /opt/ros/humble/include/moveit/move_group_interface/move_group_interface.h:159:3: note: candidate: ‘moveit::planning_interface::MoveGroupInterface::MoveGroupInterface(moveit::planning_interface::MoveGroupInterface&&)’
[5.420s]   159 |   MoveGroupInterface(MoveGroupInterface&& other) noexcept;
[5.420s]       |   ^~~~~~~~~~~~~~~~~~
[5.420s] /opt/ros/humble/include/moveit/move_group_interface/move_group_interface.h:159:3: note:   candidate expects 1 argument, 2 provided
[5.420s] /opt/ros/humble/include/moveit/move_group_interface/move_group_interface.h:145:3: note: candidate: ‘moveit::planning_interface::MoveGroupInterface::MoveGroupInterface(const SharedPtr&, const string&, const std::shared_ptr<tf2_ros::Buffer>&, const rclcpp::Duration&)’
[5.420s]   145 |   MoveGroupInterface(const rclcpp::Node::SharedPtr& node, const std::string& group,
[5.420s]       |   ^~~~~~~~~~~~~~~~~~
[5.420s] /opt/ros/humble/include/moveit/move_group_interface/move_group_interface.h:145:53: note:   no known conversion for argument 1 from ‘const char [4]’ to ‘const SharedPtr&’ {aka ‘const std::shared_ptr<rclcpp::Node>&’}
[5.420s]   145 |   MoveGroupInterface(const rclcpp::Node::SharedPtr& node, const std::string& group,
[5.420s]       |                      ~~~~~~~~~~~~~~~~~~~~~~~~~~~~~~~^~~~
[5.420s] /opt/ros/humble/include/moveit/move_group_interface/move_group_interface.h:134:3: note: candidate: ‘moveit::planning_interface::MoveGroupInterface::MoveGroupInterface(const SharedPtr&, const moveit::planning_interface::MoveGroupInterface::Options&, const std::shared_ptr<tf2_ros::Buffer>&, const rclcpp::Duration&)’
[5.420s]   134 |   MoveGroupInterface(const rclcpp::Node::SharedPtr& node, const Options& opt,
[5.421s]       |   ^~~~~~~~~~~~~~~~~~
[5.421s] /opt/ros/humble/include/moveit/move_group_interface/move_group_interface.h:134:53: note:   no known conversion for argument 1 from ‘const char [4]’ to ‘const SharedPtr&’ {aka ‘const std::shared_ptr<rclcpp::Node>&’}
[5.421s]   134 |   MoveGroupInterface(const rclcpp::Node::SharedPtr& node, const Options& opt,
[5.421s]       |                      ~~~~~~~~~~~~~~~~~~~~~~~~~~~~~~~^~~~
[8.097s] gmake[2]: *** [CMakeFiles/pick_and_place_fixed.dir/build.make:76: CMakeFiles/pick_and_place_fixed.dir/src/pick_and_place_fixed.cpp.o] Error 1
[8.097s] gmake[1]: *** [CMakeFiles/Makefile2:165: CMakeFiles/pick_and_place_fixed.dir/all] Error 2
[8.098s] gmake: *** [Makefile:146: all] Error 2
[8.102s] Invoked command in '/home/ibrahim/BinPicking/build/bin_nodes' returned '2': CMAKE_PREFIX_PATH=${CMAKE_PREFIX_PATH}:/home/ibrahim/RobotArm/install/main_arm_package:/home/ibrahim/RobotArm/install/action_interfaces:/opt/ros/humble /usr/bin/cmake --build /home/ibrahim/BinPicking/build/bin_nodes -- -j16 -l16
