[0.027s] Invoking command in '/home/ibrahim/BinPicking/build/bin_interfaces': CMAKE_PREFIX_PATH=${CMAKE_PREFIX_PATH}:/home/ibrahim/RobotArm/install/main_arm_package:/home/ibrahim/RobotArm/install/action_interfaces:/opt/ros/humble /usr/bin/cmake /home/ibrahim/BinPicking/src/bin_interfaces -DCMAKE_INSTALL_PREFIX=/home/ibrahim/BinPicking/install/bin_interfaces
[0.490s] -- The C compiler identification is GNU 11.4.0
[1.447s] -- The CXX compiler identification is GNU 11.4.0
[2.107s] -- Detecting C compiler ABI info
[2.412s] -- Detecting C compiler ABI info - done
[2.418s] -- Check for working C compiler: /usr/bin/cc - skipped
[2.419s] -- Detecting C compile features
[2.421s] -- Detecting C compile features - done
[2.426s] -- Detecting CXX compiler ABI info
[2.701s] -- Detecting CXX compiler ABI info - done
[2.711s] -- Check for working CXX compiler: /usr/bin/c++ - skipped
[2.711s] -- Detecting CXX compile features
[2.711s] -- Detecting CXX compile features - done
[2.732s] -- Found ament_cmake: 1.3.14 (/opt/ros/humble/share/ament_cmake/cmake)
[2.949s] -- Found Python3: /usr/bin/python3 (found version "3.10.12") found components: Interpreter 
[3.125s] -- Found geometry_msgs: 4.9.1 (/opt/ros/humble/share/geometry_msgs/cmake)
[3.452s] -- Found rosidl_generator_c: 3.1.8 (/opt/ros/humble/share/rosidl_generator_c/cmake)
[3.465s] -- Found rosidl_adapter: 3.1.8 (/opt/ros/humble/share/rosidl_adapter/cmake)
[3.482s] -- Found rosidl_generator_cpp: 3.1.8 (/opt/ros/humble/share/rosidl_generator_cpp/cmake)
[3.513s] -- Using all available rosidl_typesupport_c: rosidl_typesupport_fastrtps_c;rosidl_typesupport_introspection_c
[3.546s] -- Using all available rosidl_typesupport_cpp: rosidl_typesupport_fastrtps_cpp;rosidl_typesupport_introspection_cpp
[3.615s] -- Found rosidl_default_generators: 1.2.1 (/opt/ros/humble/share/rosidl_default_generators/cmake)
[4.037s] -- Found ament_cmake_ros: 0.10.0 (/opt/ros/humble/share/ament_cmake_ros/cmake)
[4.591s] -- Using all available rosidl_typesupport_c: rosidl_typesupport_fastrtps_c;rosidl_typesupport_introspection_c
[4.787s] -- Using all available rosidl_typesupport_cpp: rosidl_typesupport_fastrtps_cpp;rosidl_typesupport_introspection_cpp
[5.018s] -- Found PythonInterp: /usr/bin/python3 (found suitable version "3.10.12", minimum required is "3.6") 
[5.026s] -- Found python_cmake_module: 0.10.0 (/opt/ros/humble/share/python_cmake_module/cmake)
[5.768s] -- Found PythonLibs: /usr/lib/x86_64-linux-gnu/libpython3.10.so (found suitable version "3.10.12", minimum required is "3.5") 
[5.768s] -- Using PYTHON_EXECUTABLE: /usr/bin/python3
[5.768s] -- Using PYTHON_INCLUDE_DIRS: /usr/include/python3.10
[5.768s] -- Using PYTHON_LIBRARIES: /usr/lib/x86_64-linux-gnu/libpython3.10.so
[5.794s] -- Found PythonExtra: .so  
[6.028s] -- Found ament_lint_auto: 0.12.15 (/opt/ros/humble/share/ament_lint_auto/cmake)
[6.116s] -- Added test 'lint_cmake' to check CMake code style
[6.122s] -- Added test 'xmllint' to check XML markup files
[6.130s] -- Configuring done
[6.232s] -- Generating done
[6.258s] -- Build files have been written to: /home/ibrahim/BinPicking/build/bin_interfaces
[6.283s] Invoked command in '/home/ibrahim/BinPicking/build/bin_interfaces' returned '0': CMAKE_PREFIX_PATH=${CMAKE_PREFIX_PATH}:/home/ibrahim/RobotArm/install/main_arm_package:/home/ibrahim/RobotArm/install/action_interfaces:/opt/ros/humble /usr/bin/cmake /home/ibrahim/BinPicking/src/bin_interfaces -DCMAKE_INSTALL_PREFIX=/home/ibrahim/BinPicking/install/bin_interfaces
[6.285s] Invoking command in '/home/ibrahim/BinPicking/build/bin_interfaces': CMAKE_PREFIX_PATH=${CMAKE_PREFIX_PATH}:/home/ibrahim/RobotArm/install/main_arm_package:/home/ibrahim/RobotArm/install/action_interfaces:/opt/ros/humble /usr/bin/cmake --build /home/ibrahim/BinPicking/build/bin_interfaces -- -j16 -l16
[6.345s] [  3%] Generating C code for ROS interfaces
[6.362s] [  9%] Generating Rust code for ROS interfaces
[6.362s] [  9%] Generating C++ code for ROS interfaces
[6.379s] [  9%] Built target ament_cmake_python_copy_bin_interfaces
[6.770s] [  9%] Built target bin_interfaces__rs
[6.804s] running egg_info
[6.805s] [  9%] Built target bin_interfaces__cpp
[6.805s] creating bin_interfaces.egg-info
[6.809s] writing bin_interfaces.egg-info/PKG-INFO
[6.809s] writing dependency_links to bin_interfaces.egg-info/dependency_links.txt
[6.810s] writing top-level names to bin_interfaces.egg-info/top_level.txt
[6.810s] writing manifest file 'bin_interfaces.egg-info/SOURCES.txt'
[6.812s] reading manifest file 'bin_interfaces.egg-info/SOURCES.txt'
[6.813s] writing manifest file 'bin_interfaces.egg-info/SOURCES.txt'
[6.822s] [ 18%] Generating C++ introspection for ROS interfaces
[6.823s] [ 18%] Generating C++ type support for eProsima Fast-RTPS
[6.823s] [ 18%] Generating C++ type support dispatch for ROS interfaces
[6.828s] [ 21%] Building C object CMakeFiles/bin_interfaces__rosidl_generator_c.dir/rosidl_generator_c/bin_interfaces/srv/detail/get_targets__functions.c.o
[6.879s] [ 21%] Built target ament_cmake_python_build_bin_interfaces_egg
[6.955s] [ 25%] Linking C shared library libbin_interfaces__rosidl_generator_c.so
[7.232s] [ 25%] Built target bin_interfaces__rosidl_generator_c
[7.253s] [ 28%] Generating C introspection for ROS interfaces
[7.254s] [ 31%] Generating C type support for eProsima Fast-RTPS
[7.255s] [ 37%] Building CXX object CMakeFiles/bin_interfaces__rosidl_typesupport_cpp.dir/rosidl_typesupport_cpp/bin_interfaces/srv/get_targets__type_support.cpp.o
[7.255s] [ 37%] Generating C type support dispatch for ROS interfaces
[7.287s] [ 40%] Building CXX object CMakeFiles/bin_interfaces__rosidl_typesupport_introspection_cpp.dir/rosidl_typesupport_introspection_cpp/bin_interfaces/srv/detail/get_targets__type_support.cpp.o
[7.331s] [ 43%] Building CXX object CMakeFiles/bin_interfaces__rosidl_typesupport_fastrtps_cpp.dir/rosidl_typesupport_fastrtps_cpp/bin_interfaces/srv/detail/dds_fastrtps/get_targets__type_support.cpp.o
[7.780s] [ 46%] Building CXX object CMakeFiles/bin_interfaces__rosidl_typesupport_c.dir/rosidl_typesupport_c/bin_interfaces/srv/get_targets__type_support.cpp.o
[7.813s] [ 50%] Building C object CMakeFiles/bin_interfaces__rosidl_typesupport_introspection_c.dir/rosidl_typesupport_introspection_c/bin_interfaces/srv/detail/get_targets__type_support.c.o
[7.840s] [ 53%] Building CXX object CMakeFiles/bin_interfaces__rosidl_typesupport_fastrtps_c.dir/rosidl_typesupport_fastrtps_c/bin_interfaces/srv/detail/get_targets__type_support_c.cpp.o
[7.862s] [ 56%] Linking CXX shared library libbin_interfaces__rosidl_typesupport_c.so
[7.909s] [ 59%] Linking CXX shared library libbin_interfaces__rosidl_typesupport_cpp.so
[7.918s] [ 62%] Linking C shared library libbin_interfaces__rosidl_typesupport_introspection_c.so
[8.222s] [ 62%] Built target bin_interfaces__rosidl_typesupport_c
[8.223s] [ 62%] Built target bin_interfaces__rosidl_typesupport_cpp
[8.238s] [ 62%] Built target bin_interfaces__rosidl_typesupport_introspection_c
[8.251s] [ 65%] Linking CXX shared library libbin_interfaces__rosidl_typesupport_introspection_cpp.so
[8.302s] [ 68%] Linking CXX shared library libbin_interfaces__rosidl_typesupport_fastrtps_cpp.so
[8.652s] [ 71%] Linking CXX shared library libbin_interfaces__rosidl_typesupport_fastrtps_c.so
[8.668s] [ 71%] Built target bin_interfaces__rosidl_typesupport_introspection_cpp
[8.734s] [ 71%] Built target bin_interfaces__rosidl_typesupport_fastrtps_cpp
[8.968s] [ 71%] Built target bin_interfaces__rosidl_typesupport_fastrtps_c
[9.006s] [ 71%] Built target bin_interfaces
[9.042s] [ 75%] Generating Python code for ROS interfaces
[9.518s] [ 75%] Built target bin_interfaces__py
[9.552s] [ 78%] Building C object CMakeFiles/bin_interfaces__rosidl_generator_py.dir/rosidl_generator_py/bin_interfaces/srv/_get_targets_s.c.o
[9.783s] [ 81%] Linking C shared library rosidl_generator_py/bin_interfaces/libbin_interfaces__rosidl_generator_py.so
[10.015s] [ 81%] Built target bin_interfaces__rosidl_generator_py
[10.051s] [ 87%] Building C object CMakeFiles/bin_interfaces__rosidl_typesupport_fastrtps_c__pyext.dir/rosidl_generator_py/bin_interfaces/_bin_interfaces_s.ep.rosidl_typesupport_fastrtps_c.c.o
[10.051s] [ 87%] Building C object CMakeFiles/bin_interfaces__rosidl_typesupport_introspection_c__pyext.dir/rosidl_generator_py/bin_interfaces/_bin_interfaces_s.ep.rosidl_typesupport_introspection_c.c.o
[10.051s] [ 90%] Building C object CMakeFiles/bin_interfaces__rosidl_typesupport_c__pyext.dir/rosidl_generator_py/bin_interfaces/_bin_interfaces_s.ep.rosidl_typesupport_c.c.o
[10.205s] [100%] Linking C shared library rosidl_generator_py/bin_interfaces/bin_interfaces_s__rosidl_typesupport_introspection_c.cpython-310-x86_64-linux-gnu.so
[10.205s] [100%] Linking C shared library rosidl_generator_py/bin_interfaces/bin_interfaces_s__rosidl_typesupport_c.cpython-310-x86_64-linux-gnu.so
[10.205s] [100%] Linking C shared library rosidl_generator_py/bin_interfaces/bin_interfaces_s__rosidl_typesupport_fastrtps_c.cpython-310-x86_64-linux-gnu.so
[10.386s] [100%] Built target bin_interfaces__rosidl_typesupport_fastrtps_c__pyext
[10.386s] [100%] Built target bin_interfaces__rosidl_typesupport_c__pyext
[10.386s] [100%] Built target bin_interfaces__rosidl_typesupport_introspection_c__pyext
[10.410s] Invoked command in '/home/ibrahim/BinPicking/build/bin_interfaces' returned '0': CMAKE_PREFIX_PATH=${CMAKE_PREFIX_PATH}:/home/ibrahim/RobotArm/install/main_arm_package:/home/ibrahim/RobotArm/install/action_interfaces:/opt/ros/humble /usr/bin/cmake --build /home/ibrahim/BinPicking/build/bin_interfaces -- -j16 -l16
[10.426s] Invoking command in '/home/ibrahim/BinPicking/build/bin_interfaces': CMAKE_PREFIX_PATH=${CMAKE_PREFIX_PATH}:/home/ibrahim/RobotArm/install/main_arm_package:/home/ibrahim/RobotArm/install/action_interfaces:/opt/ros/humble /usr/bin/cmake --install /home/ibrahim/BinPicking/build/bin_interfaces
[10.440s] -- Install configuration: ""
[10.443s] -- Installing: /home/ibrahim/BinPicking/install/bin_interfaces/share/ament_index/resource_index/rosidl_interfaces/bin_interfaces
[10.443s] -- Installing: /home/ibrahim/BinPicking/install/bin_interfaces/include/bin_interfaces/bin_interfaces
[10.445s] -- Installing: /home/ibrahim/BinPicking/install/bin_interfaces/include/bin_interfaces/bin_interfaces/srv
[10.445s] -- Installing: /home/ibrahim/BinPicking/install/bin_interfaces/include/bin_interfaces/bin_interfaces/srv/get_targets.h
[10.446s] -- Installing: /home/ibrahim/BinPicking/install/bin_interfaces/include/bin_interfaces/bin_interfaces/srv/detail
[10.447s] -- Installing: /home/ibrahim/BinPicking/install/bin_interfaces/include/bin_interfaces/bin_interfaces/srv/detail/get_targets__type_support.h
[10.447s] -- Installing: /home/ibrahim/BinPicking/install/bin_interfaces/include/bin_interfaces/bin_interfaces/srv/detail/get_targets__functions.c
[10.447s] -- Installing: /home/ibrahim/BinPicking/install/bin_interfaces/include/bin_interfaces/bin_interfaces/srv/detail/get_targets__functions.h
[10.448s] -- Installing: /home/ibrahim/BinPicking/install/bin_interfaces/include/bin_interfaces/bin_interfaces/srv/detail/get_targets__struct.h
[10.448s] -- Installing: /home/ibrahim/BinPicking/install/bin_interfaces/include/bin_interfaces/bin_interfaces/msg
[10.448s] -- Installing: /home/ibrahim/BinPicking/install/bin_interfaces/include/bin_interfaces/bin_interfaces/msg/rosidl_generator_c__visibility_control.h
[10.450s] -- Installing: /home/ibrahim/BinPicking/install/bin_interfaces/share/bin_interfaces/environment/library_path.sh
[10.450s] -- Installing: /home/ibrahim/BinPicking/install/bin_interfaces/share/bin_interfaces/environment/library_path.dsv
[10.451s] -- Installing: /home/ibrahim/BinPicking/install/bin_interfaces/lib/libbin_interfaces__rosidl_generator_c.so
[10.452s] -- Set runtime path of "/home/ibrahim/BinPicking/install/bin_interfaces/lib/libbin_interfaces__rosidl_generator_c.so" to ""
[10.452s] -- Up-to-date: /home/ibrahim/BinPicking/install/bin_interfaces/include/bin_interfaces/bin_interfaces
[10.452s] -- Up-to-date: /home/ibrahim/BinPicking/install/bin_interfaces/include/bin_interfaces/bin_interfaces/srv
[10.453s] -- Up-to-date: /home/ibrahim/BinPicking/install/bin_interfaces/include/bin_interfaces/bin_interfaces/srv/detail
[10.453s] -- Installing: /home/ibrahim/BinPicking/install/bin_interfaces/include/bin_interfaces/bin_interfaces/srv/detail/get_targets__rosidl_typesupport_fastrtps_c.h
[10.453s] -- Up-to-date: /home/ibrahim/BinPicking/install/bin_interfaces/include/bin_interfaces/bin_interfaces/msg
[10.453s] -- Installing: /home/ibrahim/BinPicking/install/bin_interfaces/include/bin_interfaces/bin_interfaces/msg/rosidl_typesupport_fastrtps_c__visibility_control.h
[10.453s] -- Installing: /home/ibrahim/BinPicking/install/bin_interfaces/lib/libbin_interfaces__rosidl_typesupport_fastrtps_c.so
[10.454s] -- Set runtime path of "/home/ibrahim/BinPicking/install/bin_interfaces/lib/libbin_interfaces__rosidl_typesupport_fastrtps_c.so" to ""
[10.455s] -- Up-to-date: /home/ibrahim/BinPicking/install/bin_interfaces/include/bin_interfaces/bin_interfaces
[10.455s] -- Up-to-date: /home/ibrahim/BinPicking/install/bin_interfaces/include/bin_interfaces/bin_interfaces/srv
[10.456s] -- Installing: /home/ibrahim/BinPicking/install/bin_interfaces/include/bin_interfaces/bin_interfaces/srv/get_targets.hpp
[10.457s] -- Up-to-date: /home/ibrahim/BinPicking/install/bin_interfaces/include/bin_interfaces/bin_interfaces/srv/detail
[10.457s] -- Installing: /home/ibrahim/BinPicking/install/bin_interfaces/include/bin_interfaces/bin_interfaces/srv/detail/get_targets__struct.hpp
[10.457s] -- Installing: /home/ibrahim/BinPicking/install/bin_interfaces/include/bin_interfaces/bin_interfaces/srv/detail/get_targets__builder.hpp
[10.457s] -- Installing: /home/ibrahim/BinPicking/install/bin_interfaces/include/bin_interfaces/bin_interfaces/srv/detail/get_targets__traits.hpp
[10.457s] -- Installing: /home/ibrahim/BinPicking/install/bin_interfaces/include/bin_interfaces/bin_interfaces/srv/detail/get_targets__type_support.hpp
[10.457s] -- Up-to-date: /home/ibrahim/BinPicking/install/bin_interfaces/include/bin_interfaces/bin_interfaces/msg
[10.457s] -- Installing: /home/ibrahim/BinPicking/install/bin_interfaces/include/bin_interfaces/bin_interfaces/msg/rosidl_generator_cpp__visibility_control.hpp
[10.457s] -- Up-to-date: /home/ibrahim/BinPicking/install/bin_interfaces/include/bin_interfaces/bin_interfaces
[10.457s] -- Up-to-date: /home/ibrahim/BinPicking/install/bin_interfaces/include/bin_interfaces/bin_interfaces/srv
[10.457s] -- Up-to-date: /home/ibrahim/BinPicking/install/bin_interfaces/include/bin_interfaces/bin_interfaces/srv/detail
[10.457s] -- Installing: /home/ibrahim/BinPicking/install/bin_interfaces/include/bin_interfaces/bin_interfaces/srv/detail/get_targets__rosidl_typesupport_fastrtps_cpp.hpp
[10.458s] -- Installing: /home/ibrahim/BinPicking/install/bin_interfaces/include/bin_interfaces/bin_interfaces/srv/detail/dds_fastrtps
[10.458s] -- Up-to-date: /home/ibrahim/BinPicking/install/bin_interfaces/include/bin_interfaces/bin_interfaces/msg
[10.458s] -- Installing: /home/ibrahim/BinPicking/install/bin_interfaces/include/bin_interfaces/bin_interfaces/msg/rosidl_typesupport_fastrtps_cpp__visibility_control.h
[10.458s] -- Installing: /home/ibrahim/BinPicking/install/bin_interfaces/lib/libbin_interfaces__rosidl_typesupport_fastrtps_cpp.so
[10.459s] -- Set runtime path of "/home/ibrahim/BinPicking/install/bin_interfaces/lib/libbin_interfaces__rosidl_typesupport_fastrtps_cpp.so" to ""
[10.460s] -- Up-to-date: /home/ibrahim/BinPicking/install/bin_interfaces/include/bin_interfaces/bin_interfaces
[10.460s] -- Up-to-date: /home/ibrahim/BinPicking/install/bin_interfaces/include/bin_interfaces/bin_interfaces/srv
[10.461s] -- Up-to-date: /home/ibrahim/BinPicking/install/bin_interfaces/include/bin_interfaces/bin_interfaces/srv/detail
[10.461s] -- Installing: /home/ibrahim/BinPicking/install/bin_interfaces/include/bin_interfaces/bin_interfaces/srv/detail/get_targets__type_support.c
[10.461s] -- Installing: /home/ibrahim/BinPicking/install/bin_interfaces/include/bin_interfaces/bin_interfaces/srv/detail/get_targets__rosidl_typesupport_introspection_c.h
[10.461s] -- Up-to-date: /home/ibrahim/BinPicking/install/bin_interfaces/include/bin_interfaces/bin_interfaces/msg
[10.462s] -- Installing: /home/ibrahim/BinPicking/install/bin_interfaces/include/bin_interfaces/bin_interfaces/msg/rosidl_typesupport_introspection_c__visibility_control.h
[10.462s] -- Installing: /home/ibrahim/BinPicking/install/bin_interfaces/lib/libbin_interfaces__rosidl_typesupport_introspection_c.so
[10.462s] -- Set runtime path of "/home/ibrahim/BinPicking/install/bin_interfaces/lib/libbin_interfaces__rosidl_typesupport_introspection_c.so" to ""
[10.462s] -- Installing: /home/ibrahim/BinPicking/install/bin_interfaces/lib/libbin_interfaces__rosidl_typesupport_c.so
[10.462s] -- Set runtime path of "/home/ibrahim/BinPicking/install/bin_interfaces/lib/libbin_interfaces__rosidl_typesupport_c.so" to ""
[10.463s] -- Up-to-date: /home/ibrahim/BinPicking/install/bin_interfaces/include/bin_interfaces/bin_interfaces
[10.463s] -- Up-to-date: /home/ibrahim/BinPicking/install/bin_interfaces/include/bin_interfaces/bin_interfaces/srv
[10.463s] -- Up-to-date: /home/ibrahim/BinPicking/install/bin_interfaces/include/bin_interfaces/bin_interfaces/srv/detail
[10.463s] -- Installing: /home/ibrahim/BinPicking/install/bin_interfaces/include/bin_interfaces/bin_interfaces/srv/detail/get_targets__type_support.cpp
[10.463s] -- Installing: /home/ibrahim/BinPicking/install/bin_interfaces/include/bin_interfaces/bin_interfaces/srv/detail/get_targets__rosidl_typesupport_introspection_cpp.hpp
[10.463s] -- Installing: /home/ibrahim/BinPicking/install/bin_interfaces/lib/libbin_interfaces__rosidl_typesupport_introspection_cpp.so
[10.464s] -- Set runtime path of "/home/ibrahim/BinPicking/install/bin_interfaces/lib/libbin_interfaces__rosidl_typesupport_introspection_cpp.so" to ""
[10.464s] -- Installing: /home/ibrahim/BinPicking/install/bin_interfaces/lib/libbin_interfaces__rosidl_typesupport_cpp.so
[10.465s] -- Set runtime path of "/home/ibrahim/BinPicking/install/bin_interfaces/lib/libbin_interfaces__rosidl_typesupport_cpp.so" to ""
[10.465s] -- Installing: /home/ibrahim/BinPicking/install/bin_interfaces/share/bin_interfaces/environment/pythonpath.sh
[10.465s] -- Installing: /home/ibrahim/BinPicking/install/bin_interfaces/share/bin_interfaces/environment/pythonpath.dsv
[10.466s] -- Installing: /home/ibrahim/BinPicking/install/bin_interfaces/local/lib/python3.10/dist-packages/bin_interfaces-0.0.0-py3.10.egg-info
[10.470s] -- Installing: /home/ibrahim/BinPicking/install/bin_interfaces/local/lib/python3.10/dist-packages/bin_interfaces-0.0.0-py3.10.egg-info/top_level.txt
[10.471s] -- Installing: /home/ibrahim/BinPicking/install/bin_interfaces/local/lib/python3.10/dist-packages/bin_interfaces-0.0.0-py3.10.egg-info/PKG-INFO
[10.471s] -- Installing: /home/ibrahim/BinPicking/install/bin_interfaces/local/lib/python3.10/dist-packages/bin_interfaces-0.0.0-py3.10.egg-info/dependency_links.txt
[10.471s] -- Installing: /home/ibrahim/BinPicking/install/bin_interfaces/local/lib/python3.10/dist-packages/bin_interfaces-0.0.0-py3.10.egg-info/SOURCES.txt
[10.471s] -- Installing: /home/ibrahim/BinPicking/install/bin_interfaces/local/lib/python3.10/dist-packages/bin_interfaces
[10.471s] -- Installing: /home/ibrahim/BinPicking/install/bin_interfaces/local/lib/python3.10/dist-packages/bin_interfaces/_bin_interfaces_s.ep.rosidl_typesupport_introspection_c.c
[10.472s] -- Installing: /home/ibrahim/BinPicking/install/bin_interfaces/local/lib/python3.10/dist-packages/bin_interfaces/bin_interfaces_s__rosidl_typesupport_c.cpython-310-x86_64-linux-gnu.so
[10.474s] -- Installing: /home/ibrahim/BinPicking/install/bin_interfaces/local/lib/python3.10/dist-packages/bin_interfaces/bin_interfaces_s__rosidl_typesupport_introspection_c.cpython-310-x86_64-linux-gnu.so
[10.474s] -- Installing: /home/ibrahim/BinPicking/install/bin_interfaces/local/lib/python3.10/dist-packages/bin_interfaces/srv
[10.475s] -- Installing: /home/ibrahim/BinPicking/install/bin_interfaces/local/lib/python3.10/dist-packages/bin_interfaces/srv/_get_targets_s.c
[10.475s] -- Installing: /home/ibrahim/BinPicking/install/bin_interfaces/local/lib/python3.10/dist-packages/bin_interfaces/srv/_get_targets.py
[10.476s] -- Installing: /home/ibrahim/BinPicking/install/bin_interfaces/local/lib/python3.10/dist-packages/bin_interfaces/srv/__init__.py
[10.476s] -- Installing: /home/ibrahim/BinPicking/install/bin_interfaces/local/lib/python3.10/dist-packages/bin_interfaces/bin_interfaces_s__rosidl_typesupport_fastrtps_c.cpython-310-x86_64-linux-gnu.so
[10.476s] -- Installing: /home/ibrahim/BinPicking/install/bin_interfaces/local/lib/python3.10/dist-packages/bin_interfaces/_bin_interfaces_s.ep.rosidl_typesupport_c.c
[10.476s] -- Installing: /home/ibrahim/BinPicking/install/bin_interfaces/local/lib/python3.10/dist-packages/bin_interfaces/libbin_interfaces__rosidl_generator_py.so
[10.477s] -- Installing: /home/ibrahim/BinPicking/install/bin_interfaces/local/lib/python3.10/dist-packages/bin_interfaces/_bin_interfaces_s.ep.rosidl_typesupport_fastrtps_c.c
[10.478s] -- Installing: /home/ibrahim/BinPicking/install/bin_interfaces/local/lib/python3.10/dist-packages/bin_interfaces/__init__.py
[10.522s] Listing '/home/ibrahim/BinPicking/install/bin_interfaces/local/lib/python3.10/dist-packages/bin_interfaces'...
[10.522s] Compiling '/home/ibrahim/BinPicking/install/bin_interfaces/local/lib/python3.10/dist-packages/bin_interfaces/__init__.py'...
[10.522s] Listing '/home/ibrahim/BinPicking/install/bin_interfaces/local/lib/python3.10/dist-packages/bin_interfaces/srv'...
[10.522s] Compiling '/home/ibrahim/BinPicking/install/bin_interfaces/local/lib/python3.10/dist-packages/bin_interfaces/srv/__init__.py'...
[10.522s] Compiling '/home/ibrahim/BinPicking/install/bin_interfaces/local/lib/python3.10/dist-packages/bin_interfaces/srv/_get_targets.py'...
[10.532s] -- Installing: /home/ibrahim/BinPicking/install/bin_interfaces/local/lib/python3.10/dist-packages/bin_interfaces/bin_interfaces_s__rosidl_typesupport_fastrtps_c.cpython-310-x86_64-linux-gnu.so
[10.533s] -- Set runtime path of "/home/ibrahim/BinPicking/install/bin_interfaces/local/lib/python3.10/dist-packages/bin_interfaces/bin_interfaces_s__rosidl_typesupport_fastrtps_c.cpython-310-x86_64-linux-gnu.so" to ""
[10.533s] -- Installing: /home/ibrahim/BinPicking/install/bin_interfaces/local/lib/python3.10/dist-packages/bin_interfaces/bin_interfaces_s__rosidl_typesupport_introspection_c.cpython-310-x86_64-linux-gnu.so
[10.533s] -- Set runtime path of "/home/ibrahim/BinPicking/install/bin_interfaces/local/lib/python3.10/dist-packages/bin_interfaces/bin_interfaces_s__rosidl_typesupport_introspection_c.cpython-310-x86_64-linux-gnu.so" to ""
[10.534s] -- Installing: /home/ibrahim/BinPicking/install/bin_interfaces/local/lib/python3.10/dist-packages/bin_interfaces/bin_interfaces_s__rosidl_typesupport_c.cpython-310-x86_64-linux-gnu.so
[10.534s] -- Set runtime path of "/home/ibrahim/BinPicking/install/bin_interfaces/local/lib/python3.10/dist-packages/bin_interfaces/bin_interfaces_s__rosidl_typesupport_c.cpython-310-x86_64-linux-gnu.so" to ""
[10.534s] -- Installing: /home/ibrahim/BinPicking/install/bin_interfaces/lib/libbin_interfaces__rosidl_generator_py.so
[10.535s] -- Set runtime path of "/home/ibrahim/BinPicking/install/bin_interfaces/lib/libbin_interfaces__rosidl_generator_py.so" to ""
[10.535s] -- Installing: /home/ibrahim/BinPicking/install/bin_interfaces/share/ament_index/resource_index/rust_packages/bin_interfaces
[10.536s] -- Installing: /home/ibrahim/BinPicking/install/bin_interfaces/share/bin_interfaces/rust
[10.536s] -- Installing: /home/ibrahim/BinPicking/install/bin_interfaces/share/bin_interfaces/rust/src
[10.536s] -- Installing: /home/ibrahim/BinPicking/install/bin_interfaces/share/bin_interfaces/rust/src/lib.rs
[10.537s] -- Installing: /home/ibrahim/BinPicking/install/bin_interfaces/share/bin_interfaces/rust/src/srv
[10.537s] -- Installing: /home/ibrahim/BinPicking/install/bin_interfaces/share/bin_interfaces/rust/src/srv/rmw.rs
[10.538s] -- Installing: /home/ibrahim/BinPicking/install/bin_interfaces/share/bin_interfaces/rust/src/srv.rs
[10.538s] -- Installing: /home/ibrahim/BinPicking/install/bin_interfaces/share/bin_interfaces/rust/build.rs
[10.538s] -- Installing: /home/ibrahim/BinPicking/install/bin_interfaces/share/bin_interfaces/rust/Cargo.toml
[10.539s] -- Installing: /home/ibrahim/BinPicking/install/bin_interfaces/share/bin_interfaces/srv/GetTargets.idl
[10.540s] -- Installing: /home/ibrahim/BinPicking/install/bin_interfaces/share/bin_interfaces/srv/GetTargets.srv
[10.540s] -- Installing: /home/ibrahim/BinPicking/install/bin_interfaces/share/bin_interfaces/srv/GetTargets_Request.msg
[10.540s] -- Installing: /home/ibrahim/BinPicking/install/bin_interfaces/share/bin_interfaces/srv/GetTargets_Response.msg
[10.542s] -- Installing: /home/ibrahim/BinPicking/install/bin_interfaces/share/ament_index/resource_index/package_run_dependencies/bin_interfaces
[10.543s] -- Installing: /home/ibrahim/BinPicking/install/bin_interfaces/share/ament_index/resource_index/parent_prefix_path/bin_interfaces
[10.543s] -- Installing: /home/ibrahim/BinPicking/install/bin_interfaces/share/bin_interfaces/environment/ament_prefix_path.sh
[10.544s] -- Installing: /home/ibrahim/BinPicking/install/bin_interfaces/share/bin_interfaces/environment/ament_prefix_path.dsv
[10.544s] -- Installing: /home/ibrahim/BinPicking/install/bin_interfaces/share/bin_interfaces/environment/path.sh
[10.544s] -- Installing: /home/ibrahim/BinPicking/install/bin_interfaces/share/bin_interfaces/environment/path.dsv
[10.544s] -- Installing: /home/ibrahim/BinPicking/install/bin_interfaces/share/bin_interfaces/local_setup.bash
[10.545s] -- Installing: /home/ibrahim/BinPicking/install/bin_interfaces/share/bin_interfaces/local_setup.sh
[10.545s] -- Installing: /home/ibrahim/BinPicking/install/bin_interfaces/share/bin_interfaces/local_setup.zsh
[10.545s] -- Installing: /home/ibrahim/BinPicking/install/bin_interfaces/share/bin_interfaces/local_setup.dsv
[10.545s] -- Installing: /home/ibrahim/BinPicking/install/bin_interfaces/share/bin_interfaces/package.dsv
[10.547s] -- Installing: /home/ibrahim/BinPicking/install/bin_interfaces/share/ament_index/resource_index/packages/bin_interfaces
[10.548s] -- Installing: /home/ibrahim/BinPicking/install/bin_interfaces/share/bin_interfaces/cmake/export_bin_interfaces__rosidl_generator_cExport.cmake
[10.548s] -- Installing: /home/ibrahim/BinPicking/install/bin_interfaces/share/bin_interfaces/cmake/export_bin_interfaces__rosidl_generator_cExport-noconfig.cmake
[10.549s] -- Installing: /home/ibrahim/BinPicking/install/bin_interfaces/share/bin_interfaces/cmake/export_bin_interfaces__rosidl_typesupport_fastrtps_cExport.cmake
[10.549s] -- Installing: /home/ibrahim/BinPicking/install/bin_interfaces/share/bin_interfaces/cmake/export_bin_interfaces__rosidl_typesupport_fastrtps_cExport-noconfig.cmake
[10.549s] -- Installing: /home/ibrahim/BinPicking/install/bin_interfaces/share/bin_interfaces/cmake/export_bin_interfaces__rosidl_generator_cppExport.cmake
[10.549s] -- Installing: /home/ibrahim/BinPicking/install/bin_interfaces/share/bin_interfaces/cmake/export_bin_interfaces__rosidl_typesupport_fastrtps_cppExport.cmake
[10.549s] -- Installing: /home/ibrahim/BinPicking/install/bin_interfaces/share/bin_interfaces/cmake/export_bin_interfaces__rosidl_typesupport_fastrtps_cppExport-noconfig.cmake
[10.550s] -- Installing: /home/ibrahim/BinPicking/install/bin_interfaces/share/bin_interfaces/cmake/bin_interfaces__rosidl_typesupport_introspection_cExport.cmake
[10.550s] -- Installing: /home/ibrahim/BinPicking/install/bin_interfaces/share/bin_interfaces/cmake/bin_interfaces__rosidl_typesupport_introspection_cExport-noconfig.cmake
[10.550s] -- Installing: /home/ibrahim/BinPicking/install/bin_interfaces/share/bin_interfaces/cmake/bin_interfaces__rosidl_typesupport_cExport.cmake
[10.550s] -- Installing: /home/ibrahim/BinPicking/install/bin_interfaces/share/bin_interfaces/cmake/bin_interfaces__rosidl_typesupport_cExport-noconfig.cmake
[10.551s] -- Installing: /home/ibrahim/BinPicking/install/bin_interfaces/share/bin_interfaces/cmake/bin_interfaces__rosidl_typesupport_introspection_cppExport.cmake
[10.551s] -- Installing: /home/ibrahim/BinPicking/install/bin_interfaces/share/bin_interfaces/cmake/bin_interfaces__rosidl_typesupport_introspection_cppExport-noconfig.cmake
[10.552s] -- Installing: /home/ibrahim/BinPicking/install/bin_interfaces/share/bin_interfaces/cmake/bin_interfaces__rosidl_typesupport_cppExport.cmake
[10.553s] -- Installing: /home/ibrahim/BinPicking/install/bin_interfaces/share/bin_interfaces/cmake/bin_interfaces__rosidl_typesupport_cppExport-noconfig.cmake
[10.553s] -- Installing: /home/ibrahim/BinPicking/install/bin_interfaces/share/bin_interfaces/cmake/export_bin_interfaces__rosidl_generator_pyExport.cmake
[10.553s] -- Installing: /home/ibrahim/BinPicking/install/bin_interfaces/share/bin_interfaces/cmake/export_bin_interfaces__rosidl_generator_pyExport-noconfig.cmake
[10.553s] -- Installing: /home/ibrahim/BinPicking/install/bin_interfaces/share/bin_interfaces/cmake/rosidl_cmake-extras.cmake
[10.554s] -- Installing: /home/ibrahim/BinPicking/install/bin_interfaces/share/bin_interfaces/cmake/ament_cmake_export_dependencies-extras.cmake
[10.554s] -- Installing: /home/ibrahim/BinPicking/install/bin_interfaces/share/bin_interfaces/cmake/ament_cmake_export_include_directories-extras.cmake
[10.554s] -- Installing: /home/ibrahim/BinPicking/install/bin_interfaces/share/bin_interfaces/cmake/ament_cmake_export_libraries-extras.cmake
[10.555s] -- Installing: /home/ibrahim/BinPicking/install/bin_interfaces/share/bin_interfaces/cmake/ament_cmake_export_targets-extras.cmake
[10.555s] -- Installing: /home/ibrahim/BinPicking/install/bin_interfaces/share/bin_interfaces/cmake/rosidl_cmake_export_typesupport_targets-extras.cmake
[10.555s] -- Installing: /home/ibrahim/BinPicking/install/bin_interfaces/share/bin_interfaces/cmake/rosidl_cmake_export_typesupport_libraries-extras.cmake
[10.556s] -- Installing: /home/ibrahim/BinPicking/install/bin_interfaces/share/bin_interfaces/cmake/bin_interfacesConfig.cmake
[10.556s] -- Installing: /home/ibrahim/BinPicking/install/bin_interfaces/share/bin_interfaces/cmake/bin_interfacesConfig-version.cmake
[10.556s] -- Installing: /home/ibrahim/BinPicking/install/bin_interfaces/share/bin_interfaces/package.xml
[10.561s] Invoked command in '/home/ibrahim/BinPicking/build/bin_interfaces' returned '0': CMAKE_PREFIX_PATH=${CMAKE_PREFIX_PATH}:/home/ibrahim/RobotArm/install/main_arm_package:/home/ibrahim/RobotArm/install/action_interfaces:/opt/ros/humble /usr/bin/cmake --install /home/ibrahim/BinPicking/build/bin_interfaces
