[0.024s] Invoking command in '/home/ibrahim/BinPicking/build/bin_interfaces': CMAKE_PREFIX_PATH=${CMAKE_PREFIX_PATH}:/home/ibrahim/RobotArm/install/main_arm_package:/home/ibrahim/RobotArm/install/action_interfaces:/opt/ros/humble /usr/bin/cmake --build /home/ibrahim/BinPicking/build/bin_interfaces -- -j16 -l16
[0.191s] [  6%] Built target bin_interfaces__rs
[0.191s] [  6%] Built target bin_interfaces__cpp
[0.193s] [ 15%] Built target bin_interfaces__rosidl_generator_c
[0.218s] [ 15%] Built target ament_cmake_python_copy_bin_interfaces
[0.233s] [ 25%] Built target bin_interfaces__rosidl_typesupport_introspection_cpp
[0.233s] [ 34%] Built target bin_interfaces__rosidl_typesupport_cpp
[0.235s] [ 65%] Built target bin_interfaces__rosidl_typesupport_fastrtps_cpp
[0.235s] [ 65%] Built target bin_interfaces__rosidl_typesupport_c
[0.235s] [ 68%] Built target bin_interfaces__rosidl_typesupport_introspection_c
[0.235s] [ 71%] Built target bin_interfaces__rosidl_typesupport_fastrtps_c
[0.263s] [ 71%] Built target bin_interfaces
[0.293s] [ 75%] Built target bin_interfaces__py
[0.327s] [ 81%] Built target bin_interfaces__rosidl_generator_py
[0.356s] [ 87%] Built target bin_interfaces__rosidl_typesupport_fastrtps_c__pyext
[0.358s] [ 93%] Built target bin_interfaces__rosidl_typesupport_c__pyext
[0.360s] [100%] Built target bin_interfaces__rosidl_typesupport_introspection_c__pyext
[0.422s] running egg_info
[0.422s] writing bin_interfaces.egg-info/PKG-INFO
[0.423s] writing dependency_links to bin_interfaces.egg-info/dependency_links.txt
[0.423s] writing top-level names to bin_interfaces.egg-info/top_level.txt
[0.426s] reading manifest file 'bin_interfaces.egg-info/SOURCES.txt'
[0.426s] writing manifest file 'bin_interfaces.egg-info/SOURCES.txt'
[0.459s] [100%] Built target ament_cmake_python_build_bin_interfaces_egg
[0.486s] Invoked command in '/home/ibrahim/BinPicking/build/bin_interfaces' returned '0': CMAKE_PREFIX_PATH=${CMAKE_PREFIX_PATH}:/home/ibrahim/RobotArm/install/main_arm_package:/home/ibrahim/RobotArm/install/action_interfaces:/opt/ros/humble /usr/bin/cmake --build /home/ibrahim/BinPicking/build/bin_interfaces -- -j16 -l16
[0.488s] Invoking command in '/home/ibrahim/BinPicking/build/bin_interfaces': CMAKE_PREFIX_PATH=${CMAKE_PREFIX_PATH}:/home/ibrahim/RobotArm/install/main_arm_package:/home/ibrahim/RobotArm/install/action_interfaces:/opt/ros/humble /usr/bin/cmake --install /home/ibrahim/BinPicking/build/bin_interfaces
[0.498s] -- Install configuration: ""
[0.498s] -- Up-to-date: /home/ibrahim/BinPicking/install/bin_interfaces/share/ament_index/resource_index/rosidl_interfaces/bin_interfaces
[0.498s] -- Up-to-date: /home/ibrahim/BinPicking/install/bin_interfaces/include/bin_interfaces/bin_interfaces
[0.498s] -- Up-to-date: /home/ibrahim/BinPicking/install/bin_interfaces/include/bin_interfaces/bin_interfaces/srv
[0.498s] -- Up-to-date: /home/ibrahim/BinPicking/install/bin_interfaces/include/bin_interfaces/bin_interfaces/srv/get_targets.h
[0.498s] -- Up-to-date: /home/ibrahim/BinPicking/install/bin_interfaces/include/bin_interfaces/bin_interfaces/srv/detail
[0.498s] -- Up-to-date: /home/ibrahim/BinPicking/install/bin_interfaces/include/bin_interfaces/bin_interfaces/srv/detail/get_targets__type_support.h
[0.498s] -- Up-to-date: /home/ibrahim/BinPicking/install/bin_interfaces/include/bin_interfaces/bin_interfaces/srv/detail/get_targets__functions.c
[0.498s] -- Up-to-date: /home/ibrahim/BinPicking/install/bin_interfaces/include/bin_interfaces/bin_interfaces/srv/detail/get_targets__functions.h
[0.499s] -- Up-to-date: /home/ibrahim/BinPicking/install/bin_interfaces/include/bin_interfaces/bin_interfaces/srv/detail/get_targets__struct.h
[0.499s] -- Up-to-date: /home/ibrahim/BinPicking/install/bin_interfaces/include/bin_interfaces/bin_interfaces/msg
[0.499s] -- Up-to-date: /home/ibrahim/BinPicking/install/bin_interfaces/include/bin_interfaces/bin_interfaces/msg/rosidl_generator_c__visibility_control.h
[0.499s] -- Up-to-date: /home/ibrahim/BinPicking/install/bin_interfaces/share/bin_interfaces/environment/library_path.sh
[0.499s] -- Up-to-date: /home/ibrahim/BinPicking/install/bin_interfaces/share/bin_interfaces/environment/library_path.dsv
[0.499s] -- Up-to-date: /home/ibrahim/BinPicking/install/bin_interfaces/lib/libbin_interfaces__rosidl_generator_c.so
[0.500s] -- Up-to-date: /home/ibrahim/BinPicking/install/bin_interfaces/include/bin_interfaces/bin_interfaces
[0.500s] -- Up-to-date: /home/ibrahim/BinPicking/install/bin_interfaces/include/bin_interfaces/bin_interfaces/srv
[0.501s] -- Up-to-date: /home/ibrahim/BinPicking/install/bin_interfaces/include/bin_interfaces/bin_interfaces/srv/detail
[0.501s] -- Up-to-date: /home/ibrahim/BinPicking/install/bin_interfaces/include/bin_interfaces/bin_interfaces/srv/detail/get_targets__rosidl_typesupport_fastrtps_c.h
[0.501s] -- Up-to-date: /home/ibrahim/BinPicking/install/bin_interfaces/include/bin_interfaces/bin_interfaces/msg
[0.501s] -- Up-to-date: /home/ibrahim/BinPicking/install/bin_interfaces/include/bin_interfaces/bin_interfaces/msg/rosidl_typesupport_fastrtps_c__visibility_control.h
[0.502s] -- Up-to-date: /home/ibrahim/BinPicking/install/bin_interfaces/lib/libbin_interfaces__rosidl_typesupport_fastrtps_c.so
[0.503s] -- Up-to-date: /home/ibrahim/BinPicking/install/bin_interfaces/include/bin_interfaces/bin_interfaces
[0.503s] -- Up-to-date: /home/ibrahim/BinPicking/install/bin_interfaces/include/bin_interfaces/bin_interfaces/srv
[0.503s] -- Up-to-date: /home/ibrahim/BinPicking/install/bin_interfaces/include/bin_interfaces/bin_interfaces/srv/get_targets.hpp
[0.503s] -- Up-to-date: /home/ibrahim/BinPicking/install/bin_interfaces/include/bin_interfaces/bin_interfaces/srv/detail
[0.503s] -- Up-to-date: /home/ibrahim/BinPicking/install/bin_interfaces/include/bin_interfaces/bin_interfaces/srv/detail/get_targets__struct.hpp
[0.503s] -- Up-to-date: /home/ibrahim/BinPicking/install/bin_interfaces/include/bin_interfaces/bin_interfaces/srv/detail/get_targets__builder.hpp
[0.504s] -- Up-to-date: /home/ibrahim/BinPicking/install/bin_interfaces/include/bin_interfaces/bin_interfaces/srv/detail/get_targets__traits.hpp
[0.504s] -- Up-to-date: /home/ibrahim/BinPicking/install/bin_interfaces/include/bin_interfaces/bin_interfaces/srv/detail/get_targets__type_support.hpp
[0.504s] -- Up-to-date: /home/ibrahim/BinPicking/install/bin_interfaces/include/bin_interfaces/bin_interfaces/msg
[0.504s] -- Up-to-date: /home/ibrahim/BinPicking/install/bin_interfaces/include/bin_interfaces/bin_interfaces/msg/rosidl_generator_cpp__visibility_control.hpp
[0.504s] -- Up-to-date: /home/ibrahim/BinPicking/install/bin_interfaces/include/bin_interfaces/bin_interfaces
[0.504s] -- Up-to-date: /home/ibrahim/BinPicking/install/bin_interfaces/include/bin_interfaces/bin_interfaces/srv
[0.504s] -- Up-to-date: /home/ibrahim/BinPicking/install/bin_interfaces/include/bin_interfaces/bin_interfaces/srv/detail
[0.504s] -- Up-to-date: /home/ibrahim/BinPicking/install/bin_interfaces/include/bin_interfaces/bin_interfaces/srv/detail/get_targets__rosidl_typesupport_fastrtps_cpp.hpp
[0.504s] -- Up-to-date: /home/ibrahim/BinPicking/install/bin_interfaces/include/bin_interfaces/bin_interfaces/srv/detail/dds_fastrtps
[0.504s] -- Up-to-date: /home/ibrahim/BinPicking/install/bin_interfaces/include/bin_interfaces/bin_interfaces/msg
[0.505s] -- Up-to-date: /home/ibrahim/BinPicking/install/bin_interfaces/include/bin_interfaces/bin_interfaces/msg/rosidl_typesupport_fastrtps_cpp__visibility_control.h
[0.506s] -- Up-to-date: /home/ibrahim/BinPicking/install/bin_interfaces/lib/libbin_interfaces__rosidl_typesupport_fastrtps_cpp.so
[0.506s] -- Up-to-date: /home/ibrahim/BinPicking/install/bin_interfaces/include/bin_interfaces/bin_interfaces
[0.506s] -- Up-to-date: /home/ibrahim/BinPicking/install/bin_interfaces/include/bin_interfaces/bin_interfaces/srv
[0.506s] -- Up-to-date: /home/ibrahim/BinPicking/install/bin_interfaces/include/bin_interfaces/bin_interfaces/srv/detail
[0.506s] -- Up-to-date: /home/ibrahim/BinPicking/install/bin_interfaces/include/bin_interfaces/bin_interfaces/srv/detail/get_targets__type_support.c
[0.506s] -- Up-to-date: /home/ibrahim/BinPicking/install/bin_interfaces/include/bin_interfaces/bin_interfaces/srv/detail/get_targets__rosidl_typesupport_introspection_c.h
[0.506s] -- Up-to-date: /home/ibrahim/BinPicking/install/bin_interfaces/include/bin_interfaces/bin_interfaces/msg
[0.506s] -- Up-to-date: /home/ibrahim/BinPicking/install/bin_interfaces/include/bin_interfaces/bin_interfaces/msg/rosidl_typesupport_introspection_c__visibility_control.h
[0.506s] -- Up-to-date: /home/ibrahim/BinPicking/install/bin_interfaces/lib/libbin_interfaces__rosidl_typesupport_introspection_c.so
[0.507s] -- Up-to-date: /home/ibrahim/BinPicking/install/bin_interfaces/lib/libbin_interfaces__rosidl_typesupport_c.so
[0.507s] -- Up-to-date: /home/ibrahim/BinPicking/install/bin_interfaces/include/bin_interfaces/bin_interfaces
[0.507s] -- Up-to-date: /home/ibrahim/BinPicking/install/bin_interfaces/include/bin_interfaces/bin_interfaces/srv
[0.508s] -- Up-to-date: /home/ibrahim/BinPicking/install/bin_interfaces/include/bin_interfaces/bin_interfaces/srv/detail
[0.508s] -- Up-to-date: /home/ibrahim/BinPicking/install/bin_interfaces/include/bin_interfaces/bin_interfaces/srv/detail/get_targets__type_support.cpp
[0.508s] -- Up-to-date: /home/ibrahim/BinPicking/install/bin_interfaces/include/bin_interfaces/bin_interfaces/srv/detail/get_targets__rosidl_typesupport_introspection_cpp.hpp
[0.508s] -- Up-to-date: /home/ibrahim/BinPicking/install/bin_interfaces/lib/libbin_interfaces__rosidl_typesupport_introspection_cpp.so
[0.508s] -- Up-to-date: /home/ibrahim/BinPicking/install/bin_interfaces/lib/libbin_interfaces__rosidl_typesupport_cpp.so
[0.508s] -- Up-to-date: /home/ibrahim/BinPicking/install/bin_interfaces/share/bin_interfaces/environment/pythonpath.sh
[0.508s] -- Up-to-date: /home/ibrahim/BinPicking/install/bin_interfaces/share/bin_interfaces/environment/pythonpath.dsv
[0.508s] -- Up-to-date: /home/ibrahim/BinPicking/install/bin_interfaces/local/lib/python3.10/dist-packages/bin_interfaces-0.0.0-py3.10.egg-info
[0.508s] -- Installing: /home/ibrahim/BinPicking/install/bin_interfaces/local/lib/python3.10/dist-packages/bin_interfaces-0.0.0-py3.10.egg-info/top_level.txt
[0.510s] -- Installing: /home/ibrahim/BinPicking/install/bin_interfaces/local/lib/python3.10/dist-packages/bin_interfaces-0.0.0-py3.10.egg-info/PKG-INFO
[0.510s] -- Installing: /home/ibrahim/BinPicking/install/bin_interfaces/local/lib/python3.10/dist-packages/bin_interfaces-0.0.0-py3.10.egg-info/dependency_links.txt
[0.511s] -- Installing: /home/ibrahim/BinPicking/install/bin_interfaces/local/lib/python3.10/dist-packages/bin_interfaces-0.0.0-py3.10.egg-info/SOURCES.txt
[0.511s] -- Up-to-date: /home/ibrahim/BinPicking/install/bin_interfaces/local/lib/python3.10/dist-packages/bin_interfaces
[0.511s] -- Up-to-date: /home/ibrahim/BinPicking/install/bin_interfaces/local/lib/python3.10/dist-packages/bin_interfaces/_bin_interfaces_s.ep.rosidl_typesupport_introspection_c.c
[0.511s] -- Up-to-date: /home/ibrahim/BinPicking/install/bin_interfaces/local/lib/python3.10/dist-packages/bin_interfaces/bin_interfaces_s__rosidl_typesupport_c.cpython-310-x86_64-linux-gnu.so
[0.511s] -- Up-to-date: /home/ibrahim/BinPicking/install/bin_interfaces/local/lib/python3.10/dist-packages/bin_interfaces/bin_interfaces_s__rosidl_typesupport_introspection_c.cpython-310-x86_64-linux-gnu.so
[0.511s] -- Up-to-date: /home/ibrahim/BinPicking/install/bin_interfaces/local/lib/python3.10/dist-packages/bin_interfaces/srv
[0.511s] -- Up-to-date: /home/ibrahim/BinPicking/install/bin_interfaces/local/lib/python3.10/dist-packages/bin_interfaces/srv/_get_targets_s.c
[0.511s] -- Up-to-date: /home/ibrahim/BinPicking/install/bin_interfaces/local/lib/python3.10/dist-packages/bin_interfaces/srv/_get_targets.py
[0.511s] -- Up-to-date: /home/ibrahim/BinPicking/install/bin_interfaces/local/lib/python3.10/dist-packages/bin_interfaces/srv/__init__.py
[0.511s] -- Up-to-date: /home/ibrahim/BinPicking/install/bin_interfaces/local/lib/python3.10/dist-packages/bin_interfaces/bin_interfaces_s__rosidl_typesupport_fastrtps_c.cpython-310-x86_64-linux-gnu.so
[0.512s] -- Up-to-date: /home/ibrahim/BinPicking/install/bin_interfaces/local/lib/python3.10/dist-packages/bin_interfaces/_bin_interfaces_s.ep.rosidl_typesupport_c.c
[0.512s] -- Up-to-date: /home/ibrahim/BinPicking/install/bin_interfaces/local/lib/python3.10/dist-packages/bin_interfaces/libbin_interfaces__rosidl_generator_py.so
[0.512s] -- Up-to-date: /home/ibrahim/BinPicking/install/bin_interfaces/local/lib/python3.10/dist-packages/bin_interfaces/_bin_interfaces_s.ep.rosidl_typesupport_fastrtps_c.c
[0.512s] -- Up-to-date: /home/ibrahim/BinPicking/install/bin_interfaces/local/lib/python3.10/dist-packages/bin_interfaces/__init__.py
[0.542s] Listing '/home/ibrahim/BinPicking/install/bin_interfaces/local/lib/python3.10/dist-packages/bin_interfaces'...
[0.542s] Listing '/home/ibrahim/BinPicking/install/bin_interfaces/local/lib/python3.10/dist-packages/bin_interfaces/srv'...
[0.546s] -- Up-to-date: /home/ibrahim/BinPicking/install/bin_interfaces/local/lib/python3.10/dist-packages/bin_interfaces/bin_interfaces_s__rosidl_typesupport_fastrtps_c.cpython-310-x86_64-linux-gnu.so
[0.547s] -- Up-to-date: /home/ibrahim/BinPicking/install/bin_interfaces/local/lib/python3.10/dist-packages/bin_interfaces/bin_interfaces_s__rosidl_typesupport_introspection_c.cpython-310-x86_64-linux-gnu.so
[0.547s] -- Up-to-date: /home/ibrahim/BinPicking/install/bin_interfaces/local/lib/python3.10/dist-packages/bin_interfaces/bin_interfaces_s__rosidl_typesupport_c.cpython-310-x86_64-linux-gnu.so
[0.548s] -- Up-to-date: /home/ibrahim/BinPicking/install/bin_interfaces/lib/libbin_interfaces__rosidl_generator_py.so
[0.548s] -- Up-to-date: /home/ibrahim/BinPicking/install/bin_interfaces/share/ament_index/resource_index/rust_packages/bin_interfaces
[0.548s] -- Up-to-date: /home/ibrahim/BinPicking/install/bin_interfaces/share/bin_interfaces/rust
[0.549s] -- Up-to-date: /home/ibrahim/BinPicking/install/bin_interfaces/share/bin_interfaces/rust/src
[0.549s] -- Up-to-date: /home/ibrahim/BinPicking/install/bin_interfaces/share/bin_interfaces/rust/src/lib.rs
[0.549s] -- Up-to-date: /home/ibrahim/BinPicking/install/bin_interfaces/share/bin_interfaces/rust/src/srv
[0.549s] -- Up-to-date: /home/ibrahim/BinPicking/install/bin_interfaces/share/bin_interfaces/rust/src/srv/rmw.rs
[0.550s] -- Up-to-date: /home/ibrahim/BinPicking/install/bin_interfaces/share/bin_interfaces/rust/src/srv.rs
[0.550s] -- Up-to-date: /home/ibrahim/BinPicking/install/bin_interfaces/share/bin_interfaces/rust/build.rs
[0.550s] -- Up-to-date: /home/ibrahim/BinPicking/install/bin_interfaces/share/bin_interfaces/rust/Cargo.toml
[0.551s] -- Up-to-date: /home/ibrahim/BinPicking/install/bin_interfaces/share/bin_interfaces/srv/GetTargets.idl
[0.551s] -- Up-to-date: /home/ibrahim/BinPicking/install/bin_interfaces/share/bin_interfaces/srv/GetTargets.srv
[0.551s] -- Up-to-date: /home/ibrahim/BinPicking/install/bin_interfaces/share/bin_interfaces/srv/GetTargets_Request.msg
[0.551s] -- Up-to-date: /home/ibrahim/BinPicking/install/bin_interfaces/share/bin_interfaces/srv/GetTargets_Response.msg
[0.551s] -- Up-to-date: /home/ibrahim/BinPicking/install/bin_interfaces/share/ament_index/resource_index/package_run_dependencies/bin_interfaces
[0.552s] -- Up-to-date: /home/ibrahim/BinPicking/install/bin_interfaces/share/ament_index/resource_index/parent_prefix_path/bin_interfaces
[0.552s] -- Up-to-date: /home/ibrahim/BinPicking/install/bin_interfaces/share/bin_interfaces/environment/ament_prefix_path.sh
[0.552s] -- Up-to-date: /home/ibrahim/BinPicking/install/bin_interfaces/share/bin_interfaces/environment/ament_prefix_path.dsv
[0.552s] -- Up-to-date: /home/ibrahim/BinPicking/install/bin_interfaces/share/bin_interfaces/environment/path.sh
[0.552s] -- Up-to-date: /home/ibrahim/BinPicking/install/bin_interfaces/share/bin_interfaces/environment/path.dsv
[0.552s] -- Up-to-date: /home/ibrahim/BinPicking/install/bin_interfaces/share/bin_interfaces/local_setup.bash
[0.552s] -- Up-to-date: /home/ibrahim/BinPicking/install/bin_interfaces/share/bin_interfaces/local_setup.sh
[0.552s] -- Up-to-date: /home/ibrahim/BinPicking/install/bin_interfaces/share/bin_interfaces/local_setup.zsh
[0.552s] -- Up-to-date: /home/ibrahim/BinPicking/install/bin_interfaces/share/bin_interfaces/local_setup.dsv
[0.552s] -- Installing: /home/ibrahim/BinPicking/install/bin_interfaces/share/bin_interfaces/package.dsv
[0.554s] -- Up-to-date: /home/ibrahim/BinPicking/install/bin_interfaces/share/ament_index/resource_index/packages/bin_interfaces
[0.554s] -- Up-to-date: /home/ibrahim/BinPicking/install/bin_interfaces/share/bin_interfaces/cmake/export_bin_interfaces__rosidl_generator_cExport.cmake
[0.555s] -- Up-to-date: /home/ibrahim/BinPicking/install/bin_interfaces/share/bin_interfaces/cmake/export_bin_interfaces__rosidl_generator_cExport-noconfig.cmake
[0.556s] -- Up-to-date: /home/ibrahim/BinPicking/install/bin_interfaces/share/bin_interfaces/cmake/export_bin_interfaces__rosidl_typesupport_fastrtps_cExport.cmake
[0.556s] -- Up-to-date: /home/ibrahim/BinPicking/install/bin_interfaces/share/bin_interfaces/cmake/export_bin_interfaces__rosidl_typesupport_fastrtps_cExport-noconfig.cmake
[0.557s] -- Up-to-date: /home/ibrahim/BinPicking/install/bin_interfaces/share/bin_interfaces/cmake/export_bin_interfaces__rosidl_generator_cppExport.cmake
[0.557s] -- Up-to-date: /home/ibrahim/BinPicking/install/bin_interfaces/share/bin_interfaces/cmake/export_bin_interfaces__rosidl_typesupport_fastrtps_cppExport.cmake
[0.557s] -- Up-to-date: /home/ibrahim/BinPicking/install/bin_interfaces/share/bin_interfaces/cmake/export_bin_interfaces__rosidl_typesupport_fastrtps_cppExport-noconfig.cmake
[0.558s] -- Up-to-date: /home/ibrahim/BinPicking/install/bin_interfaces/share/bin_interfaces/cmake/bin_interfaces__rosidl_typesupport_introspection_cExport.cmake
[0.558s] -- Up-to-date: /home/ibrahim/BinPicking/install/bin_interfaces/share/bin_interfaces/cmake/bin_interfaces__rosidl_typesupport_introspection_cExport-noconfig.cmake
[0.558s] -- Up-to-date: /home/ibrahim/BinPicking/install/bin_interfaces/share/bin_interfaces/cmake/bin_interfaces__rosidl_typesupport_cExport.cmake
[0.558s] -- Up-to-date: /home/ibrahim/BinPicking/install/bin_interfaces/share/bin_interfaces/cmake/bin_interfaces__rosidl_typesupport_cExport-noconfig.cmake
[0.558s] -- Up-to-date: /home/ibrahim/BinPicking/install/bin_interfaces/share/bin_interfaces/cmake/bin_interfaces__rosidl_typesupport_introspection_cppExport.cmake
[0.558s] -- Up-to-date: /home/ibrahim/BinPicking/install/bin_interfaces/share/bin_interfaces/cmake/bin_interfaces__rosidl_typesupport_introspection_cppExport-noconfig.cmake
[0.558s] -- Up-to-date: /home/ibrahim/BinPicking/install/bin_interfaces/share/bin_interfaces/cmake/bin_interfaces__rosidl_typesupport_cppExport.cmake
[0.558s] -- Up-to-date: /home/ibrahim/BinPicking/install/bin_interfaces/share/bin_interfaces/cmake/bin_interfaces__rosidl_typesupport_cppExport-noconfig.cmake
[0.558s] -- Up-to-date: /home/ibrahim/BinPicking/install/bin_interfaces/share/bin_interfaces/cmake/export_bin_interfaces__rosidl_generator_pyExport.cmake
[0.558s] -- Up-to-date: /home/ibrahim/BinPicking/install/bin_interfaces/share/bin_interfaces/cmake/export_bin_interfaces__rosidl_generator_pyExport-noconfig.cmake
[0.558s] -- Up-to-date: /home/ibrahim/BinPicking/install/bin_interfaces/share/bin_interfaces/cmake/rosidl_cmake-extras.cmake
[0.559s] -- Up-to-date: /home/ibrahim/BinPicking/install/bin_interfaces/share/bin_interfaces/cmake/ament_cmake_export_dependencies-extras.cmake
[0.559s] -- Up-to-date: /home/ibrahim/BinPicking/install/bin_interfaces/share/bin_interfaces/cmake/ament_cmake_export_include_directories-extras.cmake
[0.559s] -- Up-to-date: /home/ibrahim/BinPicking/install/bin_interfaces/share/bin_interfaces/cmake/ament_cmake_export_libraries-extras.cmake
[0.559s] -- Up-to-date: /home/ibrahim/BinPicking/install/bin_interfaces/share/bin_interfaces/cmake/ament_cmake_export_targets-extras.cmake
[0.559s] -- Up-to-date: /home/ibrahim/BinPicking/install/bin_interfaces/share/bin_interfaces/cmake/rosidl_cmake_export_typesupport_targets-extras.cmake
[0.559s] -- Up-to-date: /home/ibrahim/BinPicking/install/bin_interfaces/share/bin_interfaces/cmake/rosidl_cmake_export_typesupport_libraries-extras.cmake
[0.559s] -- Up-to-date: /home/ibrahim/BinPicking/install/bin_interfaces/share/bin_interfaces/cmake/bin_interfacesConfig.cmake
[0.559s] -- Up-to-date: /home/ibrahim/BinPicking/install/bin_interfaces/share/bin_interfaces/cmake/bin_interfacesConfig-version.cmake
[0.559s] -- Up-to-date: /home/ibrahim/BinPicking/install/bin_interfaces/share/bin_interfaces/package.xml
[0.562s] Invoked command in '/home/ibrahim/BinPicking/build/bin_interfaces' returned '0': CMAKE_PREFIX_PATH=${CMAKE_PREFIX_PATH}:/home/ibrahim/RobotArm/install/main_arm_package:/home/ibrahim/RobotArm/install/action_interfaces:/opt/ros/humble /usr/bin/cmake --install /home/ibrahim/BinPicking/build/bin_interfaces
