[0.022s] Invoking command in '/home/ibrahim/BinPicking/build/bin_nodes': CMAKE_PREFIX_PATH=${CMAKE_PREFIX_PATH}:/home/ibrahim/RobotArm/install/main_arm_package:/home/ibrahim/RobotArm/install/action_interfaces:/opt/ros/humble /usr/bin/cmake --build /home/ibrahim/BinPicking/build/bin_nodes -- -j16 -l16
[0.089s] [35m[1mConsolidate compiler generated dependencies of target pick_and_place_fixed[0m
[0.112s] [ 50%] Built target MoveArm
[0.128s] [ 75%] [32mBuilding CXX object CMakeFiles/pick_and_place_fixed.dir/src/pick_and_place_fixed.cpp.o[0m
[9.215s] [100%] [32m[1mLinking CXX executable pick_and_place_fixed[0m
[9.670s] [100%] Built target pick_and_place_fixed
[9.692s] Invoked command in '/home/ibrahim/BinPicking/build/bin_nodes' returned '0': CMAKE_PREFIX_PATH=${CMAKE_PREFIX_PATH}:/home/ibrahim/RobotArm/install/main_arm_package:/home/ibrahim/RobotArm/install/action_interfaces:/opt/ros/humble /usr/bin/cmake --build /home/ibrahim/BinPicking/build/bin_nodes -- -j16 -l16
[9.706s] Invoking command in '/home/ibrahim/BinPicking/build/bin_nodes': CMAKE_PREFIX_PATH=${CMAKE_PREFIX_PATH}:/home/ibrahim/RobotArm/install/main_arm_package:/home/ibrahim/RobotArm/install/action_interfaces:/opt/ros/humble /usr/bin/cmake --install /home/ibrahim/BinPicking/build/bin_nodes
[9.715s] -- Install configuration: ""
[9.715s] -- Up-to-date: /home/ibrahim/BinPicking/install/bin_nodes/lib/bin_nodes/MoveArm
[9.716s] -- Installing: /home/ibrahim/BinPicking/install/bin_nodes/lib/bin_nodes/pick_and_place_fixed
[9.717s] -- Set runtime path of "/home/ibrahim/BinPicking/install/bin_nodes/lib/bin_nodes/pick_and_place_fixed" to ""
[9.717s] -- Up-to-date: /home/ibrahim/BinPicking/install/bin_nodes/share/bin_nodes/launch
[9.718s] -- Up-to-date: /home/ibrahim/BinPicking/install/bin_nodes/share/bin_nodes/launch/display.launch.py
[9.718s] -- Up-to-date: /home/ibrahim/BinPicking/install/bin_nodes/share/bin_nodes/urdf
[9.718s] -- Up-to-date: /home/ibrahim/BinPicking/install/bin_nodes/share/bin_nodes/urdf/robot.urdf
[9.718s] -- Up-to-date: /home/ibrahim/BinPicking/install/bin_nodes/share/bin_nodes/rviz
[9.718s] -- Up-to-date: /home/ibrahim/BinPicking/install/bin_nodes/share/bin_nodes/rviz/model.rviz
[9.718s] -- Up-to-date: /home/ibrahim/BinPicking/install/bin_nodes/share/bin_nodes/worlds
[9.719s] -- Up-to-date: /home/ibrahim/BinPicking/install/bin_nodes/share/bin_nodes/worlds/world.sdf
[9.719s] -- Up-to-date: /home/ibrahim/BinPicking/install/bin_nodes/share/ament_index/resource_index/package_run_dependencies/bin_nodes
[9.719s] -- Up-to-date: /home/ibrahim/BinPicking/install/bin_nodes/share/ament_index/resource_index/parent_prefix_path/bin_nodes
[9.719s] -- Up-to-date: /home/ibrahim/BinPicking/install/bin_nodes/share/bin_nodes/environment/ament_prefix_path.sh
[9.719s] -- Up-to-date: /home/ibrahim/BinPicking/install/bin_nodes/share/bin_nodes/environment/ament_prefix_path.dsv
[9.719s] -- Up-to-date: /home/ibrahim/BinPicking/install/bin_nodes/share/bin_nodes/environment/path.sh
[9.720s] -- Up-to-date: /home/ibrahim/BinPicking/install/bin_nodes/share/bin_nodes/environment/path.dsv
[9.720s] -- Up-to-date: /home/ibrahim/BinPicking/install/bin_nodes/share/bin_nodes/local_setup.bash
[9.720s] -- Up-to-date: /home/ibrahim/BinPicking/install/bin_nodes/share/bin_nodes/local_setup.sh
[9.720s] -- Up-to-date: /home/ibrahim/BinPicking/install/bin_nodes/share/bin_nodes/local_setup.zsh
[9.720s] -- Up-to-date: /home/ibrahim/BinPicking/install/bin_nodes/share/bin_nodes/local_setup.dsv
[9.720s] -- Installing: /home/ibrahim/BinPicking/install/bin_nodes/share/bin_nodes/package.dsv
[9.720s] -- Up-to-date: /home/ibrahim/BinPicking/install/bin_nodes/share/ament_index/resource_index/packages/bin_nodes
[9.720s] -- Up-to-date: /home/ibrahim/BinPicking/install/bin_nodes/share/bin_nodes/cmake/bin_nodesConfig.cmake
[9.720s] -- Up-to-date: /home/ibrahim/BinPicking/install/bin_nodes/share/bin_nodes/cmake/bin_nodesConfig-version.cmake
[9.721s] -- Up-to-date: /home/ibrahim/BinPicking/install/bin_nodes/share/bin_nodes/package.xml
[9.724s] Invoked command in '/home/ibrahim/BinPicking/build/bin_nodes' returned '0': CMAKE_PREFIX_PATH=${CMAKE_PREFIX_PATH}:/home/ibrahim/RobotArm/install/main_arm_package:/home/ibrahim/RobotArm/install/action_interfaces:/opt/ros/humble /usr/bin/cmake --install /home/ibrahim/BinPicking/build/bin_nodes
