[0.327s] DEBUG:colcon:Command line arguments: ['/usr/bin/colcon', 'build']
[0.327s] DEBUG:colcon:Parsed command line arguments: Namespace(log_base=None, log_level=None, verb_name='build', build_base='build', install_base='install', merge_install=False, symlink_install=False, test_result_base=None, continue_on_error=False, executor='parallel', parallel_workers=16, event_handlers=None, ignore_user_meta=False, metas=['./colcon.meta'], base_paths=['.'], packages_ignore=None, packages_ignore_regex=None, paths=None, packages_up_to=None, packages_up_to_regex=None, packages_above=None, packages_above_and_dependencies=None, packages_above_depth=None, packages_select_by_dep=None, packages_skip_by_dep=None, packages_skip_up_to=None, packages_select_build_failed=False, packages_skip_build_finished=False, packages_select_test_failures=False, packages_skip_test_passed=False, packages_select=None, packages_skip=None, packages_select_regex=None, packages_skip_regex=None, packages_start=None, packages_end=None, allow_overriding=[], cmake_args=None, cmake_target=None, cmake_target_skip_unavailable=False, cmake_clean_cache=False, cmake_clean_first=False, cmake_force_configure=False, ament_cmake_args=None, catkin_cmake_args=None, catkin_skip_building_tests=False, verb_parser=<colcon_defaults.argument_parser.defaults.DefaultArgumentsDecorator object at 0x7bd20d059420>, verb_extension=<colcon_core.verb.build.BuildVerb object at 0x7bd20d058e50>, main=<bound method BuildVerb.main of <colcon_core.verb.build.BuildVerb object at 0x7bd20d058e50>>)
[0.749s] Level 1:colcon.colcon_core.package_discovery:discover_packages(colcon_meta) check parameters
[0.750s] Level 1:colcon.colcon_core.package_discovery:discover_packages(recursive) check parameters
[0.750s] Level 1:colcon.colcon_core.package_discovery:discover_packages(ignore) check parameters
[0.750s] Level 1:colcon.colcon_core.package_discovery:discover_packages(path) check parameters
[0.750s] Level 1:colcon.colcon_core.package_discovery:discover_packages(colcon_meta) discover
[0.750s] Level 1:colcon.colcon_core.package_discovery:discover_packages(recursive) discover
[0.750s] INFO:colcon.colcon_core.package_discovery:Crawling recursively for packages in '/home/ibrahim/BinPicking'
[0.750s] Level 1:colcon.colcon_core.package_identification:_identify(.) by extensions ['ignore', 'ignore_ament_install']
[0.750s] Level 1:colcon.colcon_core.package_identification:_identify(.) by extension 'ignore'
[0.750s] Level 1:colcon.colcon_core.package_identification:_identify(.) by extension 'ignore_ament_install'
[0.750s] Level 1:colcon.colcon_core.package_identification:_identify(.) by extensions ['colcon_pkg']
[0.750s] Level 1:colcon.colcon_core.package_identification:_identify(.) by extension 'colcon_pkg'
[0.750s] Level 1:colcon.colcon_core.package_identification:_identify(.) by extensions ['colcon_meta']
[0.750s] Level 1:colcon.colcon_core.package_identification:_identify(.) by extension 'colcon_meta'
[0.750s] Level 1:colcon.colcon_core.package_identification:_identify(.) by extensions ['ros']
[0.750s] Level 1:colcon.colcon_core.package_identification:_identify(.) by extension 'ros'
[0.773s] Level 1:colcon.colcon_core.package_identification:_identify(.) by extensions ['cmake', 'python']
[0.774s] Level 1:colcon.colcon_core.package_identification:_identify(.) by extension 'cmake'
[0.774s] Level 1:colcon.colcon_core.package_identification:_identify(.) by extension 'python'
[0.774s] Level 1:colcon.colcon_core.package_identification:_identify(.) by extensions ['python_setup_py']
[0.774s] Level 1:colcon.colcon_core.package_identification:_identify(.) by extension 'python_setup_py'
[0.774s] Level 1:colcon.colcon_core.package_identification:_identify(build) by extensions ['ignore', 'ignore_ament_install']
[0.774s] Level 1:colcon.colcon_core.package_identification:_identify(build) by extension 'ignore'
[0.774s] Level 1:colcon.colcon_core.package_identification:_identify(build) ignored
[0.774s] Level 1:colcon.colcon_core.package_identification:_identify(install) by extensions ['ignore', 'ignore_ament_install']
[0.774s] Level 1:colcon.colcon_core.package_identification:_identify(install) by extension 'ignore'
[0.774s] Level 1:colcon.colcon_core.package_identification:_identify(install) ignored
[0.774s] Level 1:colcon.colcon_core.package_identification:_identify(log) by extensions ['ignore', 'ignore_ament_install']
[0.775s] Level 1:colcon.colcon_core.package_identification:_identify(log) by extension 'ignore'
[0.775s] Level 1:colcon.colcon_core.package_identification:_identify(log) ignored
[0.775s] Level 1:colcon.colcon_core.package_identification:_identify(src) by extensions ['ignore', 'ignore_ament_install']
[0.775s] Level 1:colcon.colcon_core.package_identification:_identify(src) by extension 'ignore'
[0.775s] Level 1:colcon.colcon_core.package_identification:_identify(src) by extension 'ignore_ament_install'
[0.775s] Level 1:colcon.colcon_core.package_identification:_identify(src) by extensions ['colcon_pkg']
[0.775s] Level 1:colcon.colcon_core.package_identification:_identify(src) by extension 'colcon_pkg'
[0.775s] Level 1:colcon.colcon_core.package_identification:_identify(src) by extensions ['colcon_meta']
[0.775s] Level 1:colcon.colcon_core.package_identification:_identify(src) by extension 'colcon_meta'
[0.775s] Level 1:colcon.colcon_core.package_identification:_identify(src) by extensions ['ros']
[0.775s] Level 1:colcon.colcon_core.package_identification:_identify(src) by extension 'ros'
[0.775s] Level 1:colcon.colcon_core.package_identification:_identify(src) by extensions ['cmake', 'python']
[0.775s] Level 1:colcon.colcon_core.package_identification:_identify(src) by extension 'cmake'
[0.775s] Level 1:colcon.colcon_core.package_identification:_identify(src) by extension 'python'
[0.775s] Level 1:colcon.colcon_core.package_identification:_identify(src) by extensions ['python_setup_py']
[0.775s] Level 1:colcon.colcon_core.package_identification:_identify(src) by extension 'python_setup_py'
[0.775s] Level 1:colcon.colcon_core.package_identification:_identify(src/IFRA_LinkAttacher) by extensions ['ignore', 'ignore_ament_install']
[0.775s] Level 1:colcon.colcon_core.package_identification:_identify(src/IFRA_LinkAttacher) by extension 'ignore'
[0.775s] Level 1:colcon.colcon_core.package_identification:_identify(src/IFRA_LinkAttacher) by extension 'ignore_ament_install'
[0.775s] Level 1:colcon.colcon_core.package_identification:_identify(src/IFRA_LinkAttacher) by extensions ['colcon_pkg']
[0.775s] Level 1:colcon.colcon_core.package_identification:_identify(src/IFRA_LinkAttacher) by extension 'colcon_pkg'
[0.775s] Level 1:colcon.colcon_core.package_identification:_identify(src/IFRA_LinkAttacher) by extensions ['colcon_meta']
[0.775s] Level 1:colcon.colcon_core.package_identification:_identify(src/IFRA_LinkAttacher) by extension 'colcon_meta'
[0.775s] Level 1:colcon.colcon_core.package_identification:_identify(src/IFRA_LinkAttacher) by extensions ['ros']
[0.775s] Level 1:colcon.colcon_core.package_identification:_identify(src/IFRA_LinkAttacher) by extension 'ros'
[0.775s] Level 1:colcon.colcon_core.package_identification:_identify(src/IFRA_LinkAttacher) by extensions ['cmake', 'python']
[0.775s] Level 1:colcon.colcon_core.package_identification:_identify(src/IFRA_LinkAttacher) by extension 'cmake'
[0.775s] Level 1:colcon.colcon_core.package_identification:_identify(src/IFRA_LinkAttacher) by extension 'python'
[0.775s] Level 1:colcon.colcon_core.package_identification:_identify(src/IFRA_LinkAttacher) by extensions ['python_setup_py']
[0.775s] Level 1:colcon.colcon_core.package_identification:_identify(src/IFRA_LinkAttacher) by extension 'python_setup_py'
[0.775s] Level 1:colcon.colcon_core.package_identification:_identify(src/IFRA_LinkAttacher/linkattacher_msgs) by extensions ['ignore', 'ignore_ament_install']
[0.776s] Level 1:colcon.colcon_core.package_identification:_identify(src/IFRA_LinkAttacher/linkattacher_msgs) by extension 'ignore'
[0.776s] Level 1:colcon.colcon_core.package_identification:_identify(src/IFRA_LinkAttacher/linkattacher_msgs) by extension 'ignore_ament_install'
[0.776s] Level 1:colcon.colcon_core.package_identification:_identify(src/IFRA_LinkAttacher/linkattacher_msgs) by extensions ['colcon_pkg']
[0.776s] Level 1:colcon.colcon_core.package_identification:_identify(src/IFRA_LinkAttacher/linkattacher_msgs) by extension 'colcon_pkg'
[0.776s] Level 1:colcon.colcon_core.package_identification:_identify(src/IFRA_LinkAttacher/linkattacher_msgs) by extensions ['colcon_meta']
[0.776s] Level 1:colcon.colcon_core.package_identification:_identify(src/IFRA_LinkAttacher/linkattacher_msgs) by extension 'colcon_meta'
[0.776s] Level 1:colcon.colcon_core.package_identification:_identify(src/IFRA_LinkAttacher/linkattacher_msgs) by extensions ['ros']
[0.776s] Level 1:colcon.colcon_core.package_identification:_identify(src/IFRA_LinkAttacher/linkattacher_msgs) by extension 'ros'
[0.780s] DEBUG:colcon.colcon_core.package_identification:Package 'src/IFRA_LinkAttacher/linkattacher_msgs' with type 'ros.ament_cmake' and name 'linkattacher_msgs'
[0.780s] Level 1:colcon.colcon_core.package_identification:_identify(src/IFRA_LinkAttacher/ros2_LinkAttacher) by extensions ['ignore', 'ignore_ament_install']
[0.780s] Level 1:colcon.colcon_core.package_identification:_identify(src/IFRA_LinkAttacher/ros2_LinkAttacher) by extension 'ignore'
[0.780s] Level 1:colcon.colcon_core.package_identification:_identify(src/IFRA_LinkAttacher/ros2_LinkAttacher) by extension 'ignore_ament_install'
[0.781s] Level 1:colcon.colcon_core.package_identification:_identify(src/IFRA_LinkAttacher/ros2_LinkAttacher) by extensions ['colcon_pkg']
[0.781s] Level 1:colcon.colcon_core.package_identification:_identify(src/IFRA_LinkAttacher/ros2_LinkAttacher) by extension 'colcon_pkg'
[0.781s] Level 1:colcon.colcon_core.package_identification:_identify(src/IFRA_LinkAttacher/ros2_LinkAttacher) by extensions ['colcon_meta']
[0.781s] Level 1:colcon.colcon_core.package_identification:_identify(src/IFRA_LinkAttacher/ros2_LinkAttacher) by extension 'colcon_meta'
[0.781s] Level 1:colcon.colcon_core.package_identification:_identify(src/IFRA_LinkAttacher/ros2_LinkAttacher) by extensions ['ros']
[0.781s] Level 1:colcon.colcon_core.package_identification:_identify(src/IFRA_LinkAttacher/ros2_LinkAttacher) by extension 'ros'
[0.782s] DEBUG:colcon.colcon_core.package_identification:Package 'src/IFRA_LinkAttacher/ros2_LinkAttacher' with type 'ros.ament_cmake' and name 'ros2_linkattacher'
[0.782s] Level 1:colcon.colcon_core.package_identification:_identify(src/bin_interfaces) by extensions ['ignore', 'ignore_ament_install']
[0.782s] Level 1:colcon.colcon_core.package_identification:_identify(src/bin_interfaces) by extension 'ignore'
[0.782s] Level 1:colcon.colcon_core.package_identification:_identify(src/bin_interfaces) by extension 'ignore_ament_install'
[0.782s] Level 1:colcon.colcon_core.package_identification:_identify(src/bin_interfaces) by extensions ['colcon_pkg']
[0.782s] Level 1:colcon.colcon_core.package_identification:_identify(src/bin_interfaces) by extension 'colcon_pkg'
[0.782s] Level 1:colcon.colcon_core.package_identification:_identify(src/bin_interfaces) by extensions ['colcon_meta']
[0.782s] Level 1:colcon.colcon_core.package_identification:_identify(src/bin_interfaces) by extension 'colcon_meta'
[0.782s] Level 1:colcon.colcon_core.package_identification:_identify(src/bin_interfaces) by extensions ['ros']
[0.782s] Level 1:colcon.colcon_core.package_identification:_identify(src/bin_interfaces) by extension 'ros'
[0.783s] DEBUG:colcon.colcon_core.package_identification:Package 'src/bin_interfaces' with type 'ros.ament_cmake' and name 'bin_interfaces'
[0.783s] Level 1:colcon.colcon_core.package_identification:_identify(src/bin_nodes) by extensions ['ignore', 'ignore_ament_install']
[0.783s] Level 1:colcon.colcon_core.package_identification:_identify(src/bin_nodes) by extension 'ignore'
[0.783s] Level 1:colcon.colcon_core.package_identification:_identify(src/bin_nodes) by extension 'ignore_ament_install'
[0.783s] Level 1:colcon.colcon_core.package_identification:_identify(src/bin_nodes) by extensions ['colcon_pkg']
[0.783s] Level 1:colcon.colcon_core.package_identification:_identify(src/bin_nodes) by extension 'colcon_pkg'
[0.783s] Level 1:colcon.colcon_core.package_identification:_identify(src/bin_nodes) by extensions ['colcon_meta']
[0.783s] Level 1:colcon.colcon_core.package_identification:_identify(src/bin_nodes) by extension 'colcon_meta'
[0.783s] Level 1:colcon.colcon_core.package_identification:_identify(src/bin_nodes) by extensions ['ros']
[0.783s] Level 1:colcon.colcon_core.package_identification:_identify(src/bin_nodes) by extension 'ros'
[0.785s] DEBUG:colcon.colcon_core.package_identification:Package 'src/bin_nodes' with type 'ros.ament_cmake' and name 'bin_nodes'
[0.785s] Level 1:colcon.colcon_core.package_identification:_identify(src/build) by extensions ['ignore', 'ignore_ament_install']
[0.785s] Level 1:colcon.colcon_core.package_identification:_identify(src/build) by extension 'ignore'
[0.785s] Level 1:colcon.colcon_core.package_identification:_identify(src/build) ignored
[0.785s] Level 1:colcon.colcon_core.package_identification:_identify(src/install) by extensions ['ignore', 'ignore_ament_install']
[0.785s] Level 1:colcon.colcon_core.package_identification:_identify(src/install) by extension 'ignore'
[0.785s] Level 1:colcon.colcon_core.package_identification:_identify(src/install) ignored
[0.785s] Level 1:colcon.colcon_core.package_identification:_identify(src/log) by extensions ['ignore', 'ignore_ament_install']
[0.786s] Level 1:colcon.colcon_core.package_identification:_identify(src/log) by extension 'ignore'
[0.786s] Level 1:colcon.colcon_core.package_identification:_identify(src/log) ignored
[0.786s] Level 1:colcon.colcon_core.package_identification:_identify(src/moveit_config) by extensions ['ignore', 'ignore_ament_install']
[0.786s] Level 1:colcon.colcon_core.package_identification:_identify(src/moveit_config) by extension 'ignore'
[0.786s] Level 1:colcon.colcon_core.package_identification:_identify(src/moveit_config) by extension 'ignore_ament_install'
[0.786s] Level 1:colcon.colcon_core.package_identification:_identify(src/moveit_config) by extensions ['colcon_pkg']
[0.786s] Level 1:colcon.colcon_core.package_identification:_identify(src/moveit_config) by extension 'colcon_pkg'
[0.786s] Level 1:colcon.colcon_core.package_identification:_identify(src/moveit_config) by extensions ['colcon_meta']
[0.786s] Level 1:colcon.colcon_core.package_identification:_identify(src/moveit_config) by extension 'colcon_meta'
[0.786s] Level 1:colcon.colcon_core.package_identification:_identify(src/moveit_config) by extensions ['ros']
[0.786s] Level 1:colcon.colcon_core.package_identification:_identify(src/moveit_config) by extension 'ros'
[0.787s] DEBUG:colcon.colcon_core.package_identification:Package 'src/moveit_config' with type 'ros.ament_cmake' and name 'moveit_config'
[0.787s] Level 1:colcon.colcon_core.package_discovery:discover_packages(recursive) using defaults
[0.787s] Level 1:colcon.colcon_core.package_discovery:discover_packages(ignore) discover
[0.787s] Level 1:colcon.colcon_core.package_discovery:discover_packages(ignore) using defaults
[0.787s] Level 1:colcon.colcon_core.package_discovery:discover_packages(path) discover
[0.787s] Level 1:colcon.colcon_core.package_discovery:discover_packages(path) using defaults
[0.848s] Level 1:colcon.colcon_core.package_discovery:discover_packages(prefix_path) check parameters
[0.848s] Level 1:colcon.colcon_core.package_discovery:discover_packages(prefix_path) discover
[0.859s] DEBUG:colcon.colcon_installed_package_information.package_discovery:Found 5 installed packages in /home/ibrahim/BinPicking/install
[0.859s] DEBUG:colcon.colcon_installed_package_information.package_discovery:Found 2 installed packages in /home/ibrahim/MoveItArm/install
[0.860s] DEBUG:colcon.colcon_installed_package_information.package_discovery:Found 2 installed packages in /home/ibrahim/RobotArmExpanded/install
[0.860s] DEBUG:colcon.colcon_installed_package_information.package_discovery:Found 2 installed packages in /home/ibrahim/RobotArm/install
[0.861s] DEBUG:colcon.colcon_installed_package_information.package_discovery:Found 1 installed packages in /home/ibrahim/TF2Sample/install
[0.862s] DEBUG:colcon.colcon_installed_package_information.package_discovery:Found 2 installed packages in /home/ibrahim/RobotNav/install
[0.862s] DEBUG:colcon.colcon_installed_package_information.package_discovery:Found 1 installed packages in /home/ibrahim/RobotMonitor/install
[0.863s] DEBUG:colcon.colcon_installed_package_information.package_discovery:Found 2 installed packages in /home/ibrahim/ros2_ws/install
[0.866s] DEBUG:colcon.colcon_installed_package_information.package_discovery:Found 449 installed packages in /opt/ros/humble
[0.870s] Level 1:colcon.colcon_core.package_discovery:discover_packages(prefix_path) using defaults
[1.023s] Level 5:colcon.colcon_core.verb:set package 'bin_interfaces' build argument 'cmake_args' from command line to 'None'
[1.023s] Level 5:colcon.colcon_core.verb:set package 'bin_interfaces' build argument 'cmake_target' from command line to 'None'
[1.023s] Level 5:colcon.colcon_core.verb:set package 'bin_interfaces' build argument 'cmake_target_skip_unavailable' from command line to 'False'
[1.023s] Level 5:colcon.colcon_core.verb:set package 'bin_interfaces' build argument 'cmake_clean_cache' from command line to 'False'
[1.023s] Level 5:colcon.colcon_core.verb:set package 'bin_interfaces' build argument 'cmake_clean_first' from command line to 'False'
[1.023s] Level 5:colcon.colcon_core.verb:set package 'bin_interfaces' build argument 'cmake_force_configure' from command line to 'False'
[1.023s] Level 5:colcon.colcon_core.verb:set package 'bin_interfaces' build argument 'ament_cmake_args' from command line to 'None'
[1.023s] Level 5:colcon.colcon_core.verb:set package 'bin_interfaces' build argument 'catkin_cmake_args' from command line to 'None'
[1.024s] Level 5:colcon.colcon_core.verb:set package 'bin_interfaces' build argument 'catkin_skip_building_tests' from command line to 'False'
[1.024s] DEBUG:colcon.colcon_core.verb:Building package 'bin_interfaces' with the following arguments: {'ament_cmake_args': None, 'build_base': '/home/ibrahim/BinPicking/build/bin_interfaces', 'catkin_cmake_args': None, 'catkin_skip_building_tests': False, 'cmake_args': None, 'cmake_clean_cache': False, 'cmake_clean_first': False, 'cmake_force_configure': False, 'cmake_target': None, 'cmake_target_skip_unavailable': False, 'install_base': '/home/ibrahim/BinPicking/install/bin_interfaces', 'merge_install': False, 'path': '/home/ibrahim/BinPicking/src/bin_interfaces', 'symlink_install': False, 'test_result_base': None}
[1.024s] Level 5:colcon.colcon_core.verb:set package 'linkattacher_msgs' build argument 'cmake_args' from command line to 'None'
[1.024s] Level 5:colcon.colcon_core.verb:set package 'linkattacher_msgs' build argument 'cmake_target' from command line to 'None'
[1.024s] Level 5:colcon.colcon_core.verb:set package 'linkattacher_msgs' build argument 'cmake_target_skip_unavailable' from command line to 'False'
[1.024s] Level 5:colcon.colcon_core.verb:set package 'linkattacher_msgs' build argument 'cmake_clean_cache' from command line to 'False'
[1.024s] Level 5:colcon.colcon_core.verb:set package 'linkattacher_msgs' build argument 'cmake_clean_first' from command line to 'False'
[1.024s] Level 5:colcon.colcon_core.verb:set package 'linkattacher_msgs' build argument 'cmake_force_configure' from command line to 'False'
[1.024s] Level 5:colcon.colcon_core.verb:set package 'linkattacher_msgs' build argument 'ament_cmake_args' from command line to 'None'
[1.024s] Level 5:colcon.colcon_core.verb:set package 'linkattacher_msgs' build argument 'catkin_cmake_args' from command line to 'None'
[1.024s] Level 5:colcon.colcon_core.verb:set package 'linkattacher_msgs' build argument 'catkin_skip_building_tests' from command line to 'False'
[1.024s] DEBUG:colcon.colcon_core.verb:Building package 'linkattacher_msgs' with the following arguments: {'ament_cmake_args': None, 'build_base': '/home/ibrahim/BinPicking/build/linkattacher_msgs', 'catkin_cmake_args': None, 'catkin_skip_building_tests': False, 'cmake_args': None, 'cmake_clean_cache': False, 'cmake_clean_first': False, 'cmake_force_configure': False, 'cmake_target': None, 'cmake_target_skip_unavailable': False, 'install_base': '/home/ibrahim/BinPicking/install/linkattacher_msgs', 'merge_install': False, 'path': '/home/ibrahim/BinPicking/src/IFRA_LinkAttacher/linkattacher_msgs', 'symlink_install': False, 'test_result_base': None}
[1.024s] Level 5:colcon.colcon_core.verb:set package 'bin_nodes' build argument 'cmake_args' from command line to 'None'
[1.024s] Level 5:colcon.colcon_core.verb:set package 'bin_nodes' build argument 'cmake_target' from command line to 'None'
[1.024s] Level 5:colcon.colcon_core.verb:set package 'bin_nodes' build argument 'cmake_target_skip_unavailable' from command line to 'False'
[1.024s] Level 5:colcon.colcon_core.verb:set package 'bin_nodes' build argument 'cmake_clean_cache' from command line to 'False'
[1.024s] Level 5:colcon.colcon_core.verb:set package 'bin_nodes' build argument 'cmake_clean_first' from command line to 'False'
[1.024s] Level 5:colcon.colcon_core.verb:set package 'bin_nodes' build argument 'cmake_force_configure' from command line to 'False'
[1.024s] Level 5:colcon.colcon_core.verb:set package 'bin_nodes' build argument 'ament_cmake_args' from command line to 'None'
[1.024s] Level 5:colcon.colcon_core.verb:set package 'bin_nodes' build argument 'catkin_cmake_args' from command line to 'None'
[1.024s] Level 5:colcon.colcon_core.verb:set package 'bin_nodes' build argument 'catkin_skip_building_tests' from command line to 'False'
[1.024s] DEBUG:colcon.colcon_core.verb:Building package 'bin_nodes' with the following arguments: {'ament_cmake_args': None, 'build_base': '/home/ibrahim/BinPicking/build/bin_nodes', 'catkin_cmake_args': None, 'catkin_skip_building_tests': False, 'cmake_args': None, 'cmake_clean_cache': False, 'cmake_clean_first': False, 'cmake_force_configure': False, 'cmake_target': None, 'cmake_target_skip_unavailable': False, 'install_base': '/home/ibrahim/BinPicking/install/bin_nodes', 'merge_install': False, 'path': '/home/ibrahim/BinPicking/src/bin_nodes', 'symlink_install': False, 'test_result_base': None}
[1.025s] Level 5:colcon.colcon_core.verb:set package 'ros2_linkattacher' build argument 'cmake_args' from command line to 'None'
[1.025s] Level 5:colcon.colcon_core.verb:set package 'ros2_linkattacher' build argument 'cmake_target' from command line to 'None'
[1.025s] Level 5:colcon.colcon_core.verb:set package 'ros2_linkattacher' build argument 'cmake_target_skip_unavailable' from command line to 'False'
[1.025s] Level 5:colcon.colcon_core.verb:set package 'ros2_linkattacher' build argument 'cmake_clean_cache' from command line to 'False'
[1.025s] Level 5:colcon.colcon_core.verb:set package 'ros2_linkattacher' build argument 'cmake_clean_first' from command line to 'False'
[1.025s] Level 5:colcon.colcon_core.verb:set package 'ros2_linkattacher' build argument 'cmake_force_configure' from command line to 'False'
[1.025s] Level 5:colcon.colcon_core.verb:set package 'ros2_linkattacher' build argument 'ament_cmake_args' from command line to 'None'
[1.025s] Level 5:colcon.colcon_core.verb:set package 'ros2_linkattacher' build argument 'catkin_cmake_args' from command line to 'None'
[1.025s] Level 5:colcon.colcon_core.verb:set package 'ros2_linkattacher' build argument 'catkin_skip_building_tests' from command line to 'False'
[1.025s] DEBUG:colcon.colcon_core.verb:Building package 'ros2_linkattacher' with the following arguments: {'ament_cmake_args': None, 'build_base': '/home/ibrahim/BinPicking/build/ros2_linkattacher', 'catkin_cmake_args': None, 'catkin_skip_building_tests': False, 'cmake_args': None, 'cmake_clean_cache': False, 'cmake_clean_first': False, 'cmake_force_configure': False, 'cmake_target': None, 'cmake_target_skip_unavailable': False, 'install_base': '/home/ibrahim/BinPicking/install/ros2_linkattacher', 'merge_install': False, 'path': '/home/ibrahim/BinPicking/src/IFRA_LinkAttacher/ros2_LinkAttacher', 'symlink_install': False, 'test_result_base': None}
[1.025s] Level 5:colcon.colcon_core.verb:set package 'moveit_config' build argument 'cmake_args' from command line to 'None'
[1.025s] Level 5:colcon.colcon_core.verb:set package 'moveit_config' build argument 'cmake_target' from command line to 'None'
[1.025s] Level 5:colcon.colcon_core.verb:set package 'moveit_config' build argument 'cmake_target_skip_unavailable' from command line to 'False'
[1.025s] Level 5:colcon.colcon_core.verb:set package 'moveit_config' build argument 'cmake_clean_cache' from command line to 'False'
[1.025s] Level 5:colcon.colcon_core.verb:set package 'moveit_config' build argument 'cmake_clean_first' from command line to 'False'
[1.025s] Level 5:colcon.colcon_core.verb:set package 'moveit_config' build argument 'cmake_force_configure' from command line to 'False'
[1.025s] Level 5:colcon.colcon_core.verb:set package 'moveit_config' build argument 'ament_cmake_args' from command line to 'None'
[1.025s] Level 5:colcon.colcon_core.verb:set package 'moveit_config' build argument 'catkin_cmake_args' from command line to 'None'
[1.025s] Level 5:colcon.colcon_core.verb:set package 'moveit_config' build argument 'catkin_skip_building_tests' from command line to 'False'
[1.025s] DEBUG:colcon.colcon_core.verb:Building package 'moveit_config' with the following arguments: {'ament_cmake_args': None, 'build_base': '/home/ibrahim/BinPicking/build/moveit_config', 'catkin_cmake_args': None, 'catkin_skip_building_tests': False, 'cmake_args': None, 'cmake_clean_cache': False, 'cmake_clean_first': False, 'cmake_force_configure': False, 'cmake_target': None, 'cmake_target_skip_unavailable': False, 'install_base': '/home/ibrahim/BinPicking/install/moveit_config', 'merge_install': False, 'path': '/home/ibrahim/BinPicking/src/moveit_config', 'symlink_install': False, 'test_result_base': None}
[1.025s] INFO:colcon.colcon_core.executor:Executing jobs using 'parallel' executor
[1.026s] DEBUG:colcon.colcon_parallel_executor.executor.parallel:run_until_complete
[1.027s] INFO:colcon.colcon_ros.task.ament_cmake.build:Building ROS package in '/home/ibrahim/BinPicking/src/IFRA_LinkAttacher/linkattacher_msgs' with build type 'ament_cmake'
[1.027s] INFO:colcon.colcon_cmake.task.cmake.build:Building CMake package in '/home/ibrahim/BinPicking/src/IFRA_LinkAttacher/linkattacher_msgs'
[1.032s] INFO:colcon.colcon_core.plugin_system:Skipping extension 'colcon_core.shell.bat': Not used on non-Windows systems
[1.032s] INFO:colcon.colcon_core.shell:Skip shell extension 'powershell' for command environment: Not usable outside of PowerShell
[1.032s] DEBUG:colcon.colcon_core.shell:Skip shell extension 'dsv' for command environment
[1.039s] INFO:colcon.colcon_ros.task.ament_cmake.build:Building ROS package in '/home/ibrahim/BinPicking/src/bin_interfaces' with build type 'ament_cmake'
[1.039s] INFO:colcon.colcon_cmake.task.cmake.build:Building CMake package in '/home/ibrahim/BinPicking/src/bin_interfaces'
[1.039s] INFO:colcon.colcon_core.shell:Skip shell extension 'powershell' for command environment: Not usable outside of PowerShell
[1.039s] DEBUG:colcon.colcon_core.shell:Skip shell extension 'dsv' for command environment
[1.057s] DEBUG:colcon.colcon_core.event_handler.log_command:Invoking command in '/home/ibrahim/BinPicking/build/linkattacher_msgs': CMAKE_PREFIX_PATH=${CMAKE_PREFIX_PATH}:/home/ibrahim/RobotArm/install/main_arm_package:/home/ibrahim/RobotArm/install/action_interfaces:/opt/ros/humble /usr/bin/cmake --build /home/ibrahim/BinPicking/build/linkattacher_msgs -- -j16 -l16
[1.063s] DEBUG:colcon.colcon_core.event_handler.log_command:Invoking command in '/home/ibrahim/BinPicking/build/bin_interfaces': CMAKE_PREFIX_PATH=${CMAKE_PREFIX_PATH}:/home/ibrahim/RobotArm/install/main_arm_package:/home/ibrahim/RobotArm/install/action_interfaces:/opt/ros/humble /usr/bin/cmake --build /home/ibrahim/BinPicking/build/bin_interfaces -- -j16 -l16
[1.510s] DEBUG:colcon.colcon_core.event_handler.log_command:Invoked command in '/home/ibrahim/BinPicking/build/linkattacher_msgs' returned '0': CMAKE_PREFIX_PATH=${CMAKE_PREFIX_PATH}:/home/ibrahim/RobotArm/install/main_arm_package:/home/ibrahim/RobotArm/install/action_interfaces:/opt/ros/humble /usr/bin/cmake --build /home/ibrahim/BinPicking/build/linkattacher_msgs -- -j16 -l16
[1.523s] DEBUG:colcon.colcon_core.event_handler.log_command:Invoking command in '/home/ibrahim/BinPicking/build/linkattacher_msgs': CMAKE_PREFIX_PATH=${CMAKE_PREFIX_PATH}:/home/ibrahim/RobotArm/install/main_arm_package:/home/ibrahim/RobotArm/install/action_interfaces:/opt/ros/humble /usr/bin/cmake --install /home/ibrahim/BinPicking/build/linkattacher_msgs
[1.525s] DEBUG:colcon.colcon_core.event_handler.log_command:Invoked command in '/home/ibrahim/BinPicking/build/bin_interfaces' returned '0': CMAKE_PREFIX_PATH=${CMAKE_PREFIX_PATH}:/home/ibrahim/RobotArm/install/main_arm_package:/home/ibrahim/RobotArm/install/action_interfaces:/opt/ros/humble /usr/bin/cmake --build /home/ibrahim/BinPicking/build/bin_interfaces -- -j16 -l16
[1.527s] DEBUG:colcon.colcon_core.event_handler.log_command:Invoking command in '/home/ibrahim/BinPicking/build/bin_interfaces': CMAKE_PREFIX_PATH=${CMAKE_PREFIX_PATH}:/home/ibrahim/RobotArm/install/main_arm_package:/home/ibrahim/RobotArm/install/action_interfaces:/opt/ros/humble /usr/bin/cmake --install /home/ibrahim/BinPicking/build/bin_interfaces
[1.600s] Level 1:colcon.colcon_core.environment:create_environment_scripts_only(bin_interfaces)
[1.601s] DEBUG:colcon.colcon_core.event_handler.log_command:Invoked command in '/home/ibrahim/BinPicking/build/bin_interfaces' returned '0': CMAKE_PREFIX_PATH=${CMAKE_PREFIX_PATH}:/home/ibrahim/RobotArm/install/main_arm_package:/home/ibrahim/RobotArm/install/action_interfaces:/opt/ros/humble /usr/bin/cmake --install /home/ibrahim/BinPicking/build/bin_interfaces
[1.607s] Level 1:colcon.colcon_core.environment:checking '/home/ibrahim/BinPicking/install/bin_interfaces' for CMake module files
[1.607s] Level 1:colcon.colcon_core.environment:checking '/home/ibrahim/BinPicking/install/bin_interfaces' for CMake config files
[1.608s] Level 1:colcon.colcon_core.shell:create_environment_hook('bin_interfaces', 'cmake_prefix_path')
[1.608s] INFO:colcon.colcon_core.shell:Creating environment hook '/home/ibrahim/BinPicking/install/bin_interfaces/share/bin_interfaces/hook/cmake_prefix_path.ps1'
[1.609s] INFO:colcon.colcon_core.shell:Creating environment descriptor '/home/ibrahim/BinPicking/install/bin_interfaces/share/bin_interfaces/hook/cmake_prefix_path.dsv'
[1.609s] INFO:colcon.colcon_core.shell:Creating environment hook '/home/ibrahim/BinPicking/install/bin_interfaces/share/bin_interfaces/hook/cmake_prefix_path.sh'
[1.610s] Level 1:colcon.colcon_core.environment:checking '/home/ibrahim/BinPicking/install/bin_interfaces/lib'
[1.610s] Level 1:colcon.colcon_core.shell:create_environment_hook('bin_interfaces', 'ld_library_path_lib')
[1.610s] INFO:colcon.colcon_core.shell:Creating environment hook '/home/ibrahim/BinPicking/install/bin_interfaces/share/bin_interfaces/hook/ld_library_path_lib.ps1'
[1.611s] INFO:colcon.colcon_core.shell:Creating environment descriptor '/home/ibrahim/BinPicking/install/bin_interfaces/share/bin_interfaces/hook/ld_library_path_lib.dsv'
[1.611s] INFO:colcon.colcon_core.shell:Creating environment hook '/home/ibrahim/BinPicking/install/bin_interfaces/share/bin_interfaces/hook/ld_library_path_lib.sh'
[1.611s] Level 1:colcon.colcon_core.environment:checking '/home/ibrahim/BinPicking/install/bin_interfaces/bin'
[1.611s] Level 1:colcon.colcon_core.environment:checking '/home/ibrahim/BinPicking/install/bin_interfaces/lib/pkgconfig/bin_interfaces.pc'
[1.611s] Level 1:colcon.colcon_core.environment:checking '/home/ibrahim/BinPicking/install/bin_interfaces/lib/python3.10/site-packages'
[1.612s] Level 1:colcon.colcon_core.environment:checking '/home/ibrahim/BinPicking/install/bin_interfaces/bin'
[1.612s] INFO:colcon.colcon_core.shell:Creating package script '/home/ibrahim/BinPicking/install/bin_interfaces/share/bin_interfaces/package.ps1'
[1.614s] INFO:colcon.colcon_core.shell:Creating package descriptor '/home/ibrahim/BinPicking/install/bin_interfaces/share/bin_interfaces/package.dsv'
[1.614s] INFO:colcon.colcon_core.shell:Creating package script '/home/ibrahim/BinPicking/install/bin_interfaces/share/bin_interfaces/package.sh'
[1.615s] INFO:colcon.colcon_core.shell:Creating package script '/home/ibrahim/BinPicking/install/bin_interfaces/share/bin_interfaces/package.bash'
[1.616s] INFO:colcon.colcon_core.shell:Creating package script '/home/ibrahim/BinPicking/install/bin_interfaces/share/bin_interfaces/package.zsh'
[1.617s] Level 1:colcon.colcon_core.environment:create_file_with_runtime_dependencies(/home/ibrahim/BinPicking/install/bin_interfaces/share/colcon-core/packages/bin_interfaces)
[1.617s] Level 1:colcon.colcon_core.environment:create_environment_scripts_only(bin_interfaces)
[1.617s] Level 1:colcon.colcon_core.environment:checking '/home/ibrahim/BinPicking/install/bin_interfaces' for CMake module files
[1.618s] Level 1:colcon.colcon_core.environment:checking '/home/ibrahim/BinPicking/install/bin_interfaces' for CMake config files
[1.618s] Level 1:colcon.colcon_core.shell:create_environment_hook('bin_interfaces', 'cmake_prefix_path')
[1.618s] INFO:colcon.colcon_core.shell:Creating environment hook '/home/ibrahim/BinPicking/install/bin_interfaces/share/bin_interfaces/hook/cmake_prefix_path.ps1'
[1.618s] INFO:colcon.colcon_core.shell:Creating environment descriptor '/home/ibrahim/BinPicking/install/bin_interfaces/share/bin_interfaces/hook/cmake_prefix_path.dsv'
[1.619s] INFO:colcon.colcon_core.shell:Creating environment hook '/home/ibrahim/BinPicking/install/bin_interfaces/share/bin_interfaces/hook/cmake_prefix_path.sh'
[1.619s] Level 1:colcon.colcon_core.environment:checking '/home/ibrahim/BinPicking/install/bin_interfaces/lib'
[1.619s] Level 1:colcon.colcon_core.shell:create_environment_hook('bin_interfaces', 'ld_library_path_lib')
[1.619s] INFO:colcon.colcon_core.shell:Creating environment hook '/home/ibrahim/BinPicking/install/bin_interfaces/share/bin_interfaces/hook/ld_library_path_lib.ps1'
[1.619s] INFO:colcon.colcon_core.shell:Creating environment descriptor '/home/ibrahim/BinPicking/install/bin_interfaces/share/bin_interfaces/hook/ld_library_path_lib.dsv'
[1.620s] INFO:colcon.colcon_core.shell:Creating environment hook '/home/ibrahim/BinPicking/install/bin_interfaces/share/bin_interfaces/hook/ld_library_path_lib.sh'
[1.620s] Level 1:colcon.colcon_core.environment:checking '/home/ibrahim/BinPicking/install/bin_interfaces/bin'
[1.620s] Level 1:colcon.colcon_core.environment:checking '/home/ibrahim/BinPicking/install/bin_interfaces/lib/pkgconfig/bin_interfaces.pc'
[1.620s] Level 1:colcon.colcon_core.environment:checking '/home/ibrahim/BinPicking/install/bin_interfaces/lib/python3.10/site-packages'
[1.621s] Level 1:colcon.colcon_core.environment:checking '/home/ibrahim/BinPicking/install/bin_interfaces/bin'
[1.621s] INFO:colcon.colcon_core.shell:Creating package script '/home/ibrahim/BinPicking/install/bin_interfaces/share/bin_interfaces/package.ps1'
[1.621s] INFO:colcon.colcon_core.shell:Creating package descriptor '/home/ibrahim/BinPicking/install/bin_interfaces/share/bin_interfaces/package.dsv'
[1.621s] INFO:colcon.colcon_core.shell:Creating package script '/home/ibrahim/BinPicking/install/bin_interfaces/share/bin_interfaces/package.sh'
[1.622s] INFO:colcon.colcon_core.shell:Creating package script '/home/ibrahim/BinPicking/install/bin_interfaces/share/bin_interfaces/package.bash'
[1.622s] INFO:colcon.colcon_core.shell:Creating package script '/home/ibrahim/BinPicking/install/bin_interfaces/share/bin_interfaces/package.zsh'
[1.622s] Level 1:colcon.colcon_core.environment:create_file_with_runtime_dependencies(/home/ibrahim/BinPicking/install/bin_interfaces/share/colcon-core/packages/bin_interfaces)
[1.623s] Level 1:colcon.colcon_core.environment:create_environment_scripts_only(linkattacher_msgs)
[1.624s] Level 1:colcon.colcon_core.environment:checking '/home/ibrahim/BinPicking/install/linkattacher_msgs' for CMake module files
[1.624s] Level 1:colcon.colcon_core.environment:checking '/home/ibrahim/BinPicking/install/linkattacher_msgs' for CMake config files
[1.625s] DEBUG:colcon.colcon_core.event_handler.log_command:Invoked command in '/home/ibrahim/BinPicking/build/linkattacher_msgs' returned '0': CMAKE_PREFIX_PATH=${CMAKE_PREFIX_PATH}:/home/ibrahim/RobotArm/install/main_arm_package:/home/ibrahim/RobotArm/install/action_interfaces:/opt/ros/humble /usr/bin/cmake --install /home/ibrahim/BinPicking/build/linkattacher_msgs
[1.625s] Level 1:colcon.colcon_core.shell:create_environment_hook('linkattacher_msgs', 'cmake_prefix_path')
[1.625s] INFO:colcon.colcon_core.shell:Creating environment hook '/home/ibrahim/BinPicking/install/linkattacher_msgs/share/linkattacher_msgs/hook/cmake_prefix_path.ps1'
[1.625s] INFO:colcon.colcon_core.shell:Creating environment descriptor '/home/ibrahim/BinPicking/install/linkattacher_msgs/share/linkattacher_msgs/hook/cmake_prefix_path.dsv'
[1.626s] INFO:colcon.colcon_core.shell:Creating environment hook '/home/ibrahim/BinPicking/install/linkattacher_msgs/share/linkattacher_msgs/hook/cmake_prefix_path.sh'
[1.626s] Level 1:colcon.colcon_core.environment:checking '/home/ibrahim/BinPicking/install/linkattacher_msgs/lib'
[1.626s] Level 1:colcon.colcon_core.shell:create_environment_hook('linkattacher_msgs', 'ld_library_path_lib')
[1.626s] INFO:colcon.colcon_core.shell:Creating environment hook '/home/ibrahim/BinPicking/install/linkattacher_msgs/share/linkattacher_msgs/hook/ld_library_path_lib.ps1'
[1.627s] INFO:colcon.colcon_core.shell:Creating environment descriptor '/home/ibrahim/BinPicking/install/linkattacher_msgs/share/linkattacher_msgs/hook/ld_library_path_lib.dsv'
[1.627s] INFO:colcon.colcon_core.shell:Creating environment hook '/home/ibrahim/BinPicking/install/linkattacher_msgs/share/linkattacher_msgs/hook/ld_library_path_lib.sh'
[1.627s] Level 1:colcon.colcon_core.environment:checking '/home/ibrahim/BinPicking/install/linkattacher_msgs/bin'
[1.627s] Level 1:colcon.colcon_core.environment:checking '/home/ibrahim/BinPicking/install/linkattacher_msgs/lib/pkgconfig/linkattacher_msgs.pc'
[1.627s] Level 1:colcon.colcon_core.environment:checking '/home/ibrahim/BinPicking/install/linkattacher_msgs/lib/python3.10/site-packages'
[1.627s] Level 1:colcon.colcon_core.environment:checking '/home/ibrahim/BinPicking/install/linkattacher_msgs/bin'
[1.628s] INFO:colcon.colcon_core.shell:Creating package script '/home/ibrahim/BinPicking/install/linkattacher_msgs/share/linkattacher_msgs/package.ps1'
[1.629s] INFO:colcon.colcon_core.shell:Creating package descriptor '/home/ibrahim/BinPicking/install/linkattacher_msgs/share/linkattacher_msgs/package.dsv'
[1.629s] INFO:colcon.colcon_core.shell:Creating package script '/home/ibrahim/BinPicking/install/linkattacher_msgs/share/linkattacher_msgs/package.sh'
[1.629s] INFO:colcon.colcon_core.shell:Creating package script '/home/ibrahim/BinPicking/install/linkattacher_msgs/share/linkattacher_msgs/package.bash'
[1.629s] INFO:colcon.colcon_core.shell:Creating package script '/home/ibrahim/BinPicking/install/linkattacher_msgs/share/linkattacher_msgs/package.zsh'
[1.630s] Level 1:colcon.colcon_core.environment:create_file_with_runtime_dependencies(/home/ibrahim/BinPicking/install/linkattacher_msgs/share/colcon-core/packages/linkattacher_msgs)
[1.630s] Level 1:colcon.colcon_core.environment:create_environment_scripts_only(linkattacher_msgs)
[1.630s] Level 1:colcon.colcon_core.environment:checking '/home/ibrahim/BinPicking/install/linkattacher_msgs' for CMake module files
[1.631s] Level 1:colcon.colcon_core.environment:checking '/home/ibrahim/BinPicking/install/linkattacher_msgs' for CMake config files
[1.631s] Level 1:colcon.colcon_core.shell:create_environment_hook('linkattacher_msgs', 'cmake_prefix_path')
[1.631s] INFO:colcon.colcon_core.shell:Creating environment hook '/home/ibrahim/BinPicking/install/linkattacher_msgs/share/linkattacher_msgs/hook/cmake_prefix_path.ps1'
[1.632s] INFO:colcon.colcon_core.shell:Creating environment descriptor '/home/ibrahim/BinPicking/install/linkattacher_msgs/share/linkattacher_msgs/hook/cmake_prefix_path.dsv'
[1.632s] INFO:colcon.colcon_core.shell:Creating environment hook '/home/ibrahim/BinPicking/install/linkattacher_msgs/share/linkattacher_msgs/hook/cmake_prefix_path.sh'
[1.632s] Level 1:colcon.colcon_core.environment:checking '/home/ibrahim/BinPicking/install/linkattacher_msgs/lib'
[1.633s] Level 1:colcon.colcon_core.shell:create_environment_hook('linkattacher_msgs', 'ld_library_path_lib')
[1.633s] INFO:colcon.colcon_core.shell:Creating environment hook '/home/ibrahim/BinPicking/install/linkattacher_msgs/share/linkattacher_msgs/hook/ld_library_path_lib.ps1'
[1.633s] INFO:colcon.colcon_core.shell:Creating environment descriptor '/home/ibrahim/BinPicking/install/linkattacher_msgs/share/linkattacher_msgs/hook/ld_library_path_lib.dsv'
[1.633s] INFO:colcon.colcon_core.shell:Creating environment hook '/home/ibrahim/BinPicking/install/linkattacher_msgs/share/linkattacher_msgs/hook/ld_library_path_lib.sh'
[1.634s] Level 1:colcon.colcon_core.environment:checking '/home/ibrahim/BinPicking/install/linkattacher_msgs/bin'
[1.634s] Level 1:colcon.colcon_core.environment:checking '/home/ibrahim/BinPicking/install/linkattacher_msgs/lib/pkgconfig/linkattacher_msgs.pc'
[1.634s] Level 1:colcon.colcon_core.environment:checking '/home/ibrahim/BinPicking/install/linkattacher_msgs/lib/python3.10/site-packages'
[1.634s] Level 1:colcon.colcon_core.environment:checking '/home/ibrahim/BinPicking/install/linkattacher_msgs/bin'
[1.634s] INFO:colcon.colcon_core.shell:Creating package script '/home/ibrahim/BinPicking/install/linkattacher_msgs/share/linkattacher_msgs/package.ps1'
[1.635s] INFO:colcon.colcon_core.shell:Creating package descriptor '/home/ibrahim/BinPicking/install/linkattacher_msgs/share/linkattacher_msgs/package.dsv'
[1.635s] INFO:colcon.colcon_core.shell:Creating package script '/home/ibrahim/BinPicking/install/linkattacher_msgs/share/linkattacher_msgs/package.sh'
[1.636s] INFO:colcon.colcon_core.shell:Creating package script '/home/ibrahim/BinPicking/install/linkattacher_msgs/share/linkattacher_msgs/package.bash'
[1.636s] INFO:colcon.colcon_core.shell:Creating package script '/home/ibrahim/BinPicking/install/linkattacher_msgs/share/linkattacher_msgs/package.zsh'
[1.637s] Level 1:colcon.colcon_core.environment:create_file_with_runtime_dependencies(/home/ibrahim/BinPicking/install/linkattacher_msgs/share/colcon-core/packages/linkattacher_msgs)
[1.637s] INFO:colcon.colcon_ros.task.ament_cmake.build:Building ROS package in '/home/ibrahim/BinPicking/src/bin_nodes' with build type 'ament_cmake'
[1.637s] INFO:colcon.colcon_cmake.task.cmake.build:Building CMake package in '/home/ibrahim/BinPicking/src/bin_nodes'
[1.638s] INFO:colcon.colcon_core.shell:Skip shell extension 'powershell' for command environment: Not usable outside of PowerShell
[1.638s] DEBUG:colcon.colcon_core.shell:Skip shell extension 'dsv' for command environment
[1.645s] INFO:colcon.colcon_ros.task.ament_cmake.build:Building ROS package in '/home/ibrahim/BinPicking/src/IFRA_LinkAttacher/ros2_LinkAttacher' with build type 'ament_cmake'
[1.646s] INFO:colcon.colcon_cmake.task.cmake.build:Building CMake package in '/home/ibrahim/BinPicking/src/IFRA_LinkAttacher/ros2_LinkAttacher'
[1.646s] INFO:colcon.colcon_core.shell:Skip shell extension 'powershell' for command environment: Not usable outside of PowerShell
[1.646s] DEBUG:colcon.colcon_core.shell:Skip shell extension 'dsv' for command environment
[1.713s] DEBUG:colcon.colcon_core.event_handler.log_command:Invoking command in '/home/ibrahim/BinPicking/build/ros2_linkattacher': CMAKE_PREFIX_PATH=/home/ibrahim/BinPicking/install/linkattacher_msgs:/home/ibrahim/BinPicking/install/ros2_linkattacher:/home/ibrahim/BinPicking/install/moveit_config:/home/ibrahim/BinPicking/install/bin_nodes:/home/ibrahim/BinPicking/install/bin_interfaces:/home/ibrahim/RobotArmExpanded/install/main_arm_package:/home/ibrahim/RobotArmExpanded/install/action_interfaces:/home/ibrahim/MoveItArm/install/moveit_config:/home/ibrahim/MoveItArm/install/moveit_arm_package:/home/ibrahim/TF2Sample/install/tf2sim:/home/ibrahim/RobotNav/install/main_robot_nodes:/home/ibrahim/RobotNav/install/action_interfaces:/home/ibrahim/RobotMonitor/install/Robot3Node_Package:/home/ibrahim/ros2_ws/install/my_first_package:/home/ibrahim/ros2_ws/install/action_interfaces:/home/ibrahim/RobotArm/install/main_arm_package:/home/ibrahim/RobotArm/install/action_interfaces:/opt/ros/humble LD_LIBRARY_PATH=/home/ibrahim/BinPicking/install/linkattacher_msgs/lib:/home/ibrahim/BinPicking/install/ros2_linkattacher/lib:/home/ibrahim/BinPicking/install/bin_interfaces/lib:/home/ibrahim/RobotArmExpanded/install/action_interfaces/lib:/home/ibrahim/RobotArm/install/action_interfaces/lib:/home/ibrahim/RobotNav/install/action_interfaces/lib:/home/ibrahim/ros2_ws/install/action_interfaces/lib:/usr/lib/x86_64-linux-gnu/gazebo-11/plugins:/opt/ros/humble/opt/rviz_ogre_vendor/lib:/opt/ros/humble/lib/x86_64-linux-gnu:/opt/ros/humble/lib /usr/bin/cmake --build /home/ibrahim/BinPicking/build/ros2_linkattacher -- -j16 -l16
[1.782s] DEBUG:colcon.colcon_core.event_handler.log_command:Invoking command in '/home/ibrahim/BinPicking/build/bin_nodes': CMAKE_PREFIX_PATH=/home/ibrahim/BinPicking/install/linkattacher_msgs:/home/ibrahim/BinPicking/install/bin_interfaces:/home/ibrahim/BinPicking/install/ros2_linkattacher:/home/ibrahim/BinPicking/install/moveit_config:/home/ibrahim/BinPicking/install/bin_nodes:/home/ibrahim/RobotArmExpanded/install/main_arm_package:/home/ibrahim/RobotArmExpanded/install/action_interfaces:/home/ibrahim/MoveItArm/install/moveit_config:/home/ibrahim/MoveItArm/install/moveit_arm_package:/home/ibrahim/TF2Sample/install/tf2sim:/home/ibrahim/RobotNav/install/main_robot_nodes:/home/ibrahim/RobotNav/install/action_interfaces:/home/ibrahim/RobotMonitor/install/Robot3Node_Package:/home/ibrahim/ros2_ws/install/my_first_package:/home/ibrahim/ros2_ws/install/action_interfaces:/home/ibrahim/RobotArm/install/main_arm_package:/home/ibrahim/RobotArm/install/action_interfaces:/opt/ros/humble LD_LIBRARY_PATH=/home/ibrahim/BinPicking/install/linkattacher_msgs/lib:/home/ibrahim/BinPicking/install/bin_interfaces/lib:/home/ibrahim/BinPicking/install/ros2_linkattacher/lib:/home/ibrahim/RobotArmExpanded/install/action_interfaces/lib:/home/ibrahim/RobotArm/install/action_interfaces/lib:/home/ibrahim/RobotNav/install/action_interfaces/lib:/home/ibrahim/ros2_ws/install/action_interfaces/lib:/usr/lib/x86_64-linux-gnu/gazebo-11/plugins:/opt/ros/humble/opt/rviz_ogre_vendor/lib:/opt/ros/humble/lib/x86_64-linux-gnu:/opt/ros/humble/lib /usr/bin/cmake --build /home/ibrahim/BinPicking/build/bin_nodes -- -j16 -l16
[1.828s] DEBUG:colcon.colcon_core.event_handler.log_command:Invoked command in '/home/ibrahim/BinPicking/build/ros2_linkattacher' returned '0': CMAKE_PREFIX_PATH=/home/ibrahim/BinPicking/install/linkattacher_msgs:/home/ibrahim/BinPicking/install/ros2_linkattacher:/home/ibrahim/BinPicking/install/moveit_config:/home/ibrahim/BinPicking/install/bin_nodes:/home/ibrahim/BinPicking/install/bin_interfaces:/home/ibrahim/RobotArmExpanded/install/main_arm_package:/home/ibrahim/RobotArmExpanded/install/action_interfaces:/home/ibrahim/MoveItArm/install/moveit_config:/home/ibrahim/MoveItArm/install/moveit_arm_package:/home/ibrahim/TF2Sample/install/tf2sim:/home/ibrahim/RobotNav/install/main_robot_nodes:/home/ibrahim/RobotNav/install/action_interfaces:/home/ibrahim/RobotMonitor/install/Robot3Node_Package:/home/ibrahim/ros2_ws/install/my_first_package:/home/ibrahim/ros2_ws/install/action_interfaces:/home/ibrahim/RobotArm/install/main_arm_package:/home/ibrahim/RobotArm/install/action_interfaces:/opt/ros/humble LD_LIBRARY_PATH=/home/ibrahim/BinPicking/install/linkattacher_msgs/lib:/home/ibrahim/BinPicking/install/ros2_linkattacher/lib:/home/ibrahim/BinPicking/install/bin_interfaces/lib:/home/ibrahim/RobotArmExpanded/install/action_interfaces/lib:/home/ibrahim/RobotArm/install/action_interfaces/lib:/home/ibrahim/RobotNav/install/action_interfaces/lib:/home/ibrahim/ros2_ws/install/action_interfaces/lib:/usr/lib/x86_64-linux-gnu/gazebo-11/plugins:/opt/ros/humble/opt/rviz_ogre_vendor/lib:/opt/ros/humble/lib/x86_64-linux-gnu:/opt/ros/humble/lib /usr/bin/cmake --build /home/ibrahim/BinPicking/build/ros2_linkattacher -- -j16 -l16
[1.830s] DEBUG:colcon.colcon_core.event_handler.log_command:Invoking command in '/home/ibrahim/BinPicking/build/ros2_linkattacher': CMAKE_PREFIX_PATH=/home/ibrahim/BinPicking/install/linkattacher_msgs:/home/ibrahim/BinPicking/install/ros2_linkattacher:/home/ibrahim/BinPicking/install/moveit_config:/home/ibrahim/BinPicking/install/bin_nodes:/home/ibrahim/BinPicking/install/bin_interfaces:/home/ibrahim/RobotArmExpanded/install/main_arm_package:/home/ibrahim/RobotArmExpanded/install/action_interfaces:/home/ibrahim/MoveItArm/install/moveit_config:/home/ibrahim/MoveItArm/install/moveit_arm_package:/home/ibrahim/TF2Sample/install/tf2sim:/home/ibrahim/RobotNav/install/main_robot_nodes:/home/ibrahim/RobotNav/install/action_interfaces:/home/ibrahim/RobotMonitor/install/Robot3Node_Package:/home/ibrahim/ros2_ws/install/my_first_package:/home/ibrahim/ros2_ws/install/action_interfaces:/home/ibrahim/RobotArm/install/main_arm_package:/home/ibrahim/RobotArm/install/action_interfaces:/opt/ros/humble LD_LIBRARY_PATH=/home/ibrahim/BinPicking/install/linkattacher_msgs/lib:/home/ibrahim/BinPicking/install/ros2_linkattacher/lib:/home/ibrahim/BinPicking/install/bin_interfaces/lib:/home/ibrahim/RobotArmExpanded/install/action_interfaces/lib:/home/ibrahim/RobotArm/install/action_interfaces/lib:/home/ibrahim/RobotNav/install/action_interfaces/lib:/home/ibrahim/ros2_ws/install/action_interfaces/lib:/usr/lib/x86_64-linux-gnu/gazebo-11/plugins:/opt/ros/humble/opt/rviz_ogre_vendor/lib:/opt/ros/humble/lib/x86_64-linux-gnu:/opt/ros/humble/lib /usr/bin/cmake --install /home/ibrahim/BinPicking/build/ros2_linkattacher
[1.845s] Level 1:colcon.colcon_core.environment:create_environment_scripts_only(ros2_linkattacher)
[1.846s] Level 1:colcon.colcon_core.environment:checking '/home/ibrahim/BinPicking/install/ros2_linkattacher' for CMake module files
[1.847s] DEBUG:colcon.colcon_core.event_handler.log_command:Invoked command in '/home/ibrahim/BinPicking/build/ros2_linkattacher' returned '0': CMAKE_PREFIX_PATH=/home/ibrahim/BinPicking/install/linkattacher_msgs:/home/ibrahim/BinPicking/install/ros2_linkattacher:/home/ibrahim/BinPicking/install/moveit_config:/home/ibrahim/BinPicking/install/bin_nodes:/home/ibrahim/BinPicking/install/bin_interfaces:/home/ibrahim/RobotArmExpanded/install/main_arm_package:/home/ibrahim/RobotArmExpanded/install/action_interfaces:/home/ibrahim/MoveItArm/install/moveit_config:/home/ibrahim/MoveItArm/install/moveit_arm_package:/home/ibrahim/TF2Sample/install/tf2sim:/home/ibrahim/RobotNav/install/main_robot_nodes:/home/ibrahim/RobotNav/install/action_interfaces:/home/ibrahim/RobotMonitor/install/Robot3Node_Package:/home/ibrahim/ros2_ws/install/my_first_package:/home/ibrahim/ros2_ws/install/action_interfaces:/home/ibrahim/RobotArm/install/main_arm_package:/home/ibrahim/RobotArm/install/action_interfaces:/opt/ros/humble LD_LIBRARY_PATH=/home/ibrahim/BinPicking/install/linkattacher_msgs/lib:/home/ibrahim/BinPicking/install/ros2_linkattacher/lib:/home/ibrahim/BinPicking/install/bin_interfaces/lib:/home/ibrahim/RobotArmExpanded/install/action_interfaces/lib:/home/ibrahim/RobotArm/install/action_interfaces/lib:/home/ibrahim/RobotNav/install/action_interfaces/lib:/home/ibrahim/ros2_ws/install/action_interfaces/lib:/usr/lib/x86_64-linux-gnu/gazebo-11/plugins:/opt/ros/humble/opt/rviz_ogre_vendor/lib:/opt/ros/humble/lib/x86_64-linux-gnu:/opt/ros/humble/lib /usr/bin/cmake --install /home/ibrahim/BinPicking/build/ros2_linkattacher
[1.847s] Level 1:colcon.colcon_core.environment:checking '/home/ibrahim/BinPicking/install/ros2_linkattacher' for CMake config files
[1.847s] Level 1:colcon.colcon_core.shell:create_environment_hook('ros2_linkattacher', 'cmake_prefix_path')
[1.848s] INFO:colcon.colcon_core.shell:Creating environment hook '/home/ibrahim/BinPicking/install/ros2_linkattacher/share/ros2_linkattacher/hook/cmake_prefix_path.ps1'
[1.848s] INFO:colcon.colcon_core.shell:Creating environment descriptor '/home/ibrahim/BinPicking/install/ros2_linkattacher/share/ros2_linkattacher/hook/cmake_prefix_path.dsv'
[1.848s] INFO:colcon.colcon_core.shell:Creating environment hook '/home/ibrahim/BinPicking/install/ros2_linkattacher/share/ros2_linkattacher/hook/cmake_prefix_path.sh'
[1.849s] Level 1:colcon.colcon_core.environment:checking '/home/ibrahim/BinPicking/install/ros2_linkattacher/lib'
[1.849s] Level 1:colcon.colcon_core.shell:create_environment_hook('ros2_linkattacher', 'ld_library_path_lib')
[1.849s] INFO:colcon.colcon_core.shell:Creating environment hook '/home/ibrahim/BinPicking/install/ros2_linkattacher/share/ros2_linkattacher/hook/ld_library_path_lib.ps1'
[1.849s] INFO:colcon.colcon_core.shell:Creating environment descriptor '/home/ibrahim/BinPicking/install/ros2_linkattacher/share/ros2_linkattacher/hook/ld_library_path_lib.dsv'
[1.850s] INFO:colcon.colcon_core.shell:Creating environment hook '/home/ibrahim/BinPicking/install/ros2_linkattacher/share/ros2_linkattacher/hook/ld_library_path_lib.sh'
[1.850s] Level 1:colcon.colcon_core.environment:checking '/home/ibrahim/BinPicking/install/ros2_linkattacher/bin'
[1.850s] Level 1:colcon.colcon_core.environment:checking '/home/ibrahim/BinPicking/install/ros2_linkattacher/lib/pkgconfig/ros2_linkattacher.pc'
[1.850s] Level 1:colcon.colcon_core.environment:checking '/home/ibrahim/BinPicking/install/ros2_linkattacher/lib/python3.10/site-packages'
[1.851s] Level 1:colcon.colcon_core.environment:checking '/home/ibrahim/BinPicking/install/ros2_linkattacher/bin'
[1.851s] INFO:colcon.colcon_core.shell:Creating package script '/home/ibrahim/BinPicking/install/ros2_linkattacher/share/ros2_linkattacher/package.ps1'
[1.852s] INFO:colcon.colcon_core.shell:Creating package descriptor '/home/ibrahim/BinPicking/install/ros2_linkattacher/share/ros2_linkattacher/package.dsv'
[1.852s] INFO:colcon.colcon_core.shell:Creating package script '/home/ibrahim/BinPicking/install/ros2_linkattacher/share/ros2_linkattacher/package.sh'
[1.852s] INFO:colcon.colcon_core.shell:Creating package script '/home/ibrahim/BinPicking/install/ros2_linkattacher/share/ros2_linkattacher/package.bash'
[1.853s] INFO:colcon.colcon_core.shell:Creating package script '/home/ibrahim/BinPicking/install/ros2_linkattacher/share/ros2_linkattacher/package.zsh'
[1.853s] Level 1:colcon.colcon_core.environment:create_file_with_runtime_dependencies(/home/ibrahim/BinPicking/install/ros2_linkattacher/share/colcon-core/packages/ros2_linkattacher)
[1.854s] Level 1:colcon.colcon_core.environment:create_environment_scripts_only(ros2_linkattacher)
[1.854s] Level 1:colcon.colcon_core.environment:checking '/home/ibrahim/BinPicking/install/ros2_linkattacher' for CMake module files
[1.854s] Level 1:colcon.colcon_core.environment:checking '/home/ibrahim/BinPicking/install/ros2_linkattacher' for CMake config files
[1.854s] Level 1:colcon.colcon_core.shell:create_environment_hook('ros2_linkattacher', 'cmake_prefix_path')
[1.854s] INFO:colcon.colcon_core.shell:Creating environment hook '/home/ibrahim/BinPicking/install/ros2_linkattacher/share/ros2_linkattacher/hook/cmake_prefix_path.ps1'
[1.855s] INFO:colcon.colcon_core.shell:Creating environment descriptor '/home/ibrahim/BinPicking/install/ros2_linkattacher/share/ros2_linkattacher/hook/cmake_prefix_path.dsv'
[1.855s] INFO:colcon.colcon_core.shell:Creating environment hook '/home/ibrahim/BinPicking/install/ros2_linkattacher/share/ros2_linkattacher/hook/cmake_prefix_path.sh'
[1.855s] Level 1:colcon.colcon_core.environment:checking '/home/ibrahim/BinPicking/install/ros2_linkattacher/lib'
[1.855s] Level 1:colcon.colcon_core.shell:create_environment_hook('ros2_linkattacher', 'ld_library_path_lib')
[1.855s] INFO:colcon.colcon_core.shell:Creating environment hook '/home/ibrahim/BinPicking/install/ros2_linkattacher/share/ros2_linkattacher/hook/ld_library_path_lib.ps1'
[1.856s] INFO:colcon.colcon_core.shell:Creating environment descriptor '/home/ibrahim/BinPicking/install/ros2_linkattacher/share/ros2_linkattacher/hook/ld_library_path_lib.dsv'
[1.856s] INFO:colcon.colcon_core.shell:Creating environment hook '/home/ibrahim/BinPicking/install/ros2_linkattacher/share/ros2_linkattacher/hook/ld_library_path_lib.sh'
[1.856s] Level 1:colcon.colcon_core.environment:checking '/home/ibrahim/BinPicking/install/ros2_linkattacher/bin'
[1.856s] Level 1:colcon.colcon_core.environment:checking '/home/ibrahim/BinPicking/install/ros2_linkattacher/lib/pkgconfig/ros2_linkattacher.pc'
[1.856s] Level 1:colcon.colcon_core.environment:checking '/home/ibrahim/BinPicking/install/ros2_linkattacher/lib/python3.10/site-packages'
[1.857s] Level 1:colcon.colcon_core.environment:checking '/home/ibrahim/BinPicking/install/ros2_linkattacher/bin'
[1.857s] INFO:colcon.colcon_core.shell:Creating package script '/home/ibrahim/BinPicking/install/ros2_linkattacher/share/ros2_linkattacher/package.ps1'
[1.857s] INFO:colcon.colcon_core.shell:Creating package descriptor '/home/ibrahim/BinPicking/install/ros2_linkattacher/share/ros2_linkattacher/package.dsv'
[1.858s] INFO:colcon.colcon_core.shell:Creating package script '/home/ibrahim/BinPicking/install/ros2_linkattacher/share/ros2_linkattacher/package.sh'
[1.858s] INFO:colcon.colcon_core.shell:Creating package script '/home/ibrahim/BinPicking/install/ros2_linkattacher/share/ros2_linkattacher/package.bash'
[1.859s] INFO:colcon.colcon_core.shell:Creating package script '/home/ibrahim/BinPicking/install/ros2_linkattacher/share/ros2_linkattacher/package.zsh'
[1.859s] Level 1:colcon.colcon_core.environment:create_file_with_runtime_dependencies(/home/ibrahim/BinPicking/install/ros2_linkattacher/share/colcon-core/packages/ros2_linkattacher)
[11.317s] DEBUG:colcon.colcon_core.event_handler.log_command:Invoked command in '/home/ibrahim/BinPicking/build/bin_nodes' returned '0': CMAKE_PREFIX_PATH=/home/ibrahim/BinPicking/install/linkattacher_msgs:/home/ibrahim/BinPicking/install/bin_interfaces:/home/ibrahim/BinPicking/install/ros2_linkattacher:/home/ibrahim/BinPicking/install/moveit_config:/home/ibrahim/BinPicking/install/bin_nodes:/home/ibrahim/RobotArmExpanded/install/main_arm_package:/home/ibrahim/RobotArmExpanded/install/action_interfaces:/home/ibrahim/MoveItArm/install/moveit_config:/home/ibrahim/MoveItArm/install/moveit_arm_package:/home/ibrahim/TF2Sample/install/tf2sim:/home/ibrahim/RobotNav/install/main_robot_nodes:/home/ibrahim/RobotNav/install/action_interfaces:/home/ibrahim/RobotMonitor/install/Robot3Node_Package:/home/ibrahim/ros2_ws/install/my_first_package:/home/ibrahim/ros2_ws/install/action_interfaces:/home/ibrahim/RobotArm/install/main_arm_package:/home/ibrahim/RobotArm/install/action_interfaces:/opt/ros/humble LD_LIBRARY_PATH=/home/ibrahim/BinPicking/install/linkattacher_msgs/lib:/home/ibrahim/BinPicking/install/bin_interfaces/lib:/home/ibrahim/BinPicking/install/ros2_linkattacher/lib:/home/ibrahim/RobotArmExpanded/install/action_interfaces/lib:/home/ibrahim/RobotArm/install/action_interfaces/lib:/home/ibrahim/RobotNav/install/action_interfaces/lib:/home/ibrahim/ros2_ws/install/action_interfaces/lib:/usr/lib/x86_64-linux-gnu/gazebo-11/plugins:/opt/ros/humble/opt/rviz_ogre_vendor/lib:/opt/ros/humble/lib/x86_64-linux-gnu:/opt/ros/humble/lib /usr/bin/cmake --build /home/ibrahim/BinPicking/build/bin_nodes -- -j16 -l16
[11.322s] DEBUG:colcon.colcon_core.event_handler.log_command:Invoking command in '/home/ibrahim/BinPicking/build/bin_nodes': CMAKE_PREFIX_PATH=/home/ibrahim/BinPicking/install/linkattacher_msgs:/home/ibrahim/BinPicking/install/bin_interfaces:/home/ibrahim/BinPicking/install/ros2_linkattacher:/home/ibrahim/BinPicking/install/moveit_config:/home/ibrahim/BinPicking/install/bin_nodes:/home/ibrahim/RobotArmExpanded/install/main_arm_package:/home/ibrahim/RobotArmExpanded/install/action_interfaces:/home/ibrahim/MoveItArm/install/moveit_config:/home/ibrahim/MoveItArm/install/moveit_arm_package:/home/ibrahim/TF2Sample/install/tf2sim:/home/ibrahim/RobotNav/install/main_robot_nodes:/home/ibrahim/RobotNav/install/action_interfaces:/home/ibrahim/RobotMonitor/install/Robot3Node_Package:/home/ibrahim/ros2_ws/install/my_first_package:/home/ibrahim/ros2_ws/install/action_interfaces:/home/ibrahim/RobotArm/install/main_arm_package:/home/ibrahim/RobotArm/install/action_interfaces:/opt/ros/humble LD_LIBRARY_PATH=/home/ibrahim/BinPicking/install/linkattacher_msgs/lib:/home/ibrahim/BinPicking/install/bin_interfaces/lib:/home/ibrahim/BinPicking/install/ros2_linkattacher/lib:/home/ibrahim/RobotArmExpanded/install/action_interfaces/lib:/home/ibrahim/RobotArm/install/action_interfaces/lib:/home/ibrahim/RobotNav/install/action_interfaces/lib:/home/ibrahim/ros2_ws/install/action_interfaces/lib:/usr/lib/x86_64-linux-gnu/gazebo-11/plugins:/opt/ros/humble/opt/rviz_ogre_vendor/lib:/opt/ros/humble/lib/x86_64-linux-gnu:/opt/ros/humble/lib /usr/bin/cmake --install /home/ibrahim/BinPicking/build/bin_nodes
[11.344s] Level 1:colcon.colcon_core.environment:create_environment_scripts_only(bin_nodes)
[11.344s] Level 1:colcon.colcon_core.environment:checking '/home/ibrahim/BinPicking/install/bin_nodes' for CMake module files
[11.345s] DEBUG:colcon.colcon_core.event_handler.log_command:Invoked command in '/home/ibrahim/BinPicking/build/bin_nodes' returned '0': CMAKE_PREFIX_PATH=/home/ibrahim/BinPicking/install/linkattacher_msgs:/home/ibrahim/BinPicking/install/bin_interfaces:/home/ibrahim/BinPicking/install/ros2_linkattacher:/home/ibrahim/BinPicking/install/moveit_config:/home/ibrahim/BinPicking/install/bin_nodes:/home/ibrahim/RobotArmExpanded/install/main_arm_package:/home/ibrahim/RobotArmExpanded/install/action_interfaces:/home/ibrahim/MoveItArm/install/moveit_config:/home/ibrahim/MoveItArm/install/moveit_arm_package:/home/ibrahim/TF2Sample/install/tf2sim:/home/ibrahim/RobotNav/install/main_robot_nodes:/home/ibrahim/RobotNav/install/action_interfaces:/home/ibrahim/RobotMonitor/install/Robot3Node_Package:/home/ibrahim/ros2_ws/install/my_first_package:/home/ibrahim/ros2_ws/install/action_interfaces:/home/ibrahim/RobotArm/install/main_arm_package:/home/ibrahim/RobotArm/install/action_interfaces:/opt/ros/humble LD_LIBRARY_PATH=/home/ibrahim/BinPicking/install/linkattacher_msgs/lib:/home/ibrahim/BinPicking/install/bin_interfaces/lib:/home/ibrahim/BinPicking/install/ros2_linkattacher/lib:/home/ibrahim/RobotArmExpanded/install/action_interfaces/lib:/home/ibrahim/RobotArm/install/action_interfaces/lib:/home/ibrahim/RobotNav/install/action_interfaces/lib:/home/ibrahim/ros2_ws/install/action_interfaces/lib:/usr/lib/x86_64-linux-gnu/gazebo-11/plugins:/opt/ros/humble/opt/rviz_ogre_vendor/lib:/opt/ros/humble/lib/x86_64-linux-gnu:/opt/ros/humble/lib /usr/bin/cmake --install /home/ibrahim/BinPicking/build/bin_nodes
[11.346s] Level 1:colcon.colcon_core.environment:checking '/home/ibrahim/BinPicking/install/bin_nodes' for CMake config files
[11.346s] Level 1:colcon.colcon_core.shell:create_environment_hook('bin_nodes', 'cmake_prefix_path')
[11.346s] INFO:colcon.colcon_core.shell:Creating environment hook '/home/ibrahim/BinPicking/install/bin_nodes/share/bin_nodes/hook/cmake_prefix_path.ps1'
[11.347s] INFO:colcon.colcon_core.shell:Creating environment descriptor '/home/ibrahim/BinPicking/install/bin_nodes/share/bin_nodes/hook/cmake_prefix_path.dsv'
[11.347s] INFO:colcon.colcon_core.shell:Creating environment hook '/home/ibrahim/BinPicking/install/bin_nodes/share/bin_nodes/hook/cmake_prefix_path.sh'
[11.348s] Level 1:colcon.colcon_core.environment:checking '/home/ibrahim/BinPicking/install/bin_nodes/lib'
[11.348s] Level 1:colcon.colcon_core.environment:checking '/home/ibrahim/BinPicking/install/bin_nodes/bin'
[11.348s] Level 1:colcon.colcon_core.environment:checking '/home/ibrahim/BinPicking/install/bin_nodes/lib/pkgconfig/bin_nodes.pc'
[11.348s] Level 1:colcon.colcon_core.environment:checking '/home/ibrahim/BinPicking/install/bin_nodes/lib/python3.10/site-packages'
[11.349s] Level 1:colcon.colcon_core.environment:checking '/home/ibrahim/BinPicking/install/bin_nodes/bin'
[11.349s] INFO:colcon.colcon_core.shell:Creating package script '/home/ibrahim/BinPicking/install/bin_nodes/share/bin_nodes/package.ps1'
[11.349s] INFO:colcon.colcon_core.shell:Creating package descriptor '/home/ibrahim/BinPicking/install/bin_nodes/share/bin_nodes/package.dsv'
[11.350s] INFO:colcon.colcon_core.shell:Creating package script '/home/ibrahim/BinPicking/install/bin_nodes/share/bin_nodes/package.sh'
[11.350s] INFO:colcon.colcon_core.shell:Creating package script '/home/ibrahim/BinPicking/install/bin_nodes/share/bin_nodes/package.bash'
[11.350s] INFO:colcon.colcon_core.shell:Creating package script '/home/ibrahim/BinPicking/install/bin_nodes/share/bin_nodes/package.zsh'
[11.351s] Level 1:colcon.colcon_core.environment:create_file_with_runtime_dependencies(/home/ibrahim/BinPicking/install/bin_nodes/share/colcon-core/packages/bin_nodes)
[11.351s] Level 1:colcon.colcon_core.environment:create_environment_scripts_only(bin_nodes)
[11.351s] Level 1:colcon.colcon_core.environment:checking '/home/ibrahim/BinPicking/install/bin_nodes' for CMake module files
[11.351s] Level 1:colcon.colcon_core.environment:checking '/home/ibrahim/BinPicking/install/bin_nodes' for CMake config files
[11.352s] Level 1:colcon.colcon_core.shell:create_environment_hook('bin_nodes', 'cmake_prefix_path')
[11.352s] INFO:colcon.colcon_core.shell:Creating environment hook '/home/ibrahim/BinPicking/install/bin_nodes/share/bin_nodes/hook/cmake_prefix_path.ps1'
[11.352s] INFO:colcon.colcon_core.shell:Creating environment descriptor '/home/ibrahim/BinPicking/install/bin_nodes/share/bin_nodes/hook/cmake_prefix_path.dsv'
[11.353s] INFO:colcon.colcon_core.shell:Creating environment hook '/home/ibrahim/BinPicking/install/bin_nodes/share/bin_nodes/hook/cmake_prefix_path.sh'
[11.353s] Level 1:colcon.colcon_core.environment:checking '/home/ibrahim/BinPicking/install/bin_nodes/lib'
[11.353s] Level 1:colcon.colcon_core.environment:checking '/home/ibrahim/BinPicking/install/bin_nodes/bin'
[11.353s] Level 1:colcon.colcon_core.environment:checking '/home/ibrahim/BinPicking/install/bin_nodes/lib/pkgconfig/bin_nodes.pc'
[11.353s] Level 1:colcon.colcon_core.environment:checking '/home/ibrahim/BinPicking/install/bin_nodes/lib/python3.10/site-packages'
[11.354s] Level 1:colcon.colcon_core.environment:checking '/home/ibrahim/BinPicking/install/bin_nodes/bin'
[11.354s] INFO:colcon.colcon_core.shell:Creating package script '/home/ibrahim/BinPicking/install/bin_nodes/share/bin_nodes/package.ps1'
[11.354s] INFO:colcon.colcon_core.shell:Creating package descriptor '/home/ibrahim/BinPicking/install/bin_nodes/share/bin_nodes/package.dsv'
[11.354s] INFO:colcon.colcon_core.shell:Creating package script '/home/ibrahim/BinPicking/install/bin_nodes/share/bin_nodes/package.sh'
[11.355s] INFO:colcon.colcon_core.shell:Creating package script '/home/ibrahim/BinPicking/install/bin_nodes/share/bin_nodes/package.bash'
[11.355s] INFO:colcon.colcon_core.shell:Creating package script '/home/ibrahim/BinPicking/install/bin_nodes/share/bin_nodes/package.zsh'
[11.355s] Level 1:colcon.colcon_core.environment:create_file_with_runtime_dependencies(/home/ibrahim/BinPicking/install/bin_nodes/share/colcon-core/packages/bin_nodes)
[11.356s] INFO:colcon.colcon_ros.task.ament_cmake.build:Building ROS package in '/home/ibrahim/BinPicking/src/moveit_config' with build type 'ament_cmake'
[11.356s] INFO:colcon.colcon_cmake.task.cmake.build:Building CMake package in '/home/ibrahim/BinPicking/src/moveit_config'
[11.356s] INFO:colcon.colcon_core.shell:Skip shell extension 'powershell' for command environment: Not usable outside of PowerShell
[11.356s] DEBUG:colcon.colcon_core.shell:Skip shell extension 'dsv' for command environment
[11.539s] DEBUG:colcon.colcon_core.event_handler.log_command:Invoking command in '/home/ibrahim/BinPicking/build/moveit_config': CMAKE_PREFIX_PATH=/home/ibrahim/BinPicking/install/bin_nodes:/home/ibrahim/BinPicking/install/linkattacher_msgs:/home/ibrahim/BinPicking/install/bin_interfaces:/home/ibrahim/BinPicking/install/ros2_linkattacher:/home/ibrahim/BinPicking/install/moveit_config:/home/ibrahim/RobotArmExpanded/install/main_arm_package:/home/ibrahim/RobotArmExpanded/install/action_interfaces:/home/ibrahim/MoveItArm/install/moveit_config:/home/ibrahim/MoveItArm/install/moveit_arm_package:/home/ibrahim/TF2Sample/install/tf2sim:/home/ibrahim/RobotNav/install/main_robot_nodes:/home/ibrahim/RobotNav/install/action_interfaces:/home/ibrahim/RobotMonitor/install/Robot3Node_Package:/home/ibrahim/ros2_ws/install/my_first_package:/home/ibrahim/ros2_ws/install/action_interfaces:/home/ibrahim/RobotArm/install/main_arm_package:/home/ibrahim/RobotArm/install/action_interfaces:/opt/ros/humble LD_LIBRARY_PATH=/home/ibrahim/BinPicking/install/linkattacher_msgs/lib:/home/ibrahim/BinPicking/install/bin_interfaces/lib:/home/ibrahim/BinPicking/install/ros2_linkattacher/lib:/home/ibrahim/RobotArmExpanded/install/action_interfaces/lib:/home/ibrahim/RobotArm/install/action_interfaces/lib:/home/ibrahim/RobotNav/install/action_interfaces/lib:/home/ibrahim/ros2_ws/install/action_interfaces/lib:/usr/lib/x86_64-linux-gnu/gazebo-11/plugins:/opt/ros/humble/opt/rviz_ogre_vendor/lib:/opt/ros/humble/lib/x86_64-linux-gnu:/opt/ros/humble/lib /usr/bin/cmake --build /home/ibrahim/BinPicking/build/moveit_config -- -j16 -l16
[11.576s] DEBUG:colcon.colcon_core.event_handler.log_command:Invoked command in '/home/ibrahim/BinPicking/build/moveit_config' returned '0': CMAKE_PREFIX_PATH=/home/ibrahim/BinPicking/install/bin_nodes:/home/ibrahim/BinPicking/install/linkattacher_msgs:/home/ibrahim/BinPicking/install/bin_interfaces:/home/ibrahim/BinPicking/install/ros2_linkattacher:/home/ibrahim/BinPicking/install/moveit_config:/home/ibrahim/RobotArmExpanded/install/main_arm_package:/home/ibrahim/RobotArmExpanded/install/action_interfaces:/home/ibrahim/MoveItArm/install/moveit_config:/home/ibrahim/MoveItArm/install/moveit_arm_package:/home/ibrahim/TF2Sample/install/tf2sim:/home/ibrahim/RobotNav/install/main_robot_nodes:/home/ibrahim/RobotNav/install/action_interfaces:/home/ibrahim/RobotMonitor/install/Robot3Node_Package:/home/ibrahim/ros2_ws/install/my_first_package:/home/ibrahim/ros2_ws/install/action_interfaces:/home/ibrahim/RobotArm/install/main_arm_package:/home/ibrahim/RobotArm/install/action_interfaces:/opt/ros/humble LD_LIBRARY_PATH=/home/ibrahim/BinPicking/install/linkattacher_msgs/lib:/home/ibrahim/BinPicking/install/bin_interfaces/lib:/home/ibrahim/BinPicking/install/ros2_linkattacher/lib:/home/ibrahim/RobotArmExpanded/install/action_interfaces/lib:/home/ibrahim/RobotArm/install/action_interfaces/lib:/home/ibrahim/RobotNav/install/action_interfaces/lib:/home/ibrahim/ros2_ws/install/action_interfaces/lib:/usr/lib/x86_64-linux-gnu/gazebo-11/plugins:/opt/ros/humble/opt/rviz_ogre_vendor/lib:/opt/ros/humble/lib/x86_64-linux-gnu:/opt/ros/humble/lib /usr/bin/cmake --build /home/ibrahim/BinPicking/build/moveit_config -- -j16 -l16
[11.579s] DEBUG:colcon.colcon_core.event_handler.log_command:Invoking command in '/home/ibrahim/BinPicking/build/moveit_config': CMAKE_PREFIX_PATH=/home/ibrahim/BinPicking/install/bin_nodes:/home/ibrahim/BinPicking/install/linkattacher_msgs:/home/ibrahim/BinPicking/install/bin_interfaces:/home/ibrahim/BinPicking/install/ros2_linkattacher:/home/ibrahim/BinPicking/install/moveit_config:/home/ibrahim/RobotArmExpanded/install/main_arm_package:/home/ibrahim/RobotArmExpanded/install/action_interfaces:/home/ibrahim/MoveItArm/install/moveit_config:/home/ibrahim/MoveItArm/install/moveit_arm_package:/home/ibrahim/TF2Sample/install/tf2sim:/home/ibrahim/RobotNav/install/main_robot_nodes:/home/ibrahim/RobotNav/install/action_interfaces:/home/ibrahim/RobotMonitor/install/Robot3Node_Package:/home/ibrahim/ros2_ws/install/my_first_package:/home/ibrahim/ros2_ws/install/action_interfaces:/home/ibrahim/RobotArm/install/main_arm_package:/home/ibrahim/RobotArm/install/action_interfaces:/opt/ros/humble LD_LIBRARY_PATH=/home/ibrahim/BinPicking/install/linkattacher_msgs/lib:/home/ibrahim/BinPicking/install/bin_interfaces/lib:/home/ibrahim/BinPicking/install/ros2_linkattacher/lib:/home/ibrahim/RobotArmExpanded/install/action_interfaces/lib:/home/ibrahim/RobotArm/install/action_interfaces/lib:/home/ibrahim/RobotNav/install/action_interfaces/lib:/home/ibrahim/ros2_ws/install/action_interfaces/lib:/usr/lib/x86_64-linux-gnu/gazebo-11/plugins:/opt/ros/humble/opt/rviz_ogre_vendor/lib:/opt/ros/humble/lib/x86_64-linux-gnu:/opt/ros/humble/lib /usr/bin/cmake --install /home/ibrahim/BinPicking/build/moveit_config
[11.597s] Level 1:colcon.colcon_core.environment:create_environment_scripts_only(moveit_config)
[11.597s] Level 1:colcon.colcon_core.environment:checking '/home/ibrahim/BinPicking/install/moveit_config' for CMake module files
[11.598s] DEBUG:colcon.colcon_core.event_handler.log_command:Invoked command in '/home/ibrahim/BinPicking/build/moveit_config' returned '0': CMAKE_PREFIX_PATH=/home/ibrahim/BinPicking/install/bin_nodes:/home/ibrahim/BinPicking/install/linkattacher_msgs:/home/ibrahim/BinPicking/install/bin_interfaces:/home/ibrahim/BinPicking/install/ros2_linkattacher:/home/ibrahim/BinPicking/install/moveit_config:/home/ibrahim/RobotArmExpanded/install/main_arm_package:/home/ibrahim/RobotArmExpanded/install/action_interfaces:/home/ibrahim/MoveItArm/install/moveit_config:/home/ibrahim/MoveItArm/install/moveit_arm_package:/home/ibrahim/TF2Sample/install/tf2sim:/home/ibrahim/RobotNav/install/main_robot_nodes:/home/ibrahim/RobotNav/install/action_interfaces:/home/ibrahim/RobotMonitor/install/Robot3Node_Package:/home/ibrahim/ros2_ws/install/my_first_package:/home/ibrahim/ros2_ws/install/action_interfaces:/home/ibrahim/RobotArm/install/main_arm_package:/home/ibrahim/RobotArm/install/action_interfaces:/opt/ros/humble LD_LIBRARY_PATH=/home/ibrahim/BinPicking/install/linkattacher_msgs/lib:/home/ibrahim/BinPicking/install/bin_interfaces/lib:/home/ibrahim/BinPicking/install/ros2_linkattacher/lib:/home/ibrahim/RobotArmExpanded/install/action_interfaces/lib:/home/ibrahim/RobotArm/install/action_interfaces/lib:/home/ibrahim/RobotNav/install/action_interfaces/lib:/home/ibrahim/ros2_ws/install/action_interfaces/lib:/usr/lib/x86_64-linux-gnu/gazebo-11/plugins:/opt/ros/humble/opt/rviz_ogre_vendor/lib:/opt/ros/humble/lib/x86_64-linux-gnu:/opt/ros/humble/lib /usr/bin/cmake --install /home/ibrahim/BinPicking/build/moveit_config
[11.598s] Level 1:colcon.colcon_core.environment:checking '/home/ibrahim/BinPicking/install/moveit_config' for CMake config files
[11.598s] Level 1:colcon.colcon_core.shell:create_environment_hook('moveit_config', 'cmake_prefix_path')
[11.598s] INFO:colcon.colcon_core.shell:Creating environment hook '/home/ibrahim/BinPicking/install/moveit_config/share/moveit_config/hook/cmake_prefix_path.ps1'
[11.599s] INFO:colcon.colcon_core.shell:Creating environment descriptor '/home/ibrahim/BinPicking/install/moveit_config/share/moveit_config/hook/cmake_prefix_path.dsv'
[11.599s] INFO:colcon.colcon_core.shell:Creating environment hook '/home/ibrahim/BinPicking/install/moveit_config/share/moveit_config/hook/cmake_prefix_path.sh'
[11.599s] Level 1:colcon.colcon_core.environment:checking '/home/ibrahim/BinPicking/install/moveit_config/bin'
[11.600s] Level 1:colcon.colcon_core.environment:checking '/home/ibrahim/BinPicking/install/moveit_config/lib/pkgconfig/moveit_config.pc'
[11.600s] Level 1:colcon.colcon_core.environment:checking '/home/ibrahim/BinPicking/install/moveit_config/lib/python3.10/site-packages'
[11.600s] Level 1:colcon.colcon_core.environment:checking '/home/ibrahim/BinPicking/install/moveit_config/bin'
[11.600s] INFO:colcon.colcon_core.shell:Creating package script '/home/ibrahim/BinPicking/install/moveit_config/share/moveit_config/package.ps1'
[11.601s] INFO:colcon.colcon_core.shell:Creating package descriptor '/home/ibrahim/BinPicking/install/moveit_config/share/moveit_config/package.dsv'
[11.601s] INFO:colcon.colcon_core.shell:Creating package script '/home/ibrahim/BinPicking/install/moveit_config/share/moveit_config/package.sh'
[11.601s] INFO:colcon.colcon_core.shell:Creating package script '/home/ibrahim/BinPicking/install/moveit_config/share/moveit_config/package.bash'
[11.602s] INFO:colcon.colcon_core.shell:Creating package script '/home/ibrahim/BinPicking/install/moveit_config/share/moveit_config/package.zsh'
[11.602s] Level 1:colcon.colcon_core.environment:create_file_with_runtime_dependencies(/home/ibrahim/BinPicking/install/moveit_config/share/colcon-core/packages/moveit_config)
[11.602s] Level 1:colcon.colcon_core.environment:create_environment_scripts_only(moveit_config)
[11.603s] Level 1:colcon.colcon_core.environment:checking '/home/ibrahim/BinPicking/install/moveit_config' for CMake module files
[11.603s] Level 1:colcon.colcon_core.environment:checking '/home/ibrahim/BinPicking/install/moveit_config' for CMake config files
[11.603s] Level 1:colcon.colcon_core.shell:create_environment_hook('moveit_config', 'cmake_prefix_path')
[11.603s] INFO:colcon.colcon_core.shell:Creating environment hook '/home/ibrahim/BinPicking/install/moveit_config/share/moveit_config/hook/cmake_prefix_path.ps1'
[11.603s] INFO:colcon.colcon_core.shell:Creating environment descriptor '/home/ibrahim/BinPicking/install/moveit_config/share/moveit_config/hook/cmake_prefix_path.dsv'
[11.604s] INFO:colcon.colcon_core.shell:Creating environment hook '/home/ibrahim/BinPicking/install/moveit_config/share/moveit_config/hook/cmake_prefix_path.sh'
[11.604s] Level 1:colcon.colcon_core.environment:checking '/home/ibrahim/BinPicking/install/moveit_config/bin'
[11.604s] Level 1:colcon.colcon_core.environment:checking '/home/ibrahim/BinPicking/install/moveit_config/lib/pkgconfig/moveit_config.pc'
[11.604s] Level 1:colcon.colcon_core.environment:checking '/home/ibrahim/BinPicking/install/moveit_config/lib/python3.10/site-packages'
[11.605s] Level 1:colcon.colcon_core.environment:checking '/home/ibrahim/BinPicking/install/moveit_config/bin'
[11.605s] INFO:colcon.colcon_core.shell:Creating package script '/home/ibrahim/BinPicking/install/moveit_config/share/moveit_config/package.ps1'
[11.605s] INFO:colcon.colcon_core.shell:Creating package descriptor '/home/ibrahim/BinPicking/install/moveit_config/share/moveit_config/package.dsv'
[11.606s] INFO:colcon.colcon_core.shell:Creating package script '/home/ibrahim/BinPicking/install/moveit_config/share/moveit_config/package.sh'
[11.606s] INFO:colcon.colcon_core.shell:Creating package script '/home/ibrahim/BinPicking/install/moveit_config/share/moveit_config/package.bash'
[11.606s] INFO:colcon.colcon_core.shell:Creating package script '/home/ibrahim/BinPicking/install/moveit_config/share/moveit_config/package.zsh'
[11.606s] Level 1:colcon.colcon_core.environment:create_file_with_runtime_dependencies(/home/ibrahim/BinPicking/install/moveit_config/share/colcon-core/packages/moveit_config)
[11.607s] DEBUG:colcon.colcon_parallel_executor.executor.parallel:closing loop
[11.607s] DEBUG:colcon.colcon_parallel_executor.executor.parallel:loop closed
[11.607s] DEBUG:colcon.colcon_parallel_executor.executor.parallel:run_until_complete finished with '0'
[11.608s] DEBUG:colcon.colcon_core.event_reactor:joining thread
[11.650s] INFO:colcon.colcon_core.plugin_system:Skipping extension 'colcon_notification.desktop_notification.notify_send': Could not find 'notify-send'
[11.650s] INFO:colcon.colcon_core.plugin_system:Skipping extension 'colcon_notification.desktop_notification.terminal_notifier': Not used on non-Darwin systems
[11.650s] INFO:colcon.colcon_core.plugin_system:Skipping extension 'colcon_notification.desktop_notification.win32': Not used on non-Windows systems
[11.650s] INFO:colcon.colcon_notification.desktop_notification:Sending desktop notification using 'notify2'
[11.651s] DEBUG:colcon.colcon_notification.desktop_notification.notify2:Failed to initialize notify2: org.freedesktop.DBus.Error.FileNotFound: Failed to connect to socket /run/user/1000/bus: No such file or directory
[11.651s] DEBUG:colcon.colcon_core.event_reactor:joined thread
[11.651s] INFO:colcon.colcon_core.shell:Creating prefix script '/home/ibrahim/BinPicking/install/local_setup.ps1'
[11.653s] INFO:colcon.colcon_core.shell:Creating prefix util module '/home/ibrahim/BinPicking/install/_local_setup_util_ps1.py'
[11.654s] INFO:colcon.colcon_core.shell:Creating prefix chain script '/home/ibrahim/BinPicking/install/setup.ps1'
[11.656s] INFO:colcon.colcon_core.shell:Creating prefix script '/home/ibrahim/BinPicking/install/local_setup.sh'
[11.656s] INFO:colcon.colcon_core.shell:Creating prefix util module '/home/ibrahim/BinPicking/install/_local_setup_util_sh.py'
[11.657s] INFO:colcon.colcon_core.shell:Creating prefix chain script '/home/ibrahim/BinPicking/install/setup.sh'
[11.658s] INFO:colcon.colcon_core.shell:Creating prefix script '/home/ibrahim/BinPicking/install/local_setup.bash'
[11.659s] INFO:colcon.colcon_core.shell:Creating prefix chain script '/home/ibrahim/BinPicking/install/setup.bash'
[11.660s] INFO:colcon.colcon_core.shell:Creating prefix script '/home/ibrahim/BinPicking/install/local_setup.zsh'
[11.661s] INFO:colcon.colcon_core.shell:Creating prefix chain script '/home/ibrahim/BinPicking/install/setup.zsh'
