[0.029s] Invoking command in '/home/ibrahim/BinPicking/build/bin_nodes': CMAKE_PREFIX_PATH=${CMAKE_PREFIX_PATH}:/home/ibrahim/RobotArm/install/main_arm_package:/home/ibrahim/RobotArm/install/action_interfaces:/opt/ros/humble /usr/bin/cmake /home/ibrahim/BinPicking/src/bin_nodes -DCMAKE_INSTALL_PREFIX=/home/ibrahim/BinPicking/install/bin_nodes
[0.342s] -- The C compiler identification is GNU 11.4.0
[1.142s] -- The CXX compiler identification is GNU 11.4.0
[1.676s] -- Detecting C compiler ABI info
[1.891s] -- Detecting C compiler ABI info - done
[1.897s] -- Check for working C compiler: /usr/bin/cc - skipped
[1.898s] -- Detecting C compile features
[1.899s] -- Detecting C compile features - done
[1.904s] -- Detecting CXX compiler ABI info
[2.120s] -- Detecting CXX compiler ABI info - done
[2.126s] -- Check for working CXX compiler: /usr/bin/c++ - skipped
[2.127s] -- Detecting CXX compile features
[2.127s] -- Detecting CXX compile features - done
[2.147s] -- Found ament_cmake: 1.3.14 (/opt/ros/humble/share/ament_cmake/cmake)
[2.311s] -- Found Python3: /usr/bin/python3 (found version "3.10.12") found components: Interpreter 
[2.483s] -- Found ament_lint_auto: 0.12.15 (/opt/ros/humble/share/ament_lint_auto/cmake)
[2.596s] -- Added test 'cppcheck' to perform static code analysis on C / C++ code
[2.596s] -- Configured cppcheck include dirs: $<BUILD_INTERFACE:/home/ibrahim/BinPicking/src/bin_nodes/include>
[2.597s] -- Configured cppcheck exclude dirs and/or files: 
[2.598s] -- Added test 'flake8' to check Python code syntax and style conventions
[2.601s] -- Added test 'lint_cmake' to check CMake code style
[2.603s] -- Added test 'pep257' to check Python code against some of the docstring style conventions in PEP 257
[2.606s] -- Added test 'uncrustify' to check C / C++ code style
[2.607s] -- Configured uncrustify additional arguments: 
[2.608s] -- Added test 'xmllint' to check XML markup files
[2.612s] -- Configuring done
[2.622s] -- Generating done
[2.626s] -- Build files have been written to: /home/ibrahim/BinPicking/build/bin_nodes
[2.634s] Invoked command in '/home/ibrahim/BinPicking/build/bin_nodes' returned '0': CMAKE_PREFIX_PATH=${CMAKE_PREFIX_PATH}:/home/ibrahim/RobotArm/install/main_arm_package:/home/ibrahim/RobotArm/install/action_interfaces:/opt/ros/humble /usr/bin/cmake /home/ibrahim/BinPicking/src/bin_nodes -DCMAKE_INSTALL_PREFIX=/home/ibrahim/BinPicking/install/bin_nodes
[2.636s] Invoking command in '/home/ibrahim/BinPicking/build/bin_nodes': CMAKE_PREFIX_PATH=${CMAKE_PREFIX_PATH}:/home/ibrahim/RobotArm/install/main_arm_package:/home/ibrahim/RobotArm/install/action_interfaces:/opt/ros/humble /usr/bin/cmake --build /home/ibrahim/BinPicking/build/bin_nodes -- -j16 -l16
[2.698s] [ 50%] [32mBuilding CXX object CMakeFiles/MoveArm.dir/src/MoveArm.cpp.o[0m
[2.757s] [100%] [32m[1mLinking CXX executable MoveArm[0m
[2.901s] [100%] Built target MoveArm
[2.916s] Invoked command in '/home/ibrahim/BinPicking/build/bin_nodes' returned '0': CMAKE_PREFIX_PATH=${CMAKE_PREFIX_PATH}:/home/ibrahim/RobotArm/install/main_arm_package:/home/ibrahim/RobotArm/install/action_interfaces:/opt/ros/humble /usr/bin/cmake --build /home/ibrahim/BinPicking/build/bin_nodes -- -j16 -l16
[2.930s] Invoking command in '/home/ibrahim/BinPicking/build/bin_nodes': CMAKE_PREFIX_PATH=${CMAKE_PREFIX_PATH}:/home/ibrahim/RobotArm/install/main_arm_package:/home/ibrahim/RobotArm/install/action_interfaces:/opt/ros/humble /usr/bin/cmake --install /home/ibrahim/BinPicking/build/bin_nodes
[2.939s] -- Install configuration: ""
[2.940s] -- Installing: /home/ibrahim/BinPicking/install/bin_nodes/lib/bin_nodes/MoveArm
[2.940s] -- Installing: /home/ibrahim/BinPicking/install/bin_nodes/share/bin_nodes/launch
[2.942s] -- Installing: /home/ibrahim/BinPicking/install/bin_nodes/share/bin_nodes/launch/display.launch.py
[2.942s] -- Installing: /home/ibrahim/BinPicking/install/bin_nodes/share/bin_nodes/urdf
[2.943s] -- Installing: /home/ibrahim/BinPicking/install/bin_nodes/share/bin_nodes/urdf/robot.urdf
[2.943s] -- Installing: /home/ibrahim/BinPicking/install/bin_nodes/share/bin_nodes/rviz
[2.944s] -- Installing: /home/ibrahim/BinPicking/install/bin_nodes/share/bin_nodes/rviz/model.rviz
[2.946s] -- Installing: /home/ibrahim/BinPicking/install/bin_nodes/share/ament_index/resource_index/package_run_dependencies/bin_nodes
[2.946s] -- Installing: /home/ibrahim/BinPicking/install/bin_nodes/share/ament_index/resource_index/parent_prefix_path/bin_nodes
[2.947s] -- Installing: /home/ibrahim/BinPicking/install/bin_nodes/share/bin_nodes/environment/ament_prefix_path.sh
[2.947s] -- Installing: /home/ibrahim/BinPicking/install/bin_nodes/share/bin_nodes/environment/ament_prefix_path.dsv
[2.947s] -- Installing: /home/ibrahim/BinPicking/install/bin_nodes/share/bin_nodes/environment/path.sh
[2.948s] -- Installing: /home/ibrahim/BinPicking/install/bin_nodes/share/bin_nodes/environment/path.dsv
[2.948s] -- Installing: /home/ibrahim/BinPicking/install/bin_nodes/share/bin_nodes/local_setup.bash
[2.948s] -- Installing: /home/ibrahim/BinPicking/install/bin_nodes/share/bin_nodes/local_setup.sh
[2.949s] -- Installing: /home/ibrahim/BinPicking/install/bin_nodes/share/bin_nodes/local_setup.zsh
[2.949s] -- Installing: /home/ibrahim/BinPicking/install/bin_nodes/share/bin_nodes/local_setup.dsv
[2.949s] -- Installing: /home/ibrahim/BinPicking/install/bin_nodes/share/bin_nodes/package.dsv
[2.950s] -- Installing: /home/ibrahim/BinPicking/install/bin_nodes/share/ament_index/resource_index/packages/bin_nodes
[2.950s] -- Installing: /home/ibrahim/BinPicking/install/bin_nodes/share/bin_nodes/cmake/bin_nodesConfig.cmake
[2.951s] -- Installing: /home/ibrahim/BinPicking/install/bin_nodes/share/bin_nodes/cmake/bin_nodesConfig-version.cmake
[2.951s] -- Installing: /home/ibrahim/BinPicking/install/bin_nodes/share/bin_nodes/package.xml
[2.955s] Invoked command in '/home/ibrahim/BinPicking/build/bin_nodes' returned '0': CMAKE_PREFIX_PATH=${CMAKE_PREFIX_PATH}:/home/ibrahim/RobotArm/install/main_arm_package:/home/ibrahim/RobotArm/install/action_interfaces:/opt/ros/humble /usr/bin/cmake --install /home/ibrahim/BinPicking/build/bin_nodes
