[0.209s] DEBUG:colcon:Command line arguments: ['/usr/bin/colcon', 'build']
[0.209s] DEBUG:colcon:Parsed command line arguments: Namespace(log_base=None, log_level=None, verb_name='build', build_base='build', install_base='install', merge_install=False, symlink_install=False, test_result_base=None, continue_on_error=False, executor='parallel', parallel_workers=16, event_handlers=None, ignore_user_meta=False, metas=['./colcon.meta'], base_paths=['.'], packages_ignore=None, packages_ignore_regex=None, paths=None, packages_up_to=None, packages_up_to_regex=None, packages_above=None, packages_above_and_dependencies=None, packages_above_depth=None, packages_select_by_dep=None, packages_skip_by_dep=None, packages_skip_up_to=None, packages_select_build_failed=False, packages_skip_build_finished=False, packages_select_test_failures=False, packages_skip_test_passed=False, packages_select=None, packages_skip=None, packages_select_regex=None, packages_skip_regex=None, packages_start=None, packages_end=None, allow_overriding=[], cmake_args=None, cmake_target=None, cmake_target_skip_unavailable=False, cmake_clean_cache=False, cmake_clean_first=False, cmake_force_configure=False, ament_cmake_args=None, catkin_cmake_args=None, catkin_skip_building_tests=False, verb_parser=<colcon_defaults.argument_parser.defaults.DefaultArgumentsDecorator object at 0x758f9f254ee0>, verb_extension=<colcon_core.verb.build.BuildVerb object at 0x758f9f254910>, main=<bound method BuildVerb.main of <colcon_core.verb.build.BuildVerb object at 0x758f9f254910>>)
[0.353s] Level 1:colcon.colcon_core.package_discovery:discover_packages(colcon_meta) check parameters
[0.353s] Level 1:colcon.colcon_core.package_discovery:discover_packages(recursive) check parameters
[0.353s] Level 1:colcon.colcon_core.package_discovery:discover_packages(ignore) check parameters
[0.353s] Level 1:colcon.colcon_core.package_discovery:discover_packages(path) check parameters
[0.353s] Level 1:colcon.colcon_core.package_discovery:discover_packages(colcon_meta) discover
[0.353s] Level 1:colcon.colcon_core.package_discovery:discover_packages(recursive) discover
[0.353s] INFO:colcon.colcon_core.package_discovery:Crawling recursively for packages in '/home/ibrahim/BinPicking'
[0.353s] Level 1:colcon.colcon_core.package_identification:_identify(.) by extensions ['ignore', 'ignore_ament_install']
[0.353s] Level 1:colcon.colcon_core.package_identification:_identify(.) by extension 'ignore'
[0.353s] Level 1:colcon.colcon_core.package_identification:_identify(.) by extension 'ignore_ament_install'
[0.353s] Level 1:colcon.colcon_core.package_identification:_identify(.) by extensions ['colcon_pkg']
[0.353s] Level 1:colcon.colcon_core.package_identification:_identify(.) by extension 'colcon_pkg'
[0.353s] Level 1:colcon.colcon_core.package_identification:_identify(.) by extensions ['colcon_meta']
[0.353s] Level 1:colcon.colcon_core.package_identification:_identify(.) by extension 'colcon_meta'
[0.353s] Level 1:colcon.colcon_core.package_identification:_identify(.) by extensions ['ros']
[0.353s] Level 1:colcon.colcon_core.package_identification:_identify(.) by extension 'ros'
[0.363s] Level 1:colcon.colcon_core.package_identification:_identify(.) by extensions ['cmake', 'python']
[0.363s] Level 1:colcon.colcon_core.package_identification:_identify(.) by extension 'cmake'
[0.363s] Level 1:colcon.colcon_core.package_identification:_identify(.) by extension 'python'
[0.363s] Level 1:colcon.colcon_core.package_identification:_identify(.) by extensions ['python_setup_py']
[0.363s] Level 1:colcon.colcon_core.package_identification:_identify(.) by extension 'python_setup_py'
[0.363s] Level 1:colcon.colcon_core.package_identification:_identify(build) by extensions ['ignore', 'ignore_ament_install']
[0.363s] Level 1:colcon.colcon_core.package_identification:_identify(build) by extension 'ignore'
[0.363s] Level 1:colcon.colcon_core.package_identification:_identify(build) ignored
[0.363s] Level 1:colcon.colcon_core.package_identification:_identify(install) by extensions ['ignore', 'ignore_ament_install']
[0.363s] Level 1:colcon.colcon_core.package_identification:_identify(install) by extension 'ignore'
[0.363s] Level 1:colcon.colcon_core.package_identification:_identify(install) ignored
[0.363s] Level 1:colcon.colcon_core.package_identification:_identify(log) by extensions ['ignore', 'ignore_ament_install']
[0.363s] Level 1:colcon.colcon_core.package_identification:_identify(log) by extension 'ignore'
[0.364s] Level 1:colcon.colcon_core.package_identification:_identify(log) ignored
[0.364s] Level 1:colcon.colcon_core.package_identification:_identify(src) by extensions ['ignore', 'ignore_ament_install']
[0.364s] Level 1:colcon.colcon_core.package_identification:_identify(src) by extension 'ignore'
[0.364s] Level 1:colcon.colcon_core.package_identification:_identify(src) by extension 'ignore_ament_install'
[0.364s] Level 1:colcon.colcon_core.package_identification:_identify(src) by extensions ['colcon_pkg']
[0.364s] Level 1:colcon.colcon_core.package_identification:_identify(src) by extension 'colcon_pkg'
[0.364s] Level 1:colcon.colcon_core.package_identification:_identify(src) by extensions ['colcon_meta']
[0.364s] Level 1:colcon.colcon_core.package_identification:_identify(src) by extension 'colcon_meta'
[0.364s] Level 1:colcon.colcon_core.package_identification:_identify(src) by extensions ['ros']
[0.364s] Level 1:colcon.colcon_core.package_identification:_identify(src) by extension 'ros'
[0.364s] Level 1:colcon.colcon_core.package_identification:_identify(src) by extensions ['cmake', 'python']
[0.364s] Level 1:colcon.colcon_core.package_identification:_identify(src) by extension 'cmake'
[0.364s] Level 1:colcon.colcon_core.package_identification:_identify(src) by extension 'python'
[0.364s] Level 1:colcon.colcon_core.package_identification:_identify(src) by extensions ['python_setup_py']
[0.364s] Level 1:colcon.colcon_core.package_identification:_identify(src) by extension 'python_setup_py'
[0.364s] Level 1:colcon.colcon_core.package_identification:_identify(src/bin_nodes) by extensions ['ignore', 'ignore_ament_install']
[0.364s] Level 1:colcon.colcon_core.package_identification:_identify(src/bin_nodes) by extension 'ignore'
[0.365s] Level 1:colcon.colcon_core.package_identification:_identify(src/bin_nodes) by extension 'ignore_ament_install'
[0.365s] Level 1:colcon.colcon_core.package_identification:_identify(src/bin_nodes) by extensions ['colcon_pkg']
[0.365s] Level 1:colcon.colcon_core.package_identification:_identify(src/bin_nodes) by extension 'colcon_pkg'
[0.365s] Level 1:colcon.colcon_core.package_identification:_identify(src/bin_nodes) by extensions ['colcon_meta']
[0.365s] Level 1:colcon.colcon_core.package_identification:_identify(src/bin_nodes) by extension 'colcon_meta'
[0.365s] Level 1:colcon.colcon_core.package_identification:_identify(src/bin_nodes) by extensions ['ros']
[0.365s] Level 1:colcon.colcon_core.package_identification:_identify(src/bin_nodes) by extension 'ros'
[0.367s] DEBUG:colcon.colcon_core.package_identification:Package 'src/bin_nodes' with type 'ros.ament_cmake' and name 'bin_nodes'
[0.367s] Level 1:colcon.colcon_core.package_identification:_identify(src/build) by extensions ['ignore', 'ignore_ament_install']
[0.367s] Level 1:colcon.colcon_core.package_identification:_identify(src/build) by extension 'ignore'
[0.367s] Level 1:colcon.colcon_core.package_identification:_identify(src/build) ignored
[0.367s] Level 1:colcon.colcon_core.package_identification:_identify(src/install) by extensions ['ignore', 'ignore_ament_install']
[0.367s] Level 1:colcon.colcon_core.package_identification:_identify(src/install) by extension 'ignore'
[0.368s] Level 1:colcon.colcon_core.package_identification:_identify(src/install) ignored
[0.368s] Level 1:colcon.colcon_core.package_identification:_identify(src/log) by extensions ['ignore', 'ignore_ament_install']
[0.368s] Level 1:colcon.colcon_core.package_identification:_identify(src/log) by extension 'ignore'
[0.368s] Level 1:colcon.colcon_core.package_identification:_identify(src/log) ignored
[0.368s] Level 1:colcon.colcon_core.package_identification:_identify(src/moveit_config) by extensions ['ignore', 'ignore_ament_install']
[0.368s] Level 1:colcon.colcon_core.package_identification:_identify(src/moveit_config) by extension 'ignore'
[0.368s] Level 1:colcon.colcon_core.package_identification:_identify(src/moveit_config) by extension 'ignore_ament_install'
[0.368s] Level 1:colcon.colcon_core.package_identification:_identify(src/moveit_config) by extensions ['colcon_pkg']
[0.368s] Level 1:colcon.colcon_core.package_identification:_identify(src/moveit_config) by extension 'colcon_pkg'
[0.368s] Level 1:colcon.colcon_core.package_identification:_identify(src/moveit_config) by extensions ['colcon_meta']
[0.368s] Level 1:colcon.colcon_core.package_identification:_identify(src/moveit_config) by extension 'colcon_meta'
[0.368s] Level 1:colcon.colcon_core.package_identification:_identify(src/moveit_config) by extensions ['ros']
[0.368s] Level 1:colcon.colcon_core.package_identification:_identify(src/moveit_config) by extension 'ros'
[0.369s] DEBUG:colcon.colcon_core.package_identification:Package 'src/moveit_config' with type 'ros.ament_cmake' and name 'moveit_config'
[0.369s] Level 1:colcon.colcon_core.package_discovery:discover_packages(recursive) using defaults
[0.369s] Level 1:colcon.colcon_core.package_discovery:discover_packages(ignore) discover
[0.369s] Level 1:colcon.colcon_core.package_discovery:discover_packages(ignore) using defaults
[0.369s] Level 1:colcon.colcon_core.package_discovery:discover_packages(path) discover
[0.370s] Level 1:colcon.colcon_core.package_discovery:discover_packages(path) using defaults
[0.403s] Level 1:colcon.colcon_core.package_discovery:discover_packages(prefix_path) check parameters
[0.403s] Level 1:colcon.colcon_core.package_discovery:discover_packages(prefix_path) discover
[0.405s] DEBUG:colcon.colcon_installed_package_information.package_discovery:Found 2 installed packages in /home/ibrahim/BinPicking/install
[0.406s] DEBUG:colcon.colcon_installed_package_information.package_discovery:Found 2 installed packages in /home/ibrahim/MoveItArm/install
[0.407s] DEBUG:colcon.colcon_installed_package_information.package_discovery:Found 2 installed packages in /home/ibrahim/RobotArmExpanded/install
[0.408s] DEBUG:colcon.colcon_installed_package_information.package_discovery:Found 2 installed packages in /home/ibrahim/RobotArm/install
[0.408s] DEBUG:colcon.colcon_installed_package_information.package_discovery:Found 1 installed packages in /home/ibrahim/TF2Sample/install
[0.408s] DEBUG:colcon.colcon_installed_package_information.package_discovery:Found 2 installed packages in /home/ibrahim/RobotNav/install
[0.409s] DEBUG:colcon.colcon_installed_package_information.package_discovery:Found 1 installed packages in /home/ibrahim/RobotMonitor/install
[0.409s] DEBUG:colcon.colcon_installed_package_information.package_discovery:Found 2 installed packages in /home/ibrahim/ros2_ws/install
[0.411s] DEBUG:colcon.colcon_installed_package_information.package_discovery:Found 449 installed packages in /opt/ros/humble
[0.413s] Level 1:colcon.colcon_core.package_discovery:discover_packages(prefix_path) using defaults
[0.460s] Level 5:colcon.colcon_core.verb:set package 'bin_nodes' build argument 'cmake_args' from command line to 'None'
[0.460s] Level 5:colcon.colcon_core.verb:set package 'bin_nodes' build argument 'cmake_target' from command line to 'None'
[0.460s] Level 5:colcon.colcon_core.verb:set package 'bin_nodes' build argument 'cmake_target_skip_unavailable' from command line to 'False'
[0.460s] Level 5:colcon.colcon_core.verb:set package 'bin_nodes' build argument 'cmake_clean_cache' from command line to 'False'
[0.460s] Level 5:colcon.colcon_core.verb:set package 'bin_nodes' build argument 'cmake_clean_first' from command line to 'False'
[0.460s] Level 5:colcon.colcon_core.verb:set package 'bin_nodes' build argument 'cmake_force_configure' from command line to 'False'
[0.460s] Level 5:colcon.colcon_core.verb:set package 'bin_nodes' build argument 'ament_cmake_args' from command line to 'None'
[0.460s] Level 5:colcon.colcon_core.verb:set package 'bin_nodes' build argument 'catkin_cmake_args' from command line to 'None'
[0.460s] Level 5:colcon.colcon_core.verb:set package 'bin_nodes' build argument 'catkin_skip_building_tests' from command line to 'False'
[0.461s] DEBUG:colcon.colcon_core.verb:Building package 'bin_nodes' with the following arguments: {'ament_cmake_args': None, 'build_base': '/home/ibrahim/BinPicking/build/bin_nodes', 'catkin_cmake_args': None, 'catkin_skip_building_tests': False, 'cmake_args': None, 'cmake_clean_cache': False, 'cmake_clean_first': False, 'cmake_force_configure': False, 'cmake_target': None, 'cmake_target_skip_unavailable': False, 'install_base': '/home/ibrahim/BinPicking/install/bin_nodes', 'merge_install': False, 'path': '/home/ibrahim/BinPicking/src/bin_nodes', 'symlink_install': False, 'test_result_base': None}
[0.461s] Level 5:colcon.colcon_core.verb:set package 'moveit_config' build argument 'cmake_args' from command line to 'None'
[0.461s] Level 5:colcon.colcon_core.verb:set package 'moveit_config' build argument 'cmake_target' from command line to 'None'
[0.461s] Level 5:colcon.colcon_core.verb:set package 'moveit_config' build argument 'cmake_target_skip_unavailable' from command line to 'False'
[0.461s] Level 5:colcon.colcon_core.verb:set package 'moveit_config' build argument 'cmake_clean_cache' from command line to 'False'
[0.461s] Level 5:colcon.colcon_core.verb:set package 'moveit_config' build argument 'cmake_clean_first' from command line to 'False'
[0.461s] Level 5:colcon.colcon_core.verb:set package 'moveit_config' build argument 'cmake_force_configure' from command line to 'False'
[0.461s] Level 5:colcon.colcon_core.verb:set package 'moveit_config' build argument 'ament_cmake_args' from command line to 'None'
[0.461s] Level 5:colcon.colcon_core.verb:set package 'moveit_config' build argument 'catkin_cmake_args' from command line to 'None'
[0.461s] Level 5:colcon.colcon_core.verb:set package 'moveit_config' build argument 'catkin_skip_building_tests' from command line to 'False'
[0.461s] DEBUG:colcon.colcon_core.verb:Building package 'moveit_config' with the following arguments: {'ament_cmake_args': None, 'build_base': '/home/ibrahim/BinPicking/build/moveit_config', 'catkin_cmake_args': None, 'catkin_skip_building_tests': False, 'cmake_args': None, 'cmake_clean_cache': False, 'cmake_clean_first': False, 'cmake_force_configure': False, 'cmake_target': None, 'cmake_target_skip_unavailable': False, 'install_base': '/home/ibrahim/BinPicking/install/moveit_config', 'merge_install': False, 'path': '/home/ibrahim/BinPicking/src/moveit_config', 'symlink_install': False, 'test_result_base': None}
[0.461s] INFO:colcon.colcon_core.executor:Executing jobs using 'parallel' executor
[0.463s] DEBUG:colcon.colcon_parallel_executor.executor.parallel:run_until_complete
[0.463s] INFO:colcon.colcon_ros.task.ament_cmake.build:Building ROS package in '/home/ibrahim/BinPicking/src/bin_nodes' with build type 'ament_cmake'
[0.463s] INFO:colcon.colcon_cmake.task.cmake.build:Building CMake package in '/home/ibrahim/BinPicking/src/bin_nodes'
[0.466s] INFO:colcon.colcon_core.plugin_system:Skipping extension 'colcon_core.shell.bat': Not used on non-Windows systems
[0.466s] INFO:colcon.colcon_core.shell:Skip shell extension 'powershell' for command environment: Not usable outside of PowerShell
[0.466s] DEBUG:colcon.colcon_core.shell:Skip shell extension 'dsv' for command environment
[0.485s] DEBUG:colcon.colcon_core.event_handler.log_command:Invoking command in '/home/ibrahim/BinPicking/build/bin_nodes': CMAKE_PREFIX_PATH=${CMAKE_PREFIX_PATH}:/home/ibrahim/RobotArm/install/main_arm_package:/home/ibrahim/RobotArm/install/action_interfaces:/opt/ros/humble /usr/bin/cmake --build /home/ibrahim/BinPicking/build/bin_nodes -- -j16 -l16
[14.451s] DEBUG:colcon.colcon_core.event_handler.log_command:Invoked command in '/home/ibrahim/BinPicking/build/bin_nodes' returned '0': CMAKE_PREFIX_PATH=${CMAKE_PREFIX_PATH}:/home/ibrahim/RobotArm/install/main_arm_package:/home/ibrahim/RobotArm/install/action_interfaces:/opt/ros/humble /usr/bin/cmake --build /home/ibrahim/BinPicking/build/bin_nodes -- -j16 -l16
[14.466s] DEBUG:colcon.colcon_core.event_handler.log_command:Invoking command in '/home/ibrahim/BinPicking/build/bin_nodes': CMAKE_PREFIX_PATH=${CMAKE_PREFIX_PATH}:/home/ibrahim/RobotArm/install/main_arm_package:/home/ibrahim/RobotArm/install/action_interfaces:/opt/ros/humble /usr/bin/cmake --install /home/ibrahim/BinPicking/build/bin_nodes
[14.487s] Level 1:colcon.colcon_core.environment:create_environment_scripts_only(bin_nodes)
[14.488s] DEBUG:colcon.colcon_core.event_handler.log_command:Invoked command in '/home/ibrahim/BinPicking/build/bin_nodes' returned '0': CMAKE_PREFIX_PATH=${CMAKE_PREFIX_PATH}:/home/ibrahim/RobotArm/install/main_arm_package:/home/ibrahim/RobotArm/install/action_interfaces:/opt/ros/humble /usr/bin/cmake --install /home/ibrahim/BinPicking/build/bin_nodes
[14.491s] Level 1:colcon.colcon_core.environment:checking '/home/ibrahim/BinPicking/install/bin_nodes' for CMake module files
[14.492s] Level 1:colcon.colcon_core.environment:checking '/home/ibrahim/BinPicking/install/bin_nodes' for CMake config files
[14.493s] Level 1:colcon.colcon_core.shell:create_environment_hook('bin_nodes', 'cmake_prefix_path')
[14.493s] INFO:colcon.colcon_core.shell:Creating environment hook '/home/ibrahim/BinPicking/install/bin_nodes/share/bin_nodes/hook/cmake_prefix_path.ps1'
[14.494s] INFO:colcon.colcon_core.shell:Creating environment descriptor '/home/ibrahim/BinPicking/install/bin_nodes/share/bin_nodes/hook/cmake_prefix_path.dsv'
[14.494s] INFO:colcon.colcon_core.shell:Creating environment hook '/home/ibrahim/BinPicking/install/bin_nodes/share/bin_nodes/hook/cmake_prefix_path.sh'
[14.495s] Level 1:colcon.colcon_core.environment:checking '/home/ibrahim/BinPicking/install/bin_nodes/lib'
[14.495s] Level 1:colcon.colcon_core.environment:checking '/home/ibrahim/BinPicking/install/bin_nodes/bin'
[14.496s] Level 1:colcon.colcon_core.environment:checking '/home/ibrahim/BinPicking/install/bin_nodes/lib/pkgconfig/bin_nodes.pc'
[14.496s] Level 1:colcon.colcon_core.environment:checking '/home/ibrahim/BinPicking/install/bin_nodes/lib/python3.10/site-packages'
[14.496s] Level 1:colcon.colcon_core.environment:checking '/home/ibrahim/BinPicking/install/bin_nodes/bin'
[14.497s] INFO:colcon.colcon_core.shell:Creating package script '/home/ibrahim/BinPicking/install/bin_nodes/share/bin_nodes/package.ps1'
[14.498s] INFO:colcon.colcon_core.shell:Creating package descriptor '/home/ibrahim/BinPicking/install/bin_nodes/share/bin_nodes/package.dsv'
[14.499s] INFO:colcon.colcon_core.shell:Creating package script '/home/ibrahim/BinPicking/install/bin_nodes/share/bin_nodes/package.sh'
[14.500s] INFO:colcon.colcon_core.shell:Creating package script '/home/ibrahim/BinPicking/install/bin_nodes/share/bin_nodes/package.bash'
[14.500s] INFO:colcon.colcon_core.shell:Creating package script '/home/ibrahim/BinPicking/install/bin_nodes/share/bin_nodes/package.zsh'
[14.501s] Level 1:colcon.colcon_core.environment:create_file_with_runtime_dependencies(/home/ibrahim/BinPicking/install/bin_nodes/share/colcon-core/packages/bin_nodes)
[14.503s] Level 1:colcon.colcon_core.environment:create_environment_scripts_only(bin_nodes)
[14.503s] Level 1:colcon.colcon_core.environment:checking '/home/ibrahim/BinPicking/install/bin_nodes' for CMake module files
[14.504s] Level 1:colcon.colcon_core.environment:checking '/home/ibrahim/BinPicking/install/bin_nodes' for CMake config files
[14.505s] Level 1:colcon.colcon_core.shell:create_environment_hook('bin_nodes', 'cmake_prefix_path')
[14.505s] INFO:colcon.colcon_core.shell:Creating environment hook '/home/ibrahim/BinPicking/install/bin_nodes/share/bin_nodes/hook/cmake_prefix_path.ps1'
[14.506s] INFO:colcon.colcon_core.shell:Creating environment descriptor '/home/ibrahim/BinPicking/install/bin_nodes/share/bin_nodes/hook/cmake_prefix_path.dsv'
[14.506s] INFO:colcon.colcon_core.shell:Creating environment hook '/home/ibrahim/BinPicking/install/bin_nodes/share/bin_nodes/hook/cmake_prefix_path.sh'
[14.507s] Level 1:colcon.colcon_core.environment:checking '/home/ibrahim/BinPicking/install/bin_nodes/lib'
[14.507s] Level 1:colcon.colcon_core.environment:checking '/home/ibrahim/BinPicking/install/bin_nodes/bin'
[14.507s] Level 1:colcon.colcon_core.environment:checking '/home/ibrahim/BinPicking/install/bin_nodes/lib/pkgconfig/bin_nodes.pc'
[14.507s] Level 1:colcon.colcon_core.environment:checking '/home/ibrahim/BinPicking/install/bin_nodes/lib/python3.10/site-packages'
[14.508s] Level 1:colcon.colcon_core.environment:checking '/home/ibrahim/BinPicking/install/bin_nodes/bin'
[14.508s] INFO:colcon.colcon_core.shell:Creating package script '/home/ibrahim/BinPicking/install/bin_nodes/share/bin_nodes/package.ps1'
[14.509s] INFO:colcon.colcon_core.shell:Creating package descriptor '/home/ibrahim/BinPicking/install/bin_nodes/share/bin_nodes/package.dsv'
[14.509s] INFO:colcon.colcon_core.shell:Creating package script '/home/ibrahim/BinPicking/install/bin_nodes/share/bin_nodes/package.sh'
[14.510s] INFO:colcon.colcon_core.shell:Creating package script '/home/ibrahim/BinPicking/install/bin_nodes/share/bin_nodes/package.bash'
[14.510s] INFO:colcon.colcon_core.shell:Creating package script '/home/ibrahim/BinPicking/install/bin_nodes/share/bin_nodes/package.zsh'
[14.511s] Level 1:colcon.colcon_core.environment:create_file_with_runtime_dependencies(/home/ibrahim/BinPicking/install/bin_nodes/share/colcon-core/packages/bin_nodes)
[14.511s] INFO:colcon.colcon_ros.task.ament_cmake.build:Building ROS package in '/home/ibrahim/BinPicking/src/moveit_config' with build type 'ament_cmake'
[14.512s] INFO:colcon.colcon_cmake.task.cmake.build:Building CMake package in '/home/ibrahim/BinPicking/src/moveit_config'
[14.512s] INFO:colcon.colcon_core.shell:Skip shell extension 'powershell' for command environment: Not usable outside of PowerShell
[14.512s] DEBUG:colcon.colcon_core.shell:Skip shell extension 'dsv' for command environment
[14.581s] DEBUG:colcon.colcon_core.event_handler.log_command:Invoking command in '/home/ibrahim/BinPicking/build/moveit_config': CMAKE_PREFIX_PATH=/home/ibrahim/BinPicking/install/bin_nodes:/home/ibrahim/BinPicking/install/moveit_config:/home/ibrahim/RobotArmExpanded/install/main_arm_package:/home/ibrahim/RobotArmExpanded/install/action_interfaces:/home/ibrahim/MoveItArm/install/moveit_config:/home/ibrahim/MoveItArm/install/moveit_arm_package:/home/ibrahim/TF2Sample/install/tf2sim:/home/ibrahim/RobotNav/install/main_robot_nodes:/home/ibrahim/RobotNav/install/action_interfaces:/home/ibrahim/RobotMonitor/install/Robot3Node_Package:/home/ibrahim/ros2_ws/install/my_first_package:/home/ibrahim/ros2_ws/install/action_interfaces:/home/ibrahim/RobotArm/install/main_arm_package:/home/ibrahim/RobotArm/install/action_interfaces:/opt/ros/humble /usr/bin/cmake --build /home/ibrahim/BinPicking/build/moveit_config -- -j16 -l16
[14.635s] DEBUG:colcon.colcon_core.event_handler.log_command:Invoked command in '/home/ibrahim/BinPicking/build/moveit_config' returned '0': CMAKE_PREFIX_PATH=/home/ibrahim/BinPicking/install/bin_nodes:/home/ibrahim/BinPicking/install/moveit_config:/home/ibrahim/RobotArmExpanded/install/main_arm_package:/home/ibrahim/RobotArmExpanded/install/action_interfaces:/home/ibrahim/MoveItArm/install/moveit_config:/home/ibrahim/MoveItArm/install/moveit_arm_package:/home/ibrahim/TF2Sample/install/tf2sim:/home/ibrahim/RobotNav/install/main_robot_nodes:/home/ibrahim/RobotNav/install/action_interfaces:/home/ibrahim/RobotMonitor/install/Robot3Node_Package:/home/ibrahim/ros2_ws/install/my_first_package:/home/ibrahim/ros2_ws/install/action_interfaces:/home/ibrahim/RobotArm/install/main_arm_package:/home/ibrahim/RobotArm/install/action_interfaces:/opt/ros/humble /usr/bin/cmake --build /home/ibrahim/BinPicking/build/moveit_config -- -j16 -l16
[14.638s] DEBUG:colcon.colcon_core.event_handler.log_command:Invoking command in '/home/ibrahim/BinPicking/build/moveit_config': CMAKE_PREFIX_PATH=/home/ibrahim/BinPicking/install/bin_nodes:/home/ibrahim/BinPicking/install/moveit_config:/home/ibrahim/RobotArmExpanded/install/main_arm_package:/home/ibrahim/RobotArmExpanded/install/action_interfaces:/home/ibrahim/MoveItArm/install/moveit_config:/home/ibrahim/MoveItArm/install/moveit_arm_package:/home/ibrahim/TF2Sample/install/tf2sim:/home/ibrahim/RobotNav/install/main_robot_nodes:/home/ibrahim/RobotNav/install/action_interfaces:/home/ibrahim/RobotMonitor/install/Robot3Node_Package:/home/ibrahim/ros2_ws/install/my_first_package:/home/ibrahim/ros2_ws/install/action_interfaces:/home/ibrahim/RobotArm/install/main_arm_package:/home/ibrahim/RobotArm/install/action_interfaces:/opt/ros/humble /usr/bin/cmake --install /home/ibrahim/BinPicking/build/moveit_config
[14.654s] Level 1:colcon.colcon_core.environment:create_environment_scripts_only(moveit_config)
[14.655s] Level 1:colcon.colcon_core.environment:checking '/home/ibrahim/BinPicking/install/moveit_config' for CMake module files
[14.658s] DEBUG:colcon.colcon_core.event_handler.log_command:Invoked command in '/home/ibrahim/BinPicking/build/moveit_config' returned '0': CMAKE_PREFIX_PATH=/home/ibrahim/BinPicking/install/bin_nodes:/home/ibrahim/BinPicking/install/moveit_config:/home/ibrahim/RobotArmExpanded/install/main_arm_package:/home/ibrahim/RobotArmExpanded/install/action_interfaces:/home/ibrahim/MoveItArm/install/moveit_config:/home/ibrahim/MoveItArm/install/moveit_arm_package:/home/ibrahim/TF2Sample/install/tf2sim:/home/ibrahim/RobotNav/install/main_robot_nodes:/home/ibrahim/RobotNav/install/action_interfaces:/home/ibrahim/RobotMonitor/install/Robot3Node_Package:/home/ibrahim/ros2_ws/install/my_first_package:/home/ibrahim/ros2_ws/install/action_interfaces:/home/ibrahim/RobotArm/install/main_arm_package:/home/ibrahim/RobotArm/install/action_interfaces:/opt/ros/humble /usr/bin/cmake --install /home/ibrahim/BinPicking/build/moveit_config
[14.658s] Level 1:colcon.colcon_core.environment:checking '/home/ibrahim/BinPicking/install/moveit_config' for CMake config files
[14.659s] Level 1:colcon.colcon_core.shell:create_environment_hook('moveit_config', 'cmake_prefix_path')
[14.659s] INFO:colcon.colcon_core.shell:Creating environment hook '/home/ibrahim/BinPicking/install/moveit_config/share/moveit_config/hook/cmake_prefix_path.ps1'
[14.660s] INFO:colcon.colcon_core.shell:Creating environment descriptor '/home/ibrahim/BinPicking/install/moveit_config/share/moveit_config/hook/cmake_prefix_path.dsv'
[14.660s] INFO:colcon.colcon_core.shell:Creating environment hook '/home/ibrahim/BinPicking/install/moveit_config/share/moveit_config/hook/cmake_prefix_path.sh'
[14.661s] Level 1:colcon.colcon_core.environment:checking '/home/ibrahim/BinPicking/install/moveit_config/bin'
[14.661s] Level 1:colcon.colcon_core.environment:checking '/home/ibrahim/BinPicking/install/moveit_config/lib/pkgconfig/moveit_config.pc'
[14.661s] Level 1:colcon.colcon_core.environment:checking '/home/ibrahim/BinPicking/install/moveit_config/lib/python3.10/site-packages'
[14.662s] Level 1:colcon.colcon_core.environment:checking '/home/ibrahim/BinPicking/install/moveit_config/bin'
[14.662s] INFO:colcon.colcon_core.shell:Creating package script '/home/ibrahim/BinPicking/install/moveit_config/share/moveit_config/package.ps1'
[14.663s] INFO:colcon.colcon_core.shell:Creating package descriptor '/home/ibrahim/BinPicking/install/moveit_config/share/moveit_config/package.dsv'
[14.663s] INFO:colcon.colcon_core.shell:Creating package script '/home/ibrahim/BinPicking/install/moveit_config/share/moveit_config/package.sh'
[14.664s] INFO:colcon.colcon_core.shell:Creating package script '/home/ibrahim/BinPicking/install/moveit_config/share/moveit_config/package.bash'
[14.664s] INFO:colcon.colcon_core.shell:Creating package script '/home/ibrahim/BinPicking/install/moveit_config/share/moveit_config/package.zsh'
[14.665s] Level 1:colcon.colcon_core.environment:create_file_with_runtime_dependencies(/home/ibrahim/BinPicking/install/moveit_config/share/colcon-core/packages/moveit_config)
[14.666s] Level 1:colcon.colcon_core.environment:create_environment_scripts_only(moveit_config)
[14.666s] Level 1:colcon.colcon_core.environment:checking '/home/ibrahim/BinPicking/install/moveit_config' for CMake module files
[14.666s] Level 1:colcon.colcon_core.environment:checking '/home/ibrahim/BinPicking/install/moveit_config' for CMake config files
[14.667s] Level 1:colcon.colcon_core.shell:create_environment_hook('moveit_config', 'cmake_prefix_path')
[14.667s] INFO:colcon.colcon_core.shell:Creating environment hook '/home/ibrahim/BinPicking/install/moveit_config/share/moveit_config/hook/cmake_prefix_path.ps1'
[14.667s] INFO:colcon.colcon_core.shell:Creating environment descriptor '/home/ibrahim/BinPicking/install/moveit_config/share/moveit_config/hook/cmake_prefix_path.dsv'
[14.668s] INFO:colcon.colcon_core.shell:Creating environment hook '/home/ibrahim/BinPicking/install/moveit_config/share/moveit_config/hook/cmake_prefix_path.sh'
[14.669s] Level 1:colcon.colcon_core.environment:checking '/home/ibrahim/BinPicking/install/moveit_config/bin'
[14.669s] Level 1:colcon.colcon_core.environment:checking '/home/ibrahim/BinPicking/install/moveit_config/lib/pkgconfig/moveit_config.pc'
[14.669s] Level 1:colcon.colcon_core.environment:checking '/home/ibrahim/BinPicking/install/moveit_config/lib/python3.10/site-packages'
[14.669s] Level 1:colcon.colcon_core.environment:checking '/home/ibrahim/BinPicking/install/moveit_config/bin'
[14.669s] INFO:colcon.colcon_core.shell:Creating package script '/home/ibrahim/BinPicking/install/moveit_config/share/moveit_config/package.ps1'
[14.670s] INFO:colcon.colcon_core.shell:Creating package descriptor '/home/ibrahim/BinPicking/install/moveit_config/share/moveit_config/package.dsv'
[14.670s] INFO:colcon.colcon_core.shell:Creating package script '/home/ibrahim/BinPicking/install/moveit_config/share/moveit_config/package.sh'
[14.671s] INFO:colcon.colcon_core.shell:Creating package script '/home/ibrahim/BinPicking/install/moveit_config/share/moveit_config/package.bash'
[14.671s] INFO:colcon.colcon_core.shell:Creating package script '/home/ibrahim/BinPicking/install/moveit_config/share/moveit_config/package.zsh'
[14.672s] Level 1:colcon.colcon_core.environment:create_file_with_runtime_dependencies(/home/ibrahim/BinPicking/install/moveit_config/share/colcon-core/packages/moveit_config)
[14.673s] DEBUG:colcon.colcon_parallel_executor.executor.parallel:closing loop
[14.674s] DEBUG:colcon.colcon_parallel_executor.executor.parallel:loop closed
[14.674s] DEBUG:colcon.colcon_parallel_executor.executor.parallel:run_until_complete finished with '0'
[14.674s] DEBUG:colcon.colcon_core.event_reactor:joining thread
[14.734s] INFO:colcon.colcon_core.plugin_system:Skipping extension 'colcon_notification.desktop_notification.notify_send': Could not find 'notify-send'
[14.735s] INFO:colcon.colcon_core.plugin_system:Skipping extension 'colcon_notification.desktop_notification.terminal_notifier': Not used on non-Darwin systems
[14.735s] INFO:colcon.colcon_core.plugin_system:Skipping extension 'colcon_notification.desktop_notification.win32': Not used on non-Windows systems
[14.735s] INFO:colcon.colcon_notification.desktop_notification:Sending desktop notification using 'notify2'
[14.735s] DEBUG:colcon.colcon_notification.desktop_notification.notify2:Failed to initialize notify2: org.freedesktop.DBus.Error.FileNotFound: Failed to connect to socket /run/user/1000/bus: No such file or directory
[14.735s] DEBUG:colcon.colcon_core.event_reactor:joined thread
[14.736s] INFO:colcon.colcon_core.shell:Creating prefix script '/home/ibrahim/BinPicking/install/local_setup.ps1'
[14.738s] INFO:colcon.colcon_core.shell:Creating prefix util module '/home/ibrahim/BinPicking/install/_local_setup_util_ps1.py'
[14.739s] INFO:colcon.colcon_core.shell:Creating prefix chain script '/home/ibrahim/BinPicking/install/setup.ps1'
[14.741s] INFO:colcon.colcon_core.shell:Creating prefix script '/home/ibrahim/BinPicking/install/local_setup.sh'
[14.741s] INFO:colcon.colcon_core.shell:Creating prefix util module '/home/ibrahim/BinPicking/install/_local_setup_util_sh.py'
[14.742s] INFO:colcon.colcon_core.shell:Creating prefix chain script '/home/ibrahim/BinPicking/install/setup.sh'
[14.744s] INFO:colcon.colcon_core.shell:Creating prefix script '/home/ibrahim/BinPicking/install/local_setup.bash'
[14.744s] INFO:colcon.colcon_core.shell:Creating prefix chain script '/home/ibrahim/BinPicking/install/setup.bash'
[14.746s] INFO:colcon.colcon_core.shell:Creating prefix script '/home/ibrahim/BinPicking/install/local_setup.zsh'
[14.747s] INFO:colcon.colcon_core.shell:Creating prefix chain script '/home/ibrahim/BinPicking/install/setup.zsh'
