[100%] Built target MoveArm
-- Install configuration: ""
-- Up-to-date: /home/ibrahim/BinPicking/src/install/bin_nodes/lib/bin_nodes/MoveArm
-- Up-to-date: /home/ibrahim/BinPicking/src/install/bin_nodes/share/bin_nodes/launch
-- Up-to-date: /home/ibrahim/BinPicking/src/install/bin_nodes/share/bin_nodes/launch/display.launch.py
-- Up-to-date: /home/ibrahim/BinPicking/src/install/bin_nodes/share/bin_nodes/urdf
-- Installing: /home/ibrahim/BinPicking/src/install/bin_nodes/share/bin_nodes/urdf/robot.urdf
-- Up-to-date: /home/ibrahim/BinPicking/src/install/bin_nodes/share/bin_nodes/rviz
-- Up-to-date: /home/ibrahim/BinPicking/src/install/bin_nodes/share/bin_nodes/rviz/model.rviz
-- Up-to-date: /home/ibrahim/BinPicking/src/install/bin_nodes/share/ament_index/resource_index/package_run_dependencies/bin_nodes
-- Up-to-date: /home/ibrahim/BinPicking/src/install/bin_nodes/share/ament_index/resource_index/parent_prefix_path/bin_nodes
-- Up-to-date: /home/ibrahim/BinPicking/src/install/bin_nodes/share/bin_nodes/environment/ament_prefix_path.sh
-- Up-to-date: /home/ibrahim/BinPicking/src/install/bin_nodes/share/bin_nodes/environment/ament_prefix_path.dsv
-- Up-to-date: /home/ibrahim/BinPicking/src/install/bin_nodes/share/bin_nodes/environment/path.sh
-- Up-to-date: /home/ibrahim/BinPicking/src/install/bin_nodes/share/bin_nodes/environment/path.dsv
-- Up-to-date: /home/ibrahim/BinPicking/src/install/bin_nodes/share/bin_nodes/local_setup.bash
-- Up-to-date: /home/ibrahim/BinPicking/src/install/bin_nodes/share/bin_nodes/local_setup.sh
-- Up-to-date: /home/ibrahim/BinPicking/src/install/bin_nodes/share/bin_nodes/local_setup.zsh
-- Up-to-date: /home/ibrahim/BinPicking/src/install/bin_nodes/share/bin_nodes/local_setup.dsv
-- Up-to-date: /home/ibrahim/BinPicking/src/install/bin_nodes/share/bin_nodes/package.dsv
-- Up-to-date: /home/ibrahim/BinPicking/src/install/bin_nodes/share/ament_index/resource_index/packages/bin_nodes
-- Up-to-date: /home/ibrahim/BinPicking/src/install/bin_nodes/share/bin_nodes/cmake/bin_nodesConfig.cmake
-- Up-to-date: /home/ibrahim/BinPicking/src/install/bin_nodes/share/bin_nodes/cmake/bin_nodesConfig-version.cmake
-- Up-to-date: /home/ibrahim/BinPicking/src/install/bin_nodes/share/bin_nodes/package.xml
