[35m[1mConsolidate compiler generated dependencies of target MoveArm[0m
[ 50%] [32mBuilding CXX object CMakeFiles/MoveArm.dir/src/MoveArm.cpp.o[0m
[01m[K/home/ibrahim/BinPicking/src/bin_nodes/src/MoveArm.cpp:[m[K In function ‘[01m[Kint main(int, char**)[m[K’:
[01m[K/home/ibrahim/BinPicking/src/bin_nodes/src/MoveArm.cpp:57:8:[m[K [01;35m[Kwarning: [m[Kvariable ‘[01m[KgoToJointAngles[m[K’ set but not used [[01;35m[K]8;;https://gcc.gnu.org/onlinedocs/gcc/Warning-Options.html#index-Wunused-but-set-variable-Wunused-but-set-variable]8;;[m[K]
   57 |   auto [01;35m[KgoToJointAngles[m[K= [&](){
      |        [01;35m[K^~~~~~~~~~~~~~~[m[K
[01m[K/home/ibrahim/BinPicking/src/bin_nodes/src/MoveArm.cpp:64:8:[m[K [01;35m[Kwarning: [m[Kvariable ‘[01m[KgoToPosition[m[K’ set but not used [[01;35m[K]8;;https://gcc.gnu.org/onlinedocs/gcc/Warning-Options.html#index-Wunused-but-set-variable-Wunused-but-set-variable]8;;[m[K]
   64 |   auto [01;35m[KgoToPosition[m[K= [&](){
      |        [01;35m[K^~~~~~~~~~~~[m[K
[100%] [32m[1mLinking CXX executable MoveArm[0m
[100%] Built target MoveArm
-- Install configuration: ""
-- Installing: /home/ibrahim/BinPicking/install/bin_nodes/lib/bin_nodes/MoveArm
-- Set runtime path of "/home/ibrahim/BinPicking/install/bin_nodes/lib/bin_nodes/MoveArm" to ""
-- Up-to-date: /home/ibrahim/BinPicking/install/bin_nodes/share/bin_nodes/launch
-- Up-to-date: /home/ibrahim/BinPicking/install/bin_nodes/share/bin_nodes/launch/display.launch.py
-- Up-to-date: /home/ibrahim/BinPicking/install/bin_nodes/share/bin_nodes/urdf
-- Up-to-date: /home/ibrahim/BinPicking/install/bin_nodes/share/bin_nodes/urdf/robot.urdf
-- Up-to-date: /home/ibrahim/BinPicking/install/bin_nodes/share/bin_nodes/rviz
-- Up-to-date: /home/ibrahim/BinPicking/install/bin_nodes/share/bin_nodes/rviz/model.rviz
-- Up-to-date: /home/ibrahim/BinPicking/install/bin_nodes/share/ament_index/resource_index/package_run_dependencies/bin_nodes
-- Up-to-date: /home/ibrahim/BinPicking/install/bin_nodes/share/ament_index/resource_index/parent_prefix_path/bin_nodes
-- Up-to-date: /home/ibrahim/BinPicking/install/bin_nodes/share/bin_nodes/environment/ament_prefix_path.sh
-- Up-to-date: /home/ibrahim/BinPicking/install/bin_nodes/share/bin_nodes/environment/ament_prefix_path.dsv
-- Up-to-date: /home/ibrahim/BinPicking/install/bin_nodes/share/bin_nodes/environment/path.sh
-- Up-to-date: /home/ibrahim/BinPicking/install/bin_nodes/share/bin_nodes/environment/path.dsv
-- Up-to-date: /home/ibrahim/BinPicking/install/bin_nodes/share/bin_nodes/local_setup.bash
-- Up-to-date: /home/ibrahim/BinPicking/install/bin_nodes/share/bin_nodes/local_setup.sh
-- Up-to-date: /home/ibrahim/BinPicking/install/bin_nodes/share/bin_nodes/local_setup.zsh
-- Up-to-date: /home/ibrahim/BinPicking/install/bin_nodes/share/bin_nodes/local_setup.dsv
-- Installing: /home/ibrahim/BinPicking/install/bin_nodes/share/bin_nodes/package.dsv
-- Up-to-date: /home/ibrahim/BinPicking/install/bin_nodes/share/ament_index/resource_index/packages/bin_nodes
-- Up-to-date: /home/ibrahim/BinPicking/install/bin_nodes/share/bin_nodes/cmake/bin_nodesConfig.cmake
-- Up-to-date: /home/ibrahim/BinPicking/install/bin_nodes/share/bin_nodes/cmake/bin_nodesConfig-version.cmake
-- Up-to-date: /home/ibrahim/BinPicking/install/bin_nodes/share/bin_nodes/package.xml
